Archive member included to satisfy reference by file (symbol)

C:\Program Files (x86)\GNU Tools ARM Embedded\5.4 2016q3\lib\gcc\arm-none-eabi\5.4.1\armv7-ar\thumb\libgcc.a(_arm_addsubdf3.o)
                              ..\obj\main.o (__aeabi_f2d)
C:\Program Files (x86)\GNU Tools ARM Embedded\5.4 2016q3\lib\gcc\arm-none-eabi\5.4.1\armv7-ar\thumb\libgcc.a(_arm_fixunsdfsi.o)
                              ..\obj\GPS_parsing.o (__aeabi_d2uiz)
C:\Program Files (x86)\GNU Tools ARM Embedded\5.4 2016q3\lib\gcc\arm-none-eabi\5.4.1\armv7-ar\thumb\libgcc.a(_arm_truncdfsf2.o)
                              ..\obj\GPS_parsing.o (__aeabi_d2f)
C:\Program Files (x86)\GNU Tools ARM Embedded\5.4 2016q3\arm-none-eabi\lib\armv7e-m\libg.a(lib_a-atof.o)
                              ..\obj\GPS_parsing.o (atof)
C:\Program Files (x86)\GNU Tools ARM Embedded\5.4 2016q3\arm-none-eabi\lib\armv7e-m\libg.a(lib_a-atol.o)
                              ..\obj\GPS_parsing.o (atol)
C:\Program Files (x86)\GNU Tools ARM Embedded\5.4 2016q3\arm-none-eabi\lib\armv7e-m\libg.a(lib_a-malloc.o)
                              ..\obj\syscall.o (malloc)
C:\Program Files (x86)\GNU Tools ARM Embedded\5.4 2016q3\arm-none-eabi\lib\armv7e-m\libg.a(lib_a-mallocr.o)
                              C:\Program Files (x86)\GNU Tools ARM Embedded\5.4 2016q3\arm-none-eabi\lib\armv7e-m\libg.a(lib_a-malloc.o) (_malloc_r)
C:\Program Files (x86)\GNU Tools ARM Embedded\5.4 2016q3\arm-none-eabi\lib\armv7e-m\libg.a(lib_a-memcpy.o)
                              ..\obj\queue.o (memcpy)
C:\Program Files (x86)\GNU Tools ARM Embedded\5.4 2016q3\arm-none-eabi\lib\armv7e-m\libg.a(lib_a-memset.o)
                              ..\obj\tasks.o (memset)
C:\Program Files (x86)\GNU Tools ARM Embedded\5.4 2016q3\arm-none-eabi\lib\armv7e-m\libg.a(lib_a-mlock.o)
                              C:\Program Files (x86)\GNU Tools ARM Embedded\5.4 2016q3\arm-none-eabi\lib\armv7e-m\libg.a(lib_a-mallocr.o) (__malloc_lock)
C:\Program Files (x86)\GNU Tools ARM Embedded\5.4 2016q3\arm-none-eabi\lib\armv7e-m\libg.a(lib_a-sbrkr.o)
                              C:\Program Files (x86)\GNU Tools ARM Embedded\5.4 2016q3\arm-none-eabi\lib\armv7e-m\libg.a(lib_a-mallocr.o) (_sbrk_r)
C:\Program Files (x86)\GNU Tools ARM Embedded\5.4 2016q3\arm-none-eabi\lib\armv7e-m\libg.a(lib_a-strchr.o)
                              ..\obj\GPS_parsing.o (strchr)
C:\Program Files (x86)\GNU Tools ARM Embedded\5.4 2016q3\arm-none-eabi\lib\armv7e-m\libg.a(lib_a-strncpy.o)
                              ..\obj\GPS_parsing.o (strncpy)
C:\Program Files (x86)\GNU Tools ARM Embedded\5.4 2016q3\arm-none-eabi\lib\armv7e-m\libg.a(lib_a-strstr.o)
                              ..\obj\GPS_parsing.o (strstr)
C:\Program Files (x86)\GNU Tools ARM Embedded\5.4 2016q3\arm-none-eabi\lib\armv7e-m\libg.a(lib_a-strtod.o)
                              C:\Program Files (x86)\GNU Tools ARM Embedded\5.4 2016q3\arm-none-eabi\lib\armv7e-m\libg.a(lib_a-atof.o) (strtod)
C:\Program Files (x86)\GNU Tools ARM Embedded\5.4 2016q3\arm-none-eabi\lib\armv7e-m\libg.a(lib_a-strtol.o)
                              C:\Program Files (x86)\GNU Tools ARM Embedded\5.4 2016q3\arm-none-eabi\lib\armv7e-m\libg.a(lib_a-atol.o) (_strtol_r)
C:\Program Files (x86)\GNU Tools ARM Embedded\5.4 2016q3\arm-none-eabi\lib\armv7e-m\libg.a(lib_a-freer.o)
                              C:\Program Files (x86)\GNU Tools ARM Embedded\5.4 2016q3\arm-none-eabi\lib\armv7e-m\libg.a(lib_a-malloc.o) (_free_r)
C:\Program Files (x86)\GNU Tools ARM Embedded\5.4 2016q3\arm-none-eabi\lib\armv7e-m\libg.a(lib_a-gdtoa-gethex.o)
                              C:\Program Files (x86)\GNU Tools ARM Embedded\5.4 2016q3\arm-none-eabi\lib\armv7e-m\libg.a(lib_a-strtod.o) (__gethex)
C:\Program Files (x86)\GNU Tools ARM Embedded\5.4 2016q3\arm-none-eabi\lib\armv7e-m\libg.a(lib_a-gdtoa-hexnan.o)
                              C:\Program Files (x86)\GNU Tools ARM Embedded\5.4 2016q3\arm-none-eabi\lib\armv7e-m\libg.a(lib_a-strtod.o) (__match)
C:\Program Files (x86)\GNU Tools ARM Embedded\5.4 2016q3\arm-none-eabi\lib\armv7e-m\libg.a(lib_a-impure.o)
                              C:\Program Files (x86)\GNU Tools ARM Embedded\5.4 2016q3\arm-none-eabi\lib\armv7e-m\libg.a(lib_a-malloc.o) (_impure_ptr)
C:\Program Files (x86)\GNU Tools ARM Embedded\5.4 2016q3\arm-none-eabi\lib\armv7e-m\libg.a(lib_a-locale.o)
                              C:\Program Files (x86)\GNU Tools ARM Embedded\5.4 2016q3\arm-none-eabi\lib\armv7e-m\libg.a(lib_a-strtol.o) (__locale_ctype_ptr_l)
C:\Program Files (x86)\GNU Tools ARM Embedded\5.4 2016q3\arm-none-eabi\lib\armv7e-m\libg.a(lib_a-localeconv.o)
                              C:\Program Files (x86)\GNU Tools ARM Embedded\5.4 2016q3\arm-none-eabi\lib\armv7e-m\libg.a(lib_a-strtod.o) (__localeconv_l)
C:\Program Files (x86)\GNU Tools ARM Embedded\5.4 2016q3\arm-none-eabi\lib\armv7e-m\libg.a(lib_a-mbtowc_r.o)
[...]
Memory Configuration

Name             Origin             Length             Attributes
rom              0x08000000         0x00100000         xr
ram              0x20000000         0x00020000         xrw
ram1             0x10000000         0x00010000         xrw
*default*        0x00000000         0xffffffff

Linker script and memory map

LOAD C:\Program Files (x86)\GNU Tools ARM Embedded\5.4 2016q3\lib\gcc\arm-none-eabi\5.4.1\armv7-ar\thumb\libgcc.a
LOAD C:\Program Files (x86)\GNU Tools ARM Embedded\5.4 2016q3\arm-none-eabi\lib\armv7e-m\libc.a
LOAD C:\Program Files (x86)\GNU Tools ARM Embedded\5.4 2016q3\arm-none-eabi\lib\armv7e-m\libm.a
                0x20020000                _eram = 0x20020000

.text           0x08000000     0x90f2
 *(.isr_vector .isr_vector.*)
 .isr_vector    0x08000000      0x188 ..\obj\startup_stm32f4xx(1).o
                0x08000000                g_pfnVectors
 *(.text .text.* .gnu.linkonce.t.*)
 .text.ff_convert
                0x08000188       0x78 ..\obj\unicode.o
                0x08000188                ff_convert
 .text.ff_wtoupper
                0x08000200       0x5c ..\obj\unicode.o
                0x08000200                ff_wtoupper
 .text.USART_Init
                0x0800025c      0x174 ..\obj\stm32f4xx_usart.o
                0x0800025c                USART_Init
 .text.USART_Cmd
                0x080003d0       0x40 ..\obj\stm32f4xx_usart.o
                0x080003d0                USART_Cmd
 .text.USART_SendData
                0x08000410       0x24 ..\obj\stm32f4xx_usart.o
                0x08000410                USART_SendData
 .text.USART_GetFlagStatus
                0x08000434       0x38 ..\obj\stm32f4xx_usart.o
                0x08000434                USART_GetFlagStatus
 .text.disk_initialize
                0x0800046c       0x2c ..\obj\diskio.o
                0x0800046c                disk_initialize
 .text.disk_status
                0x08000498       0x24 ..\obj\diskio.o
                0x08000498                disk_status
 .text.disk_read
                0x080004bc       0x5c ..\obj\diskio.o
                0x080004bc                disk_read
 .text.disk_write
                0x08000518       0x5c ..\obj\diskio.o
                0x08000518                disk_write
 .text.disk_ioctl
                0x08000574       0xc0 ..\obj\diskio.o
                0x08000574                disk_ioctl
 .text.get_fattime
                0x08000634       0x10 ..\obj\diskio.o
                0x08000634                get_fattime
 .text.SPI_Send
                0x08000644       0x78 ..\obj\main.o
 .text.myCAMSaveToSDFile
                0x080006bc      0x114 ..\obj\main.o
                0x080006bc                myCAMSaveToSDFile
 .text.vTaskReadWeightSensorData
                0x080007d0       0x68 ..\obj\main.o
                0x080007d0                vTaskReadWeightSensorData
 .text.vTaskArducamCapture
                0x08000838       0x7c ..\obj\main.o
                0x08000838                vTaskArducamCapture
 .text.main     0x080008b4      0x16c ..\obj\main.o
                0x080008b4                main
 .text.RCC_GetClocksFreq
                0x08000a20      0x154 ..\obj\stm32f4xx_rcc.o
                0x08000a20                RCC_GetClocksFreq
 .text.RCC_AHB1PeriphClockCmd
                0x08000b74       0x40 ..\obj\stm32f4xx_rcc.o
                0x08000b74                RCC_AHB1PeriphClockCmd
 .text.RCC_APB1PeriphClockCmd
                0x08000bb4       0x40 ..\obj\stm32f4xx_rcc.o
                0x08000bb4                RCC_APB1PeriphClockCmd
 .text.RCC_APB2PeriphClockCmd
                0x08000bf4       0x40 ..\obj\stm32f4xx_rcc.o
                0x08000bf4                RCC_APB2PeriphClockCmd
 .text.RCC_APB1PeriphResetCmd
                0x08000c34       0x40 ..\obj\stm32f4xx_rcc.o
                0x08000c34                RCC_APB1PeriphResetCmd
 .text.RCC_APB2PeriphResetCmd
                0x08000c74       0x40 ..\obj\stm32f4xx_rcc.o
                0x08000c74                RCC_APB2PeriphResetCmd
 .text.xTimerCreateTimerTask
                0x08000cb4       0x58 ..\obj\timers.o
                0x08000cb4                xTimerCreateTimerTask
 .text.xTimerGenericCommand
                0x08000d0c       0x80 ..\obj\timers.o
                0x08000d0c                xTimerGenericCommand
 .text.prvProcessExpiredTimer
                0x08000d8c       0x70 ..\obj\timers.o
 .text.prvTimerTask
                0x08000dfc       0x24 ..\obj\timers.o
 .text.prvProcessTimerOrBlockTask
                0x08000e20       0x6c ..\obj\timers.o
 .text.prvGetNextExpireTime
                0x08000e8c       0x48 ..\obj\timers.o
 .text.prvSampleTimeNow
                0x08000ed4       0x40 ..\obj\timers.o
 .text.prvInsertTimerInActiveList
                0x08000f14       0x84 ..\obj\timers.o
 .text.prvProcessReceivedCommands
                0x08000f98       0xec ..\obj\timers.o
 .text.prvSwitchTimerLists
                0x08001084       0xb4 ..\obj\timers.o
 .text.prvCheckForValidListAndQueue
                0x08001138       0x7c ..\obj\timers.o
 .text.Pi_comm_init
                0x080011b4       0x80 ..\obj\Pi_comm.o
                0x080011b4                Pi_comm_init
 .text.Pi_sendBuf
                0x08001234       0x50 ..\obj\Pi_comm.o
                0x08001234                Pi_sendBuf
 .text.Pi_PassengerDetected
                0x08001284       0x2c ..\obj\Pi_comm.o
                0x08001284                Pi_PassengerDetected
 .text.xTaskGenericCreate
                0x080012b0      0x168 ..\obj\tasks.o
                0x080012b0                xTaskGenericCreate
 .text.vTaskDelayUntil
                0x08001418       0xc4 ..\obj\tasks.o
                0x08001418                vTaskDelayUntil
 .text.vTaskStartScheduler
                0x080014dc       0x70 ..\obj\tasks.o
                0x080014dc                vTaskStartScheduler
 .text.vTaskSuspendAll
                0x0800154c       0x1c ..\obj\tasks.o
                0x0800154c                vTaskSuspendAll
 .text.xTaskResumeAll
                0x08001568      0x10c ..\obj\tasks.o
                0x08001568                xTaskResumeAll
 .text.xTaskGetTickCount
                0x08001674       0x24 ..\obj\tasks.o
                0x08001674                xTaskGetTickCount
 .text.xTaskIncrementTick
                0x08001698      0x170 ..\obj\tasks.o
                0x08001698                xTaskIncrementTick
 .text.vTaskSwitchContext
                0x08001808       0xa4 ..\obj\tasks.o
                0x08001808                vTaskSwitchContext
 .text.vTaskPlaceOnEventList
                0x080018ac       0x6c ..\obj\tasks.o
                0x080018ac                vTaskPlaceOnEventList
 .text.vTaskPlaceOnEventListRestricted
                0x08001918       0x50 ..\obj\tasks.o
                0x08001918                vTaskPlaceOnEventListRestricted
 .text.xTaskRemoveFromEventList
                0x08001968       0xb8 ..\obj\tasks.o
                0x08001968                xTaskRemoveFromEventList
 .text.vTaskSetTimeOutState
                0x08001a20       0x34 ..\obj\tasks.o
                0x08001a20                vTaskSetTimeOutState
 .text.xTaskCheckForTimeOut
                0x08001a54       0xa0 ..\obj\tasks.o
                0x08001a54                xTaskCheckForTimeOut
 .text.vTaskMissedYield
                0x08001af4       0x18 ..\obj\tasks.o
                0x08001af4                vTaskMissedYield
 .text.prvIdleTask
                0x08001b0c       0x20 ..\obj\tasks.o
 .text.prvInitialiseTCBVariables
                0x08001b2c       0x94 ..\obj\tasks.o
 .text.prvInitialiseTaskLists
                0x08001bc0       0x80 ..\obj\tasks.o
 .text.prvCheckTasksWaitingTermination
                0x08001c40       0x78 ..\obj\tasks.o
 .text.prvAddCurrentTaskToDelayedList
                0x08001cb8       0x6c ..\obj\tasks.o
 .text.prvAllocateTCBAndStack
                0x08001d24       0x64 ..\obj\tasks.o
 .text.prvDeleteTCB
                0x08001d88       0x20 ..\obj\tasks.o
 .text.prvResetNextTaskUnblockTime
                0x08001da8       0x4c ..\obj\tasks.o
 .text.xTaskGetCurrentTaskHandle
                0x08001df4       0x20 ..\obj\tasks.o
                0x08001df4                xTaskGetCurrentTaskHandle
 .text.xTaskGetSchedulerState
                0x08001e14       0x3c ..\obj\tasks.o
                0x08001e14                xTaskGetSchedulerState
 .text.vTaskPriorityInherit
                0x08001e50       0xbc ..\obj\tasks.o
                0x08001e50                vTaskPriorityInherit
 .text.vTaskPriorityDisinherit
                0x08001f0c       0x84 ..\obj\tasks.o
                0x08001f0c                vTaskPriorityDisinherit
 .text.ff_memalloc
                0x08001f90       0x18 ..\obj\syscall.o
                0x08001f90                ff_memalloc
 .text.ff_memfree
                0x08001fa8       0x18 ..\obj\syscall.o
                0x08001fa8                ff_memfree
 .text._sbrk    0x08001fc0       0x40 ..\obj\syscalls(3).o
                0x08001fc0                _sbrk
 .text.GPIO_Init
                0x08002000      0x11c ..\obj\stm32f4xx_gpio.o
                0x08002000                GPIO_Init
 .text.GPIO_SetBits
                0x0800211c       0x20 ..\obj\stm32f4xx_gpio.o
                0x0800211c                GPIO_SetBits
 .text.GPIO_ResetBits
                0x0800213c       0x20 ..\obj\stm32f4xx_gpio.o
                0x0800213c                GPIO_ResetBits
 .text.GPIO_WriteBit
                0x0800215c       0x30 ..\obj\stm32f4xx_gpio.o
                0x0800215c                GPIO_WriteBit
 .text.GPIO_PinAFConfig
                0x0800218c       0x94 ..\obj\stm32f4xx_gpio.o
                0x0800218c                GPIO_PinAFConfig
 .text.vListInitialise
                0x08002220       0x40 ..\obj\list.o
                0x08002220                vListInitialise
 .text.vListInitialiseItem
                0x08002260       0x1c ..\obj\list.o
                0x08002260                vListInitialiseItem
 .text.vListInsertEnd
                0x0800227c       0x48 ..\obj\list.o
                0x0800227c                vListInsertEnd
 .text.vListInsert
                0x080022c4       0x74 ..\obj\list.o
                0x080022c4                vListInsert
 .text.uxListRemove
                0x08002338       0x54 ..\obj\list.o
                0x08002338                uxListRemove
 .text.SPI_Send
                0x0800238c       0x78 ..\obj\arducam.o
 .text.InitCAMPins
                0x08002404      0x170 ..\obj\arducam.o
                0x08002404                InitCAMPins
 .text.get_bit  0x08002574       0x30 ..\obj\arducam.o
                0x08002574                get_bit
 .text.flush_fifo
                0x080025a4       0x10 ..\obj\arducam.o
                0x080025a4                flush_fifo
 .text.start_capture
                0x080025b4       0x10 ..\obj\arducam.o
                0x080025b4                start_capture
 .text.clear_fifo_flag
                0x080025c4       0x10 ..\obj\arducam.o
                0x080025c4                clear_fifo_flag
 .text.set_fifo_burst
                0x080025d4       0x14 ..\obj\arducam.o
                0x080025d4                set_fifo_burst
 .text.selCAM   0x080025e8       0x18 ..\obj\arducam.o
                0x080025e8                selCAM
 .text.deselCAM
                0x08002600       0x18 ..\obj\arducam.o
                0x08002600                deselCAM
 .text.bus_write
                0x08002618       0x38 ..\obj\arducam.o
                0x08002618                bus_write
 .text.bus_read
                0x08002650       0x3c ..\obj\arducam.o
                0x08002650                bus_read
 .text.write_reg
                0x0800268c       0x2c ..\obj\arducam.o
                0x0800268c                write_reg
 .text.read_reg
                0x080026b8       0x24 ..\obj\arducam.o
                0x080026b8                read_reg
 .text.wrSensorReg8_8
                0x080026dc       0xa8 ..\obj\arducam.o
                0x080026dc                wrSensorReg8_8
 .text.wrSensorRegs8_8
                0x08002784       0x74 ..\obj\arducam.o
                0x08002784                wrSensorRegs8_8
 .text.InitCAM  0x080027f8       0x70 ..\obj\arducam.o
                0x080027f8                InitCAM
 .text.pxPortInitialiseStack
                0x08002868       0x64 ..\obj\port.o
                0x08002868                pxPortInitialiseStack
 .text.prvTaskExitError
                0x080028cc       0x20 ..\obj\port.o
 .text.SVC_Handler
                0x080028ec       0x24 ..\obj\port.o
                0x080028ec                SVC_Handler
 .text.prvPortStartFirstTask
                0x08002910       0x20 ..\obj\port.o
 .text.xPortStartScheduler
                0x08002930       0xd0 ..\obj\port.o
                0x08002930                xPortStartScheduler
 .text.vPortYield
                0x08002a00       0x24 ..\obj\port.o
                0x08002a00                vPortYield
 .text.vPortEnterCritical
                0x08002a24       0x24 ..\obj\port.o
                0x08002a24                vPortEnterCritical
 .text.vPortExitCritical
                0x08002a48       0x34 ..\obj\port.o
                0x08002a48                vPortExitCritical
 .text.ulPortSetInterruptMask
                0x08002a7c       0x14 ..\obj\port.o
                0x08002a7c                ulPortSetInterruptMask
 .text.vPortClearInterruptMask
                0x08002a90        0x8 ..\obj\port.o
                0x08002a90                vPortClearInterruptMask
 .text.PendSV_Handler
                0x08002a98       0x5c ..\obj\port.o
                0x08002a98                PendSV_Handler
 .text.SysTick_Handler
                0x08002af4       0x28 ..\obj\port.o
                0x08002af4                SysTick_Handler
 .text.vPortSetupTimerInterrupt
                0x08002b1c       0x38 ..\obj\port.o
                0x08002b1c                vPortSetupTimerInterrupt
 .text.vPortEnableVFP
                0x08002b54       0x14 ..\obj\port.o
 .text.vPortValidateInterruptPriority
                0x08002b68       0x5c ..\obj\port.o
                0x08002b68                vPortValidateInterruptPriority
 .text.xQueueGenericReset
                0x08002bc4       0xb0 ..\obj\queue.o
                0x08002bc4                xQueueGenericReset
 .text.xQueueGenericCreate
                0x08002c74       0x84 ..\obj\queue.o
                0x08002c74                xQueueGenericCreate
 .text.xQueueCreateMutex
                0x08002cf8       0x90 ..\obj\queue.o
                0x08002cf8                xQueueCreateMutex
 .text.xQueueGenericSend
                0x08002d88      0x178 ..\obj\queue.o
                0x08002d88                xQueueGenericSend
 .text.xQueueGenericSendFromISR
                0x08002f00       0xd4 ..\obj\queue.o
                0x08002f00                xQueueGenericSendFromISR
 .text.xQueueGenericReceive
                0x08002fd4      0x1b8 ..\obj\queue.o
                0x08002fd4                xQueueGenericReceive
 .text.prvCopyDataToQueue
                0x0800318c       0xd0 ..\obj\queue.o
 .text.prvCopyDataFromQueue
                0x0800325c       0x4c ..\obj\queue.o
 .text.prvUnlockQueue
                0x080032a8       0x98 ..\obj\queue.o
 .text.prvIsQueueEmpty
                0x08003340       0x2c ..\obj\queue.o
 .text.prvIsQueueFull
                0x0800336c       0x30 ..\obj\queue.o
 .text.vQueueAddToRegistry
                0x0800339c       0x50 ..\obj\queue.o
                0x0800339c                vQueueAddToRegistry
 .text.vQueueWaitForMessageRestricted
                0x080033ec       0x58 ..\obj\queue.o
                0x080033ec                vQueueWaitForMessageRestricted
 .text.mem_cpy  0x08003444       0x3c ..\obj\ff.o
 .text.mem_set  0x08003480       0x34 ..\obj\ff.o
 .text.mem_cmp  0x080034b4       0x50 ..\obj\ff.o
 .text.chk_chr  0x08003504       0x38 ..\obj\ff.o
 .text.sync_window
                0x0800353c       0x88 ..\obj\ff.o
 .text.move_window
                0x080035c4       0x5c ..\obj\ff.o
 .text.sync_fs  0x08003620      0x144 ..\obj\ff.o
 .text.clust2sect
                0x08003764       0x40 ..\obj\ff.o
                0x08003764                clust2sect
 .text.get_fat  0x080037a4      0x174 ..\obj\ff.o
                0x080037a4                get_fat
 .text.put_fat  0x08003918      0x214 ..\obj\ff.o
                0x08003918                put_fat
 .text.remove_chain
                0x08003b2c       0xa8 ..\obj\ff.o
 .text.create_chain
                0x08003bd4      0x128 ..\obj\ff.o
 .text.dir_sdi  0x08003cfc      0x100 ..\obj\ff.o
 .text.dir_next
                0x08003dfc      0x1a8 ..\obj\ff.o
 .text.dir_alloc
                0x08003fa4       0x8c ..\obj\ff.o
 .text.ld_clust
                0x08004030       0x5c ..\obj\ff.o
 .text.st_clust
                0x0800408c       0x50 ..\obj\ff.o
 .text.cmp_lfn  0x080040dc       0xdc ..\obj\ff.o
 .text.fit_lfn  0x080041b8       0xec ..\obj\ff.o
 .text.gen_numname
                0x080042a4      0x11c ..\obj\ff.o
 .text.sum_sfn  0x080043c0       0x44 ..\obj\ff.o
 .text.dir_find
                0x08004404      0x168 ..\obj\ff.o
 .text.dir_register
                0x0800456c      0x200 ..\obj\ff.o
 .text.create_name
                0x0800476c      0x3f8 ..\obj\ff.o
 .text.follow_path
                0x08004b64      0x108 ..\obj\ff.o
 .text.get_ldnumber
                0x08004c6c      0x10c ..\obj\ff.o
 .text.check_fs
                0x08004d78       0xd0 ..\obj\ff.o
 .text.find_volume
                0x08004e48      0x568 ..\obj\ff.o
 .text.validate
                0x080053b0       0x5c ..\obj\ff.o
 .text.f_mount  0x0800540c       0x88 ..\obj\ff.o
                0x0800540c                f_mount
 .text.f_open   0x08005494      0x2a0 ..\obj\ff.o
                0x08005494                f_open
 .text.f_write  0x08005734      0x2dc ..\obj\ff.o
                0x08005734                f_write
 .text.f_sync   0x08005a10      0x150 ..\obj\ff.o
                0x08005a10                f_sync
 .text.f_close  0x08005b60       0x38 ..\obj\ff.o
                0x08005b60                f_close
 .text.putc_bfd
                0x08005b98       0x7c ..\obj\ff.o
 .text.f_puts   0x08005c14       0x74 ..\obj\ff.o
                0x08005c14                f_puts
 .text.Default_Reset_Handler
                0x08005c88       0x6c ..\obj\startup_stm32f4xx(1).o
                0x08005c88                Default_Reset_Handler
                0x08005c88                Reset_Handler
 .text.Default_Handler
                0x08005cf4        0x8 ..\obj\startup_stm32f4xx(1).o
                0x08005cf4                RTC_Alarm_IRQHandler
                0x08005cf4                HASH_RNG_IRQHandler
                0x08005cf4                EXTI2_IRQHandler
                0x08005cf4                TIM8_CC_IRQHandler
                0x08005cf4                DebugMon_Handler
                0x08005cf4                TIM1_CC_IRQHandler
                0x08005cf4                DMA2_Stream5_IRQHandler
                0x08005cf4                HardFault_Handler
                0x08005cf4                DMA1_Stream5_IRQHandler
                0x08005cf4                PVD_IRQHandler
                0x08005cf4                SDIO_IRQHandler
                0x08005cf4                TAMP_STAMP_IRQHandler
                0x08005cf4                NMI_Handler
                0x08005cf4                CAN2_RX1_IRQHandler
                0x08005cf4                EXTI3_IRQHandler
                0x08005cf4                TIM8_TRG_COM_TIM14_IRQHandler
                0x08005cf4                TIM1_UP_TIM10_IRQHandler
                0x08005cf4                TIM8_UP_TIM13_IRQHandler
                0x08005cf4                I2C3_ER_IRQHandler
                0x08005cf4                EXTI0_IRQHandler
                0x08005cf4                I2C2_EV_IRQHandler
                0x08005cf4                DMA1_Stream2_IRQHandler
                0x08005cf4                CAN1_RX0_IRQHandler
                0x08005cf4                FPU_IRQHandler
                0x08005cf4                OTG_HS_WKUP_IRQHandler
                0x08005cf4                UsageFault_Handler
                0x08005cf4                CAN2_SCE_IRQHandler
                0x08005cf4                DMA2_Stream2_IRQHandler
                0x08005cf4                SPI1_IRQHandler
                0x08005cf4                TIM6_DAC_IRQHandler
                0x08005cf4                TIM1_BRK_TIM9_IRQHandler
                0x08005cf4                DCMI_IRQHandler
                0x08005cf4                CAN2_RX0_IRQHandler
                0x08005cf4                DMA2_Stream3_IRQHandler
                0x08005cf4                USART6_IRQHandler
                0x08005cf4                USART3_IRQHandler
                0x08005cf4                CRYP_IRQHandler
                0x08005cf4                CAN1_RX1_IRQHandler
                0x08005cf4                UART5_IRQHandler
                0x08005cf4                DMA2_Stream0_IRQHandler
                0x08005cf4                TIM4_IRQHandler
                0x08005cf4                I2C1_EV_IRQHandler
                0x08005cf4                DMA1_Stream6_IRQHandler
                0x08005cf4                DMA1_Stream1_IRQHandler
                0x08005cf4                UART4_IRQHandler
                0x08005cf4                TIM3_IRQHandler
                0x08005cf4                RCC_IRQHandler
                0x08005cf4                TIM8_BRK_TIM12_IRQHandler
                0x08005cf4                EXTI15_10_IRQHandler
                0x08005cf4                ADC_IRQHandler
                0x08005cf4                DMA1_Stream7_IRQHandler
                0x08005cf4                TIM7_IRQHandler
                0x08005cf4                CAN2_TX_IRQHandler
                0x08005cf4                TIM5_IRQHandler
                0x08005cf4                DMA2_Stream7_IRQHandler
                0x08005cf4                I2C3_EV_IRQHandler
                0x08005cf4                EXTI9_5_IRQHandler
                0x08005cf4                RTC_WKUP_IRQHandler
                0x08005cf4                ETH_WKUP_IRQHandler
                0x08005cf4                SPI2_IRQHandler
                0x08005cf4                OTG_HS_EP1_IN_IRQHandler
                0x08005cf4                MemManage_Handler
                0x08005cf4                DMA1_Stream0_IRQHandler
                0x08005cf4                CAN1_TX_IRQHandler
                0x08005cf4                EXTI4_IRQHandler
                0x08005cf4                FSMC_IRQHandler
                0x08005cf4                ETH_IRQHandler
                0x08005cf4                OTG_HS_EP1_OUT_IRQHandler
                0x08005cf4                WWDG_IRQHandler
                0x08005cf4                TIM2_IRQHandler
                0x08005cf4                OTG_FS_WKUP_IRQHandler
                0x08005cf4                TIM1_TRG_COM_TIM11_IRQHandler
                0x08005cf4                OTG_HS_IRQHandler
                0x08005cf4                EXTI1_IRQHandler
                0x08005cf4                USART2_IRQHandler
                0x08005cf4                I2C2_ER_IRQHandler
                0x08005cf4                DMA2_Stream1_IRQHandler
                0x08005cf4                CAN1_SCE_IRQHandler
                0x08005cf4                FLASH_IRQHandler
                0x08005cf4                DMA2_Stream4_IRQHandler
                0x08005cf4                BusFault_Handler
                0x08005cf4                USART1_IRQHandler
                0x08005cf4                OTG_FS_IRQHandler
                0x08005cf4                SPI3_IRQHandler
                0x08005cf4                DMA1_Stream4_IRQHandler
                0x08005cf4                I2C1_ER_IRQHandler
                0x08005cf4                DMA2_Stream6_IRQHandler
                0x08005cf4                DMA1_Stream3_IRQHandler
 .text.STM_EVAL_SPI_Init
                0x08005cfc       0xc4 ..\obj\stm32_spi.o
                0x08005cfc                STM_EVAL_SPI_Init
 .text.STM_EVAL_SPI_Send_Recieve_Data
                0x08005dc0       0x4c ..\obj\stm32_spi.o
                0x08005dc0                STM_EVAL_SPI_Send_Recieve_Data
 .text.SPI_I2S_DeInit
                0x08005e0c       0x74 ..\obj\stm32f4xx_spi.o
                0x08005e0c                SPI_I2S_DeInit
 .text.SPI_Init
                0x08005e80       0x88 ..\obj\stm32f4xx_spi.o
                0x08005e80                SPI_Init
 .text.SPI_Cmd  0x08005f08       0x40 ..\obj\stm32f4xx_spi.o
                0x08005f08                SPI_Cmd
 .text.SPI_I2S_ReceiveData
                0x08005f48       0x1c ..\obj\stm32f4xx_spi.o
                0x08005f48                SPI_I2S_ReceiveData
 .text.SPI_I2S_SendData
                0x08005f64       0x20 ..\obj\stm32f4xx_spi.o
                0x08005f64                SPI_I2S_SendData
 .text.SPI_I2S_GetFlagStatus
                0x08005f84       0x38 ..\obj\stm32f4xx_spi.o
                0x08005f84                SPI_I2S_GetFlagStatus
 .text.SD_SendCmd
                0x08005fbc       0x9c ..\obj\stm32_sd_spi.o
 .text.SD_GetResponse4b
                0x08006058       0x50 ..\obj\stm32_sd_spi.o
 .text.SD_FixSectorSize
                0x080060a8       0x20 ..\obj\stm32_sd_spi.o
 .text.SD_WaitReady
                0x080060c8       0x34 ..\obj\stm32_sd_spi.o
 .text.SD_WaitBytesRead
                0x080060fc       0x30 ..\obj\stm32_sd_spi.o
 .text.SD_WaitBytesWritten
                0x0800612c       0x34 ..\obj\stm32_sd_spi.o
 .text.SD_WaitBytesErased
                0x08006160       0x34 ..\obj\stm32_sd_spi.o
 .text.SD_Bus_Hold
                0x08006194       0x14 ..\obj\stm32_sd_spi.o
 .text.SD_Bus_Release
                0x080061a8       0x1c ..\obj\stm32_sd_spi.o
 .text.SD_GoIdleState
                0x080061c4      0x1bc ..\obj\stm32_sd_spi.o
 .text.SD_ReceiveData
                0x08006380       0x88 ..\obj\stm32_sd_spi.o
 .text.SD_GetCSDRegister
                0x08006408      0x314 ..\obj\stm32_sd_spi.o
 .text.SD_GetCIDRegister
                0x0800671c      0x120 ..\obj\stm32_sd_spi.o
 .text.SD_GetSCRRegister
                0x0800683c      0x138 ..\obj\stm32_sd_spi.o
 .text.SD_Init  0x08006974       0x88 ..\obj\stm32_sd_spi.o
                0x08006974                SD_Init
 .text.SD_SectorRead
                0x080069fc       0x58 ..\obj\stm32_sd_spi.o
                0x080069fc                SD_SectorRead
 .text.SD_SectorsRead
                0x08006a54       0x88 ..\obj\stm32_sd_spi.o
                0x08006a54                SD_SectorsRead
 .text.SD_SectorWrite
                0x08006adc       0xb8 ..\obj\stm32_sd_spi.o
                0x08006adc                SD_SectorWrite
 .text.SD_SectorsWrite
                0x08006b94      0x104 ..\obj\stm32_sd_spi.o
                0x08006b94                SD_SectorsWrite
 .text.SD_SectorsErase
                0x08006c98       0x8c ..\obj\stm32_sd_spi.o
                0x08006c98                SD_SectorsErase
 .text.SD_GetCardInfo
                0x08006d24       0xec ..\obj\stm32_sd_spi.o
                0x08006d24                SD_GetCardInfo
 .text.I2C_Init
                0x08006e10      0x184 ..\obj\stm32f4xx_i2c.o
                0x08006e10                I2C_Init
 .text.I2C_Cmd  0x08006f94       0x40 ..\obj\stm32f4xx_i2c.o
                0x08006f94                I2C_Cmd
 .text.I2C_GenerateSTART
                0x08006fd4       0x40 ..\obj\stm32f4xx_i2c.o
                0x08006fd4                I2C_GenerateSTART
 .text.I2C_GenerateSTOP
                0x08007014       0x40 ..\obj\stm32f4xx_i2c.o
                0x08007014                I2C_GenerateSTOP
 .text.I2C_Send7bitAddress
                0x08007054       0x3c ..\obj\stm32f4xx_i2c.o
                0x08007054                I2C_Send7bitAddress
 .text.I2C_SendData
                0x08007090       0x20 ..\obj\stm32f4xx_i2c.o
                0x08007090                I2C_SendData
 .text.I2C_CheckEvent
                0x080070b0       0x60 ..\obj\stm32f4xx_i2c.o
                0x080070b0                I2C_CheckEvent
 .text.I2C_GetFlagStatus
                0x08007110       0x68 ..\obj\stm32f4xx_i2c.o
                0x08007110                I2C_GetFlagStatus
 .text.getVoltage
                0x08007178       0x34 ..\obj\ADC3_DMA.o
                0x08007178                getVoltage
 .text.isPassenger
                0x080071ac       0x28 ..\obj\ADC3_DMA.o
                0x080071ac                isPassenger
 .text.SystemInit
                0x080071d4       0x6c ..\obj\system_stm32f4xx(1).o
                0x080071d4                SystemInit
 .text.SetSysClock
                0x08007240       0xf8 ..\obj\system_stm32f4xx(1).o
 .text.pvPortMalloc
                0x08007338       0x8c ..\obj\heap_1.o
                0x08007338                pvPortMalloc
 .text.vPortFree
                0x080073c4       0x1c ..\obj\heap_1.o
                0x080073c4                vPortFree
 .text.malloc   0x080073e0       0x10 C:\Program Files (x86)\GNU Tools ARM Embedded\5.4 2016q3\arm-none-eabi\lib\armv7e-m\libg.a(lib_a-malloc.o)
                0x080073e0                malloc
 .text.free     0x080073f0       0x10 C:\Program Files (x86)\GNU Tools ARM Embedded\5.4 2016q3\arm-none-eabi\lib\armv7e-m\libg.a(lib_a-malloc.o)
                0x080073f0                free
 .text._malloc_r
                0x08007400      0x570 C:\Program Files (x86)\GNU Tools ARM Embedded\5.4 2016q3\arm-none-eabi\lib\armv7e-m\libg.a(lib_a-mallocr.o)
                0x08007400                _malloc_r
 .text          0x08007970      0x134 C:\Program Files (x86)\GNU Tools ARM Embedded\5.4 2016q3\arm-none-eabi\lib\armv7e-m\libg.a(lib_a-memcpy.o)
                0x08007970                memcpy
 .text.memset   0x08007aa4       0x9c C:\Program Files (x86)\GNU Tools ARM Embedded\5.4 2016q3\arm-none-eabi\lib\armv7e-m\libg.a(lib_a-memset.o)
                0x08007aa4                memset
 .text.__malloc_lock
                0x08007b40        0x4 C:\Program Files (x86)\GNU Tools ARM Embedded\5.4 2016q3\arm-none-eabi\lib\armv7e-m\libg.a(lib_a-mlock.o)
                0x08007b40                __malloc_lock
 .text.__malloc_unlock
                0x08007b44        0x4 C:\Program Files (x86)\GNU Tools ARM Embedded\5.4 2016q3\arm-none-eabi\lib\armv7e-m\libg.a(lib_a-mlock.o)
                0x08007b44                __malloc_unlock
 .text._sbrk_r  0x08007b48       0x24 C:\Program Files (x86)\GNU Tools ARM Embedded\5.4 2016q3\arm-none-eabi\lib\armv7e-m\libg.a(lib_a-sbrkr.o)
                0x08007b48                _sbrk_r
 .text._malloc_trim_r
                0x08007b6c       0x9c C:\Program Files (x86)\GNU Tools ARM Embedded\5.4 2016q3\arm-none-eabi\lib\armv7e-m\libg.a(lib_a-freer.o)
                0x08007b6c                _malloc_trim_r
 .text._free_r  0x08007c08      0x1d0 C:\Program Files (x86)\GNU Tools ARM Embedded\5.4 2016q3\arm-none-eabi\lib\armv7e-m\libg.a(lib_a-freer.o)
                0x08007c08                _free_r
 *(.glue_7t)
 .glue_7t       0x08007dd8        0x0 linker stubs
 *(.glue_7)
 .glue_7        0x08007dd8        0x0 linker stubs
 *(.rodata .rodata* .gnu.linkonce.r.*)
 .rodata        0x08007dd8      0x4c0 ..\obj\unicode.o
 .rodata        0x08008298       0xc8 ..\obj\main.o
 .rodata        0x08008360        0xd ..\obj\timers.o
 *fill*         0x0800836d        0x3 
 .rodata        0x08008370        0x5 ..\obj\tasks.o
 *fill*         0x08008375        0x3 
 .rodata        0x08008378      0xbfc ..\obj\arducam.o
                0x08008378                OV2640_QVGA
                0x08008680                OV2640_JPEG_INIT
                0x0800897c                OV2640_YUV422
                0x080089a4                OV2640_JPEG
                0x080089c8                OV2640_160x120_JPEG
                0x08008a68                OV2640_176x144_JPEG
                0x08008b08                OV2640_320x240_JPEG
                0x08008ba8                OV2640_352x288_JPEG
                0x08008c48                OV2640_640x480_JPEG
                0x08008cec                OV2640_800x600_JPEG
                0x08008d90                OV2640_1024x768_JPEG
                0x08008e2c                OV2640_1280x1024_JPEG
                0x08008ed0                OV2640_1600x1200_JPEG
 .rodata        0x08008f74      0x17e ..\obj\ff.o

.vfp11_veneer   0x080090f4        0x0
 .vfp11_veneer  0x080090f4        0x0 linker stubs

.v4_bx          0x080090f4        0x0
 .v4_bx         0x080090f4        0x0 linker stubs

.iplt           0x080090f4        0x0
 .iplt          0x080090f4        0x0 ..\obj\unicode.o

.rel.dyn        0x080090f4        0x0
 .rel.iplt      0x080090f4        0x0 ..\obj\unicode.o

.ARM.extab
 *(.ARM.extab* .gnu.linkonce.armextab.*)
                0x080090f4                __exidx_start = .

.ARM.exidx
 *(.ARM.exidx* .gnu.linkonce.armexidx.*)
                0x080090f4                __exidx_end = .
                0x080090f4                . = ALIGN (0x4)
                0x080090f4                _etext = .
                0x080090f4                _sidata = .

.data           0x20000000      0x86c load address 0x080090f4
                0x20000000                _sdata = .
 *(.data .data.*)
 .data          0x20000000       0x10 ..\obj\stm32f4xx_rcc.o
 .data          0x20000010        0x4 ..\obj\tasks.o
 .data          0x20000014        0x4 ..\obj\port.o
 .data          0x20000018       0x14 ..\obj\system_stm32f4xx(1).o
                0x20000018                SystemCoreClock
                0x2000001c                AHBPrescTable
 .data.__malloc_av_
                0x2000002c      0x408 C:\Program Files (x86)\GNU Tools ARM Embedded\5.4 2016q3\arm-none-eabi\lib\armv7e-m\libg.a(lib_a-mallocr.o)
                0x2000002c                __malloc_av_
 .data.__malloc_trim_threshold
                0x20000434        0x4 C:\Program Files (x86)\GNU Tools ARM Embedded\5.4 2016q3\arm-none-eabi\lib\armv7e-m\libg.a(lib_a-mallocr.o)
                0x20000434                __malloc_trim_threshold
 .data.__malloc_sbrk_base
                0x20000438        0x4 C:\Program Files (x86)\GNU Tools ARM Embedded\5.4 2016q3\arm-none-eabi\lib\armv7e-m\libg.a(lib_a-mallocr.o)
                0x20000438                __malloc_sbrk_base
 *fill*         0x2000043c        0x4 
 .data.impure_data
                0x20000440      0x428 C:\Program Files (x86)\GNU Tools ARM Embedded\5.4 2016q3\arm-none-eabi\lib\armv7e-m\libg.a(lib_a-impure.o)
 .data._impure_ptr
                0x20000868        0x4 C:\Program Files (x86)\GNU Tools ARM Embedded\5.4 2016q3\arm-none-eabi\lib\armv7e-m\libg.a(lib_a-impure.o)
                0x20000868                _impure_ptr
                0x2000086c                . = ALIGN (0x4)
                0x2000086c                _edata = .

.igot.plt       0x2000086c        0x0 load address 0x08009960
 .igot.plt      0x2000086c        0x0 ..\obj\unicode.o

.bss            0x2000086c    0x12e44 load address 0x08009960
                0x2000086c                _sbss = .
 *(.bss .bss.*)
 .bss           0x2000086c       0x38 ..\obj\timers.o
 .bss           0x200008a4       0xfc ..\obj\tasks.o
                0x200008a4                pxCurrentTCB
 .bss           0x200009a0        0x4 ..\obj\syscalls(3).o
 .bss           0x200009a4        0x8 ..\obj\port.o
 .bss           0x200009ac       0x27 ..\obj\ff.o
 *fill*         0x200009d3        0x1 
 .bss           0x200009d4        0x8 ..\obj\ADC3_DMA.o
                0x200009d4                ADC3ConvertedValue
                0x200009d8                ADC3ConvertedVoltage
 .bss           0x200009dc    0x12c08 ..\obj\heap_1.o
 .bss.__malloc_max_total_mem
                0x200135e4        0x4 C:\Program Files (x86)\GNU Tools ARM Embedded\5.4 2016q3\arm-none-eabi\lib\armv7e-m\libg.a(lib_a-mallocr.o)
                0x200135e4                __malloc_max_total_mem
 .bss.__malloc_max_sbrked_mem
                0x200135e8        0x4 C:\Program Files (x86)\GNU Tools ARM Embedded\5.4 2016q3\arm-none-eabi\lib\armv7e-m\libg.a(lib_a-mallocr.o)
                0x200135e8                __malloc_max_sbrked_mem
 .bss.__malloc_top_pad
                0x200135ec        0x4 C:\Program Files (x86)\GNU Tools ARM Embedded\5.4 2016q3\arm-none-eabi\lib\armv7e-m\libg.a(lib_a-mallocr.o)
                0x200135ec                __malloc_top_pad
 .bss.__malloc_current_mallinfo
                0x200135f0       0x28 C:\Program Files (x86)\GNU Tools ARM Embedded\5.4 2016q3\arm-none-eabi\lib\armv7e-m\libg.a(lib_a-mallocr.o)
                0x200135f0                __malloc_current_mallinfo
 *(COMMON)
 COMMON         0x20013618       0x4d ..\obj\main.o
                0x20013618                sensor_model
                0x2001361c                xSemaphoreSD
                0x20013620                xSemaphoreBluetooth
                0x20013624                xSemaphoreArducam
                0x20013628                GPS_data
                0x20013660                xSemaphorePiComm
                0x20013664                m_fmt
 *fill*         0x20013665        0x3 
 COMMON         0x20013668       0x40 ..\obj\queue.o
                0x20013668                xQueueRegistry
 COMMON         0x200136a8        0x1 ..\obj\stm32_sd_spi.o
                0x200136a8                cardType
 *fill*         0x200136a9        0x3 
 COMMON         0x200136ac        0x4 C:\Program Files (x86)\GNU Tools ARM Embedded\5.4 2016q3\arm-none-eabi\lib\armv7e-m\libg.a(lib_a-reent.o)
                0x200136ac                errno
                0x200136b0                . = ALIGN (0x4)
                0x200136b0                _ebss = .

.co_stack       0x200136b0      0x800 load address 0x0801c7a4
                0x200136b0                . = ALIGN (0x8)
 *(.co_stack .co_stack.*)
 .co_stack      0x200136b0      0x800 ..\obj\startup_stm32f4xx(1).o
                0x200136b0                pulStack
                0x20013eb0                . = ALIGN (0x4)
                0x20013eb0                _end = .
LOAD ..\obj\unicode.o
LOAD ..\obj\stm32f4xx_usart.o
LOAD ..\obj\diskio.o
LOAD ..\obj\main.o
LOAD ..\obj\Bluetooth.o
LOAD ..\obj\stm32f4xx_rcc.o
LOAD ..\obj\timers.o
LOAD ..\obj\stm32f4xx_adc.o
LOAD ..\obj\Pi_comm.o
LOAD ..\obj\GPS_parsing.o
LOAD ..\obj\tasks.o
LOAD ..\obj\syscall.o
LOAD ..\obj\syscalls(3).o
LOAD ..\obj\stm32f4xx_gpio.o
LOAD ..\obj\list.o
LOAD ..\obj\stm32f4xx_dma.o
LOAD ..\obj\Accelerometer.o
LOAD ..\obj\IOToggle.o
LOAD ..\obj\arducam.o
LOAD ..\obj\port.o
LOAD ..\obj\queue.o
LOAD ..\obj\ff.o
LOAD ..\obj\croutine.o
LOAD ..\obj\startup_stm32f4xx(1).o
LOAD ..\obj\stm32_spi.o
LOAD ..\obj\stm32f4xx_spi.o
LOAD ..\obj\stm32_sd_spi.o
LOAD ..\obj\stm32f4xx_i2c.o
LOAD ..\obj\ADC3_DMA.o
LOAD ..\obj\system_stm32f4xx(1).o
LOAD ..\obj\heap_1.o
LOAD ..\obj\stm32f4xx_tim.o
LOAD C:\Program Files (x86)\GNU Tools ARM Embedded\5.4 2016q3\arm-none-eabi\lib\armv7e-m\libm.a
LOAD C:\Program Files (x86)\GNU Tools ARM Embedded\5.4 2016q3\lib\gcc\arm-none-eabi\5.4.1\armv7-ar\thumb\libgcc.a
START GROUP
LOAD C:\Program Files (x86)\GNU Tools ARM Embedded\5.4 2016q3\lib\gcc\arm-none-eabi\5.4.1\armv7-ar\thumb\libgcc.a
LOAD C:\Program Files (x86)\GNU Tools ARM Embedded\5.4 2016q3\arm-none-eabi\lib\armv7e-m\libg.a
LOAD C:\Program Files (x86)\GNU Tools ARM Embedded\5.4 2016q3\arm-none-eabi\lib\armv7e-m\libc.a
END GROUP
OUTPUT(DEV_plus.elf elf32-littlearm)

.debug_info     0x00000000     0xcd7c
 .debug_info    0x00000000      0x15e ..\obj\unicode.o
 .debug_info    0x0000015e      0x9ca ..\obj\stm32f4xx_usart.o
 .debug_info    0x00000b28      0x68f ..\obj\diskio.o
 .debug_info    0x000011b7      0x960 ..\obj\main.o
 .debug_info    0x00001b17      0xc63 ..\obj\stm32f4xx_rcc.o
 .debug_info    0x0000277a      0x7a4 ..\obj\timers.o
 .debug_info    0x00002f1e      0x619 ..\obj\Pi_comm.o
 .debug_info    0x00003537     0x11a9 ..\obj\tasks.o
 .debug_info    0x000046e0       0xd2 ..\obj\syscall.o
 .debug_info    0x000047b2      0x44d ..\obj\syscalls(3).o
 .debug_info    0x00004bff      0x61a ..\obj\stm32f4xx_gpio.o
 .debug_info    0x00005219      0x2a0 ..\obj\list.o
 .debug_info    0x000054b9      0xc0e ..\obj\arducam.o
 .debug_info    0x000060c7      0x364 ..\obj\port.o
 .debug_info    0x0000642b      0xb92 ..\obj\queue.o
 .debug_info    0x00006fbd     0x2624 ..\obj\ff.o
 .debug_info    0x000095e1       0xf2 ..\obj\startup_stm32f4xx(1).o
 .debug_info    0x000096d3      0x499 ..\obj\stm32_spi.o
 .debug_info    0x00009b6c      0xb0f ..\obj\stm32f4xx_spi.o
 .debug_info    0x0000a67b      0xe20 ..\obj\stm32_sd_spi.o
 .debug_info    0x0000b49b      0xb00 ..\obj\stm32f4xx_i2c.o
 .debug_info    0x0000bf9b      0x69b ..\obj\ADC3_DMA.o
 .debug_info    0x0000c636      0x5c5 ..\obj\system_stm32f4xx(1).o
 .debug_info    0x0000cbfb      0x181 ..\obj\heap_1.o

.debug_abbrev   0x00000000     0x2225
 .debug_abbrev  0x00000000       0x97 ..\obj\unicode.o
 .debug_abbrev  0x00000097      0x157 ..\obj\stm32f4xx_usart.o
 .debug_abbrev  0x000001ee      0x148 ..\obj\diskio.o
 .debug_abbrev  0x00000336      0x233 ..\obj\main.o
 .debug_abbrev  0x00000569      0x1e5 ..\obj\stm32f4xx_rcc.o
 .debug_abbrev  0x0000074e      0x186 ..\obj\timers.o
 .debug_abbrev  0x000008d4      0x164 ..\obj\Pi_comm.o
 .debug_abbrev  0x00000a38      0x226 ..\obj\tasks.o
 .debug_abbrev  0x00000c5e       0x7f ..\obj\syscall.o
 .debug_abbrev  0x00000cdd       0xe5 ..\obj\syscalls(3).o
 .debug_abbrev  0x00000dc2      0x1a7 ..\obj\stm32f4xx_gpio.o
 .debug_abbrev  0x00000f69       0xbc ..\obj\list.o
 .debug_abbrev  0x00001025      0x26a ..\obj\arducam.o
 .debug_abbrev  0x0000128f      0x1ac ..\obj\port.o
 .debug_abbrev  0x0000143b      0x1c7 ..\obj\queue.o
 .debug_abbrev  0x00001602      0x1fc ..\obj\ff.o
 .debug_abbrev  0x000017fe       0xb0 ..\obj\startup_stm32f4xx(1).o
 .debug_abbrev  0x000018ae      0x137 ..\obj\stm32_spi.o
 .debug_abbrev  0x000019e5      0x169 ..\obj\stm32f4xx_spi.o
 .debug_abbrev  0x00001b4e      0x1e2 ..\obj\stm32_sd_spi.o
 .debug_abbrev  0x00001d30      0x166 ..\obj\stm32f4xx_i2c.o
 .debug_abbrev  0x00001e96      0x16b ..\obj\ADC3_DMA.o
 .debug_abbrev  0x00002001      0x138 ..\obj\system_stm32f4xx(1).o
 .debug_abbrev  0x00002139       0xec ..\obj\heap_1.o

.debug_aranges  0x00000000      0xf40
 .debug_aranges
                0x00000000       0x28 ..\obj\unicode.o
 .debug_aranges
                0x00000028      0x100 ..\obj\stm32f4xx_usart.o
 .debug_aranges
                0x00000128       0x48 ..\obj\diskio.o
 .debug_aranges
                0x00000170       0x70 ..\obj\main.o
 .debug_aranges
                0x000001e0      0x178 ..\obj\stm32f4xx_rcc.o
 .debug_aranges
                0x00000358       0x88 ..\obj\timers.o
 .debug_aranges
                0x000003e0       0x40 ..\obj\Pi_comm.o
 .debug_aranges
                0x00000420      0x180 ..\obj\tasks.o
 .debug_aranges
                0x000005a0       0x28 ..\obj\syscall.o
 .debug_aranges
                0x000005c8       0x60 ..\obj\syscalls(3).o
 .debug_aranges
                0x00000628       0x88 ..\obj\stm32f4xx_gpio.o
 .debug_aranges
                0x000006b0       0x40 ..\obj\list.o
 .debug_aranges
                0x000006f0       0xd0 ..\obj\arducam.o
 .debug_aranges
                0x000007c0       0x98 ..\obj\port.o
 .debug_aranges
                0x00000858       0xf8 ..\obj\queue.o
 .debug_aranges
                0x00000950      0x230 ..\obj\ff.o
 .debug_aranges
                0x00000b80       0x28 ..\obj\startup_stm32f4xx(1).o
 .debug_aranges
                0x00000ba8       0x28 ..\obj\stm32_spi.o
 .debug_aranges
                0x00000bd0       0xe0 ..\obj\stm32f4xx_spi.o
 .debug_aranges
                0x00000cb0       0xd0 ..\obj\stm32_sd_spi.o
 .debug_aranges
                0x00000d80      0x120 ..\obj\stm32f4xx_i2c.o
 .debug_aranges
                0x00000ea0       0x38 ..\obj\ADC3_DMA.o
 .debug_aranges
                0x00000ed8       0x30 ..\obj\system_stm32f4xx(1).o
 .debug_aranges
                0x00000f08       0x38 ..\obj\heap_1.o

.debug_ranges   0x00000000      0xdc0
 .debug_ranges  0x00000000       0x18 ..\obj\unicode.o
 .debug_ranges  0x00000018       0xf0 ..\obj\stm32f4xx_usart.o
 .debug_ranges  0x00000108       0x38 ..\obj\diskio.o
 .debug_ranges  0x00000140       0x60 ..\obj\main.o
 .debug_ranges  0x000001a0      0x168 ..\obj\stm32f4xx_rcc.o
 .debug_ranges  0x00000308       0x78 ..\obj\timers.o
 .debug_ranges  0x00000380       0x30 ..\obj\Pi_comm.o
 .debug_ranges  0x000003b0      0x170 ..\obj\tasks.o
 .debug_ranges  0x00000520       0x18 ..\obj\syscall.o
 .debug_ranges  0x00000538       0x50 ..\obj\syscalls(3).o
 .debug_ranges  0x00000588       0x78 ..\obj\stm32f4xx_gpio.o
 .debug_ranges  0x00000600       0x30 ..\obj\list.o
 .debug_ranges  0x00000630       0xc0 ..\obj\arducam.o
 .debug_ranges  0x000006f0       0x88 ..\obj\port.o
 .debug_ranges  0x00000778       0xe8 ..\obj\queue.o
 .debug_ranges  0x00000860      0x220 ..\obj\ff.o
 .debug_ranges  0x00000a80       0x18 ..\obj\startup_stm32f4xx(1).o
 .debug_ranges  0x00000a98       0x18 ..\obj\stm32_spi.o
 .debug_ranges  0x00000ab0       0xd0 ..\obj\stm32f4xx_spi.o
 .debug_ranges  0x00000b80       0xc0 ..\obj\stm32_sd_spi.o
 .debug_ranges  0x00000c40      0x110 ..\obj\stm32f4xx_i2c.o
 .debug_ranges  0x00000d50       0x28 ..\obj\ADC3_DMA.o
 .debug_ranges  0x00000d78       0x20 ..\obj\system_stm32f4xx(1).o
 .debug_ranges  0x00000d98       0x28 ..\obj\heap_1.o

.debug_line     0x00000000     0x6c7d
 .debug_line    0x00000000      0x105 ..\obj\unicode.o
 .debug_line    0x00000105      0x4bd ..\obj\stm32f4xx_usart.o
 .debug_line    0x000005c2      0x27a ..\obj\diskio.o
 .debug_line    0x0000083c      0x485 ..\obj\main.o
 .debug_line    0x00000cc1      0x5a9 ..\obj\stm32f4xx_rcc.o
 .debug_line    0x0000126a      0x3c1 ..\obj\timers.o
 .debug_line    0x0000162b      0x2e1 ..\obj\Pi_comm.o
 .debug_line    0x0000190c      0xa8c ..\obj\tasks.o
 .debug_line    0x00002398       0xbf ..\obj\syscall.o
 .debug_line    0x00002457      0x1e9 ..\obj\syscalls(3).o
 .debug_line    0x00002640      0x364 ..\obj\stm32f4xx_gpio.o
 .debug_line    0x000029a4      0x240 ..\obj\list.o
 .debug_line    0x00002be4      0x4f7 ..\obj\arducam.o
 .debug_line    0x000030db      0x399 ..\obj\port.o
 .debug_line    0x00003474      0x7c2 ..\obj\queue.o
 .debug_line    0x00003c36     0x1819 ..\obj\ff.o
 .debug_line    0x0000544f       0x9d ..\obj\startup_stm32f4xx(1).o
 .debug_line    0x000054ec      0x23c ..\obj\stm32_spi.o
 .debug_line    0x00005728      0x45d ..\obj\stm32f4xx_spi.o
 .debug_line    0x00005b85      0x592 ..\obj\stm32_sd_spi.o
 .debug_line    0x00006117      0x4ef ..\obj\stm32f4xx_i2c.o
 .debug_line    0x00006606      0x27c ..\obj\ADC3_DMA.o
 .debug_line    0x00006882      0x1f7 ..\obj\system_stm32f4xx(1).o
 .debug_line    0x00006a79      0x204 ..\obj\heap_1.o

.debug_str      0x00000000     0x499c
 .debug_str     0x00000000      0x14b ..\obj\unicode.o
                                0x178 (size before relaxing)
 .debug_str     0x0000014b      0x55d ..\obj\stm32f4xx_usart.o
                                0x6ad (size before relaxing)
 .debug_str     0x000006a8      0x4a2 ..\obj\diskio.o
                                0x669 (size before relaxing)
 .debug_str     0x00000b4a      0x4a3 ..\obj\main.o
                                0x6ca (size before relaxing)
 .debug_str     0x00000fed      0x5d6 ..\obj\stm32f4xx_rcc.o
                                0x86e (size before relaxing)
 .debug_str     0x000015c3      0x456 ..\obj\timers.o
                                0x64c (size before relaxing)
 .debug_str     0x00001a19      0x227 ..\obj\Pi_comm.o
                                0x55d (size before relaxing)
 .debug_str     0x00001c40      0x947 ..\obj\tasks.o
                                0xbe1 (size before relaxing)
 .debug_str     0x00002587       0x64 ..\obj\syscall.o
                                0x1a8 (size before relaxing)
 .debug_str     0x000025eb      0x184 ..\obj\syscalls(3).o
                                0x344 (size before relaxing)
 .debug_str     0x0000276f      0x187 ..\obj\stm32f4xx_gpio.o
                                0x4c1 (size before relaxing)
 .debug_str     0x000028f6       0xc5 ..\obj\list.o
                                0x2ca (size before relaxing)
 .debug_str     0x000029bb      0x3cf ..\obj\arducam.o
                                0x7d1 (size before relaxing)
 .debug_str     0x00002d8a      0x267 ..\obj\port.o
                                0x442 (size before relaxing)
 .debug_str     0x00002ff1      0x460 ..\obj\queue.o
                                0x74d (size before relaxing)
 .debug_str     0x00003451      0x411 ..\obj\ff.o
                                0x7c3 (size before relaxing)
 .debug_str     0x00003862       0xac ..\obj\startup_stm32f4xx(1).o
                                0x168 (size before relaxing)
 .debug_str     0x0000390e       0x57 ..\obj\stm32_spi.o
                                0x4bf (size before relaxing)
 .debug_str     0x00003965      0x2e8 ..\obj\stm32f4xx_spi.o
                                0x6a8 (size before relaxing)
 .debug_str     0x00003c4d      0x4de ..\obj\stm32_sd_spi.o
                                0xc5c (size before relaxing)
 .debug_str     0x0000412b      0x340 ..\obj\stm32f4xx_i2c.o
                                0x683 (size before relaxing)
 .debug_str     0x0000446b      0x367 ..\obj\ADC3_DMA.o
                                0x6e5 (size before relaxing)
 .debug_str     0x000047d2      0x104 ..\obj\system_stm32f4xx(1).o
                                0x3cb (size before relaxing)
 .debug_str     0x000048d6       0xc6 ..\obj\heap_1.o
                                0x232 (size before relaxing)

.comment        0x00000000       0x6e
 .comment       0x00000000       0x6e ..\obj\unicode.o
                                 0x6f (size before relaxing)
 .comment       0x0000006e       0x6f ..\obj\stm32f4xx_usart.o
 .comment       0x0000006e       0x6f ..\obj\diskio.o
 .comment       0x0000006e       0x6f ..\obj\main.o
 .comment       0x0000006e       0x6f ..\obj\stm32f4xx_rcc.o
 .comment       0x0000006e       0x6f ..\obj\timers.o
 .comment       0x0000006e       0x6f ..\obj\Pi_comm.o
 .comment       0x0000006e       0x6f ..\obj\tasks.o
 .comment       0x0000006e       0x6f ..\obj\syscall.o
 .comment       0x0000006e       0x6f ..\obj\syscalls(3).o
 .comment       0x0000006e       0x6f ..\obj\stm32f4xx_gpio.o
 .comment       0x0000006e       0x6f ..\obj\list.o
 .comment       0x0000006e       0x6f ..\obj\arducam.o
 .comment       0x0000006e       0x6f ..\obj\port.o
 .comment       0x0000006e       0x6f ..\obj\queue.o
 .comment       0x0000006e       0x6f ..\obj\ff.o
 .comment       0x0000006e       0x6f ..\obj\startup_stm32f4xx(1).o
 .comment       0x0000006e       0x6f ..\obj\stm32_spi.o
 .comment       0x0000006e       0x6f ..\obj\stm32f4xx_spi.o
 .comment       0x0000006e       0x6f ..\obj\stm32_sd_spi.o
 .comment       0x0000006e       0x6f ..\obj\stm32f4xx_i2c.o
 .comment       0x0000006e       0x6f ..\obj\ADC3_DMA.o
 .comment       0x0000006e       0x6f ..\obj\system_stm32f4xx(1).o
 .comment       0x0000006e       0x6f ..\obj\heap_1.o

.ARM.attributes
                0x00000000       0x35
 .ARM.attributes
                0x00000000       0x37 ..\obj\unicode.o
 .ARM.attributes
                0x00000037       0x37 ..\obj\stm32f4xx_usart.o
 .ARM.attributes
                0x0000006e       0x37 ..\obj\diskio.o
 .ARM.attributes
                0x000000a5       0x37 ..\obj\main.o
 .ARM.attributes
                0x000000dc       0x37 ..\obj\stm32f4xx_rcc.o
 .ARM.attributes
                0x00000113       0x37 ..\obj\timers.o
 .ARM.attributes
                0x0000014a       0x37 ..\obj\Pi_comm.o
 .ARM.attributes
                0x00000181       0x37 ..\obj\tasks.o
 .ARM.attributes
                0x000001b8       0x37 ..\obj\syscall.o
 .ARM.attributes
                0x000001ef       0x37 ..\obj\syscalls(3).o
 .ARM.attributes
                0x00000226       0x37 ..\obj\stm32f4xx_gpio.o
 .ARM.attributes
                0x0000025d       0x37 ..\obj\list.o
 .ARM.attributes
                0x00000294       0x37 ..\obj\arducam.o
 .ARM.attributes
                0x000002cb       0x37 ..\obj\port.o
 .ARM.attributes
                0x00000302       0x37 ..\obj\queue.o
 .ARM.attributes
                0x00000339       0x37 ..\obj\ff.o
 .ARM.attributes
                0x00000370       0x37 ..\obj\startup_stm32f4xx(1).o
 .ARM.attributes
                0x000003a7       0x37 ..\obj\stm32_spi.o
 .ARM.attributes
                0x000003de       0x37 ..\obj\stm32f4xx_spi.o
 .ARM.attributes
                0x00000415       0x37 ..\obj\stm32_sd_spi.o
 .ARM.attributes
                0x0000044c       0x37 ..\obj\stm32f4xx_i2c.o
 .ARM.attributes
                0x00000483       0x37 ..\obj\ADC3_DMA.o
 .ARM.attributes
                0x000004ba       0x37 ..\obj\system_stm32f4xx(1).o
 .ARM.attributes
                0x000004f1       0x37 ..\obj\heap_1.o
 .ARM.attributes
                0x00000528       0x2e C:\Program Files (x86)\GNU Tools ARM Embedded\5.4 2016q3\arm-none-eabi\lib\armv7e-m\libg.a(lib_a-malloc.o)
 .ARM.attributes
                0x00000556       0x2e C:\Program Files (x86)\GNU Tools ARM Embedded\5.4 2016q3\arm-none-eabi\lib\armv7e-m\libg.a(lib_a-mallocr.o)
 .ARM.attributes
                0x00000584       0x1c C:\Program Files (x86)\GNU Tools ARM Embedded\5.4 2016q3\arm-none-eabi\lib\armv7e-m\libg.a(lib_a-memcpy.o)
 .ARM.attributes
                0x000005a0       0x2e C:\Program Files (x86)\GNU Tools ARM Embedded\5.4 2016q3\arm-none-eabi\lib\armv7e-m\libg.a(lib_a-memset.o)
 .ARM.attributes
                0x000005ce       0x2e C:\Program Files (x86)\GNU Tools ARM Embedded\5.4 2016q3\arm-none-eabi\lib\armv7e-m\libg.a(lib_a-mlock.o)
 .ARM.attributes
                0x000005fc       0x2e C:\Program Files (x86)\GNU Tools ARM Embedded\5.4 2016q3\arm-none-eabi\lib\armv7e-m\libg.a(lib_a-sbrkr.o)
 .ARM.attributes
                0x0000062a       0x2e C:\Program Files (x86)\GNU Tools ARM Embedded\5.4 2016q3\arm-none-eabi\lib\armv7e-m\libg.a(lib_a-freer.o)
 .ARM.attributes
                0x00000658       0x2e C:\Program Files (x86)\GNU Tools ARM Embedded\5.4 2016q3\arm-none-eabi\lib\armv7e-m\libg.a(lib_a-impure.o)
 .ARM.attributes
                0x00000686       0x2e C:\Program Files (x86)\GNU Tools ARM Embedded\5.4 2016q3\arm-none-eabi\lib\armv7e-m\libg.a(lib_a-reent.o)

.debug_frame    0x00000000     0x3fdc
 .debug_frame   0x00000000       0x60 ..\obj\unicode.o
 .debug_frame   0x00000060      0x490 ..\obj\stm32f4xx_usart.o
 .debug_frame   0x000004f0       0xe8 ..\obj\diskio.o
 .debug_frame   0x000005d8      0x190 ..\obj\main.o
 .debug_frame   0x00000768      0x6d4 ..\obj\stm32f4xx_rcc.o
 .debug_frame   0x00000e3c      0x20c ..\obj\timers.o
 .debug_frame   0x00001048       0xc4 ..\obj\Pi_comm.o
 .debug_frame   0x0000110c      0x670 ..\obj\tasks.o
 .debug_frame   0x0000177c       0x58 ..\obj\syscall.o
 .debug_frame   0x000017d4      0x168 ..\obj\syscalls(3).o
 .debug_frame   0x0000193c      0x23c ..\obj\stm32f4xx_gpio.o
 .debug_frame   0x00001b78       0xd8 ..\obj\list.o
 .debug_frame   0x00001c50      0x320 ..\obj\arducam.o
 .debug_frame   0x00001f70      0x1ac ..\obj\port.o
 .debug_frame   0x0000211c      0x41c ..\obj\queue.o
 .debug_frame   0x00002538      0xa10 ..\obj\ff.o
 .debug_frame   0x00002f48       0x4c ..\obj\startup_stm32f4xx(1).o
 .debug_frame   0x00002f94       0x58 ..\obj\stm32_spi.o
 .debug_frame   0x00002fec      0x3f4 ..\obj\stm32f4xx_spi.o
 .debug_frame   0x000033e0      0x340 ..\obj\stm32_sd_spi.o
 .debug_frame   0x00003720      0x530 ..\obj\stm32f4xx_i2c.o
 .debug_frame   0x00003c50       0x94 ..\obj\ADC3_DMA.o
 .debug_frame   0x00003ce4       0x7c ..\obj\system_stm32f4xx(1).o
 .debug_frame   0x00003d60       0x98 ..\obj\heap_1.o
 .debug_frame   0x00003df8       0x30 C:\Program Files (x86)\GNU Tools ARM Embedded\5.4 2016q3\arm-none-eabi\lib\armv7e-m\libg.a(lib_a-malloc.o)
 .debug_frame   0x00003e28       0x58 C:\Program Files (x86)\GNU Tools ARM Embedded\5.4 2016q3\arm-none-eabi\lib\armv7e-m\libg.a(lib_a-mallocr.o)
 .debug_frame   0x00003e80       0x34 C:\Program Files (x86)\GNU Tools ARM Embedded\5.4 2016q3\arm-none-eabi\lib\armv7e-m\libg.a(lib_a-memset.o)
 .debug_frame   0x00003eb4       0x30 C:\Program Files (x86)\GNU Tools ARM Embedded\5.4 2016q3\arm-none-eabi\lib\armv7e-m\libg.a(lib_a-mlock.o)
 .debug_frame   0x00003ee4       0x2c C:\Program Files (x86)\GNU Tools ARM Embedded\5.4 2016q3\arm-none-eabi\lib\armv7e-m\libg.a(lib_a-sbrkr.o)
 .debug_frame   0x00003f10       0x74 C:\Program Files (x86)\GNU Tools ARM Embedded\5.4 2016q3\arm-none-eabi\lib\armv7e-m\libg.a(lib_a-freer.o)
 .debug_frame   0x00003f84       0x58 C:\Program Files (x86)\GNU Tools ARM Embedded\5.4 2016q3\arm-none-eabi\lib\armv7e-m\libg.a(lib_a-reent.o)
