Archive member included to satisfy reference by file (symbol)

c:/program files (x86)/gnu tools arm embedded/5.4 2016q3/bin/../lib/gcc/arm-none-eabi/5.4.1/armv7e-m\libgcc.a(_arm_addsubdf3.o)
                              ..\obj\tm_stm32f4_fatfs.o (__aeabi_ui2d)
c:/program files (x86)/gnu tools arm embedded/5.4 2016q3/bin/../lib/gcc/arm-none-eabi/5.4.1/armv7e-m\libgcc.a(_arm_muldivdf3.o)
                              ..\obj\tm_stm32f4_fatfs.o (__aeabi_dmul)
c:/program files (x86)/gnu tools arm embedded/5.4 2016q3/bin/../lib/gcc/arm-none-eabi/5.4.1/armv7e-m\libgcc.a(_arm_fixunsdfsi.o)
                              ..\obj\tm_stm32f4_fatfs.o (__aeabi_d2uiz)
c:/program files (x86)/gnu tools arm embedded/5.4 2016q3/bin/../lib/gcc/arm-none-eabi/5.4.1/armv7e-m\libgcc.a(_arm_truncdfsf2.o)
                              ..\obj\GPS_parsing.o (__aeabi_d2f)
C:\Program Files (x86)\GNU Tools ARM Embedded\5.4 2016q3\arm-none-eabi\lib\armv7e-m\libg.a(lib_a-atof.o)
                              ..\obj\GPS_parsing.o (atof)
C:\Program Files (x86)\GNU Tools ARM Embedded\5.4 2016q3\arm-none-eabi\lib\armv7e-m\libg.a(lib_a-atol.o)
                              ..\obj\GPS_parsing.o (atol)
C:\Program Files (x86)\GNU Tools ARM Embedded\5.4 2016q3\arm-none-eabi\lib\armv7e-m\libg.a(lib_a-malloc.o)
                              ..\obj\tm_stm32f4_fatfs.o (malloc)
C:\Program Files (x86)\GNU Tools ARM Embedded\5.4 2016q3\arm-none-eabi\lib\armv7e-m\libg.a(lib_a-mallocr.o)
                              C:\Program Files (x86)\GNU Tools ARM Embedded\5.4 2016q3\arm-none-eabi\lib\armv7e-m\libg.a(lib_a-malloc.o) (_malloc_r)
C:\Program Files (x86)\GNU Tools ARM Embedded\5.4 2016q3\arm-none-eabi\lib\armv7e-m\libg.a(lib_a-memcpy.o)
                              ..\obj\queue.o (memcpy)
C:\Program Files (x86)\GNU Tools ARM Embedded\5.4 2016q3\arm-none-eabi\lib\armv7e-m\libg.a(lib_a-memset.o)
                              ..\obj\tasks.o (memset)
C:\Program Files (x86)\GNU Tools ARM Embedded\5.4 2016q3\arm-none-eabi\lib\armv7e-m\libg.a(lib_a-mlock.o)
                              C:\Program Files (x86)\GNU Tools ARM Embedded\5.4 2016q3\arm-none-eabi\lib\armv7e-m\libg.a(lib_a-mallocr.o) (__malloc_lock)
C:\Program Files (x86)\GNU Tools ARM Embedded\5.4 2016q3\arm-none-eabi\lib\armv7e-m\libg.a(lib_a-sbrkr.o)
                              C:\Program Files (x86)\GNU Tools ARM Embedded\5.4 2016q3\arm-none-eabi\lib\armv7e-m\libg.a(lib_a-mallocr.o) (_sbrk_r)
C:\Program Files (x86)\GNU Tools ARM Embedded\5.4 2016q3\arm-none-eabi\lib\armv7e-m\libg.a(lib_a-sprintf.o)
                              ..\obj\tm_stm32f4_fatfs.o (sprintf)
C:\Program Files (x86)\GNU Tools ARM Embedded\5.4 2016q3\arm-none-eabi\lib\armv7e-m\libg.a(lib_a-strchr.o)
                              ..\obj\GPS_parsing.o (strchr)
C:\Program Files (x86)\GNU Tools ARM Embedded\5.4 2016q3\arm-none-eabi\lib\armv7e-m\libg.a(lib_a-strcpy.o)
                              ..\obj\tm_stm32f4_fatfs.o (strcpy)
C:\Program Files (x86)\GNU Tools ARM Embedded\5.4 2016q3\arm-none-eabi\lib\armv7e-m\libg.a(lib_a-strlen.o)
                              ..\obj\tm_stm32f4_fatfs.o (strlen)
C:\Program Files (x86)\GNU Tools ARM Embedded\5.4 2016q3\arm-none-eabi\lib\armv7e-m\libg.a(lib_a-strncpy.o)
                              ..\obj\GPS_parsing.o (strncpy)
C:\Program Files (x86)\GNU Tools ARM Embedded\5.4 2016q3\arm-none-eabi\lib\armv7e-m\libg.a(lib_a-strstr.o)
                              ..\obj\GPS_parsing.o (strstr)
C:\Program Files (x86)\GNU Tools ARM Embedded\5.4 2016q3\arm-none-eabi\lib\armv7e-m\libg.a(lib_a-strtod.o)
                              C:\Program Files (x86)\GNU Tools ARM Embedded\5.4 2016q3\arm-none-eabi\lib\armv7e-m\libg.a(lib_a-atof.o) (strtod)
C:\Program Files (x86)\GNU Tools ARM Embedded\5.4 2016q3\arm-none-eabi\lib\armv7e-m\libg.a(lib_a-strtol.o)
                              C:\Program Files (x86)\GNU Tools ARM Embedded\5.4 2016q3\arm-none-eabi\lib\armv7e-m\libg.a(lib_a-atol.o) (_strtol_r)
C:\Program Files (x86)\GNU Tools ARM Embedded\5.4 2016q3\arm-none-eabi\lib\armv7e-m\libg.a(lib_a-svfprintf.o)
                              C:\Program Files (x86)\GNU Tools ARM Embedded\5.4 2016q3\arm-none-eabi\lib\armv7e-m\libg.a(lib_a-sprintf.o) (_svfprintf_r)
C:\Program Files (x86)\GNU Tools ARM Embedded\5.4 2016q3\arm-none-eabi\lib\armv7e-m\libg.a(lib_a-dtoa.o)
                              C:\Program Files (x86)\GNU Tools ARM Embedded\5.4 2016q3\arm-none-eabi\lib\armv7e-m\libg.a(lib_a-svfprintf.o) (_dtoa_r)
C:\Program Files (x86)\GNU Tools ARM Embedded\5.4 2016q3\arm-none-eabi\lib\armv7e-m\libg.a(lib_a-freer.o)
                              C:\Program Files (x86)\GNU Tools ARM Embedded\5.4 2016q3\arm-none-eabi\lib\armv7e-m\libg.a(lib_a-malloc.o) (_free_r)
C:\Program Files (x86)\GNU Tools ARM Embedded\5.4 2016q3\arm-none-eabi\lib\armv7e-m\libg.a(lib_a-gdtoa-gethex.o)
[...]
Memory Configuration

Name             Origin             Length             Attributes
rom              0x08000000         0x00100000         xr
ram              0x20000000         0x00020000         xrw
ram1             0x10000000         0x00010000         xrw
*default*        0x00000000         0xffffffff

Linker script and memory map

                0x20020000                _eram = 0x20020000

.text           0x08000000     0xcc11
 *(.isr_vector .isr_vector.*)
 .isr_vector    0x08000000      0x188 ..\obj\startup_stm32f4xx.o
                0x08000000                g_pfnVectors
 *(.text .text.* .gnu.linkonce.t.*)
 .text.ff_convert
                0x08000188       0x78 ..\obj\unicode.o
                0x08000188                ff_convert
 .text.ff_wtoupper
                0x08000200       0x5c ..\obj\unicode.o
                0x08000200                ff_wtoupper
 .text.USART_Init
                0x0800025c      0x174 ..\obj\stm32f4xx_usart.o
                0x0800025c                USART_Init
 .text.USART_Cmd
                0x080003d0       0x40 ..\obj\stm32f4xx_usart.o
                0x080003d0                USART_Cmd
 .text.USART_SendData
                0x08000410       0x24 ..\obj\stm32f4xx_usart.o
                0x08000410                USART_SendData
 .text.USART_ReceiveData
                0x08000434       0x20 ..\obj\stm32f4xx_usart.o
                0x08000434                USART_ReceiveData
 .text.USART_GetFlagStatus
                0x08000454       0x38 ..\obj\stm32f4xx_usart.o
                0x08000454                USART_GetFlagStatus
 .text._sbrk    0x0800048c       0x40 ..\obj\syscalls(1).o
                0x0800048c                _sbrk
 .text.disk_initialize
                0x080004cc       0x44 ..\obj\diskio.o
                0x080004cc                disk_initialize
 .text.disk_status
                0x08000510       0x48 ..\obj\diskio.o
                0x08000510                disk_status
 .text.disk_read
                0x08000558       0x5c ..\obj\diskio.o
                0x08000558                disk_read
 .text.disk_write
                0x080005b4       0x5c ..\obj\diskio.o
                0x080005b4                disk_write
 .text.disk_ioctl
                0x08000610       0x54 ..\obj\diskio.o
                0x08000610                disk_ioctl
 .text.get_fattime
                0x08000664       0x14 ..\obj\diskio.o
                0x08000664                get_fattime
 .text.TM_FATFS_USB_disk_initialize
                0x08000678       0x10 ..\obj\diskio.o
                0x08000678                TM_FATFS_USB_disk_initialize
 .text.TM_FATFS_SDRAM_disk_initialize
                0x08000688       0x10 ..\obj\diskio.o
                0x08000688                TM_FATFS_SDRAM_disk_initialize
 .text.TM_FATFS_SPI_FLASH_disk_initialize
                0x08000698       0x10 ..\obj\diskio.o
                0x08000698                TM_FATFS_SPI_FLASH_disk_initialize
 .text.TM_FATFS_USB_disk_status
                0x080006a8       0x10 ..\obj\diskio.o
                0x080006a8                TM_FATFS_USB_disk_status
 .text.TM_FATFS_SDRAM_disk_status
                0x080006b8       0x10 ..\obj\diskio.o
                0x080006b8                TM_FATFS_SDRAM_disk_status
 .text.TM_FATFS_SPI_FLASH_disk_status
                0x080006c8       0x10 ..\obj\diskio.o
                0x080006c8                TM_FATFS_SPI_FLASH_disk_status
 .text.TM_FATFS_USB_disk_ioctl
                0x080006d8       0x1c ..\obj\diskio.o
                0x080006d8                TM_FATFS_USB_disk_ioctl
 .text.TM_FATFS_SDRAM_disk_ioctl
                0x080006f4       0x1c ..\obj\diskio.o
                0x080006f4                TM_FATFS_SDRAM_disk_ioctl
 .text.TM_FATFS_SPI_FLASH_disk_ioctl
                0x08000710       0x1c ..\obj\diskio.o
                0x08000710                TM_FATFS_SPI_FLASH_disk_ioctl
 .text.TM_FATFS_USB_disk_read
                0x0800072c       0x1c ..\obj\diskio.o
                0x0800072c                TM_FATFS_USB_disk_read
 .text.TM_FATFS_SDRAM_disk_read
                0x08000748       0x1c ..\obj\diskio.o
                0x08000748                TM_FATFS_SDRAM_disk_read
 .text.TM_FATFS_SPI_FLASH_disk_read
                0x08000764       0x1c ..\obj\diskio.o
                0x08000764                TM_FATFS_SPI_FLASH_disk_read
 .text.TM_FATFS_USB_disk_write
                0x08000780       0x1c ..\obj\diskio.o
                0x08000780                TM_FATFS_USB_disk_write
 .text.TM_FATFS_SDRAM_disk_write
                0x0800079c       0x1c ..\obj\diskio.o
                0x0800079c                TM_FATFS_SDRAM_disk_write
 .text.TM_FATFS_SPI_FLASH_disk_write
                0x080007b8       0x1c ..\obj\diskio.o
                0x080007b8                TM_FATFS_SPI_FLASH_disk_write
 .text.Default_Reset_Handler
                0x080007d4       0x70 ..\obj\startup_stm32f4xx.o
                0x080007d4                Default_Reset_Handler
                0x080007d4                Reset_Handler
 .text.Default_Handler
                0x08000844        0x8 ..\obj\startup_stm32f4xx.o
                0x08000844                RTC_Alarm_IRQHandler
                0x08000844                HASH_RNG_IRQHandler
                0x08000844                EXTI2_IRQHandler
                0x08000844                TIM8_CC_IRQHandler
                0x08000844                DebugMon_Handler
                0x08000844                TIM1_CC_IRQHandler
                0x08000844                DMA2_Stream5_IRQHandler
                0x08000844                HardFault_Handler
                0x08000844                DMA1_Stream5_IRQHandler
                0x08000844                PVD_IRQHandler
                0x08000844                SDIO_IRQHandler
                0x08000844                TAMP_STAMP_IRQHandler
                0x08000844                NMI_Handler
                0x08000844                CAN2_RX1_IRQHandler
                0x08000844                EXTI3_IRQHandler
                0x08000844                TIM8_TRG_COM_TIM14_IRQHandler
                0x08000844                TIM1_UP_TIM10_IRQHandler
                0x08000844                TIM8_UP_TIM13_IRQHandler
                0x08000844                I2C3_ER_IRQHandler
                0x08000844                EXTI0_IRQHandler
                0x08000844                I2C2_EV_IRQHandler
                0x08000844                DMA1_Stream2_IRQHandler
                0x08000844                CAN1_RX0_IRQHandler
                0x08000844                FPU_IRQHandler
                0x08000844                OTG_HS_WKUP_IRQHandler
                0x08000844                UsageFault_Handler
                0x08000844                CAN2_SCE_IRQHandler
                0x08000844                DMA2_Stream2_IRQHandler
                0x08000844                SPI1_IRQHandler
                0x08000844                TIM6_DAC_IRQHandler
                0x08000844                TIM1_BRK_TIM9_IRQHandler
                0x08000844                DCMI_IRQHandler
                0x08000844                CAN2_RX0_IRQHandler
                0x08000844                DMA2_Stream3_IRQHandler
                0x08000844                USART6_IRQHandler
                0x08000844                USART3_IRQHandler
                0x08000844                CRYP_IRQHandler
                0x08000844                CAN1_RX1_IRQHandler
                0x08000844                UART5_IRQHandler
                0x08000844                DMA2_Stream0_IRQHandler
                0x08000844                TIM4_IRQHandler
                0x08000844                I2C1_EV_IRQHandler
                0x08000844                DMA1_Stream6_IRQHandler
                0x08000844                DMA1_Stream1_IRQHandler
                0x08000844                UART4_IRQHandler
                0x08000844                TIM3_IRQHandler
                0x08000844                RCC_IRQHandler
                0x08000844                TIM8_BRK_TIM12_IRQHandler
                0x08000844                EXTI15_10_IRQHandler
                0x08000844                ADC_IRQHandler
                0x08000844                DMA1_Stream7_IRQHandler
                0x08000844                TIM7_IRQHandler
                0x08000844                CAN2_TX_IRQHandler
                0x08000844                TIM5_IRQHandler
                0x08000844                DMA2_Stream7_IRQHandler
                0x08000844                I2C3_EV_IRQHandler
                0x08000844                EXTI9_5_IRQHandler
                0x08000844                RTC_WKUP_IRQHandler
                0x08000844                ETH_WKUP_IRQHandler
                0x08000844                SPI2_IRQHandler
                0x08000844                OTG_HS_EP1_IN_IRQHandler
                0x08000844                MemManage_Handler
                0x08000844                DMA1_Stream0_IRQHandler
                0x08000844                CAN1_TX_IRQHandler
                0x08000844                EXTI4_IRQHandler
                0x08000844                FSMC_IRQHandler
                0x08000844                ETH_IRQHandler
                0x08000844                OTG_HS_EP1_OUT_IRQHandler
                0x08000844                WWDG_IRQHandler
                0x08000844                TIM2_IRQHandler
                0x08000844                OTG_FS_WKUP_IRQHandler
                0x08000844                TIM1_TRG_COM_TIM11_IRQHandler
                0x08000844                OTG_HS_IRQHandler
                0x08000844                EXTI1_IRQHandler
                0x08000844                USART2_IRQHandler
                0x08000844                I2C2_ER_IRQHandler
                0x08000844                DMA2_Stream1_IRQHandler
                0x08000844                CAN1_SCE_IRQHandler
                0x08000844                FLASH_IRQHandler
                0x08000844                DMA2_Stream4_IRQHandler
                0x08000844                BusFault_Handler
                0x08000844                USART1_IRQHandler
                0x08000844                OTG_FS_IRQHandler
                0x08000844                SPI3_IRQHandler
                0x08000844                DMA1_Stream4_IRQHandler
                0x08000844                I2C1_ER_IRQHandler
                0x08000844                DMA2_Stream6_IRQHandler
                0x08000844                DMA1_Stream3_IRQHandler
 .text.Delay    0x0800084c       0x5c ..\obj\main.o
 .text.TM_SPI_Send
                0x080008a8       0x78 ..\obj\main.o
 .text.delay_unit
                0x08000920       0x34 ..\obj\main.o
                0x08000920                delay_unit
 .text.myCAMSaveToSDFile
                0x08000954      0x114 ..\obj\main.o
                0x08000954                myCAMSaveToSDFile
 .text.open_append
                0x08000a68       0x44 ..\obj\main.o
                0x08000a68                open_append
 .text.vTaskBluetooth
                0x08000aac       0x3c ..\obj\main.o
                0x08000aac                vTaskBluetooth
 .text.vTaskEmergency
                0x08000ae8       0x28 ..\obj\main.o
                0x08000ae8                vTaskEmergency
 .text.vTaskGPSreceive
                0x08000b10      0x14c ..\obj\main.o
                0x08000b10                vTaskGPSreceive
 .text.vTaskReadWeightSensorData
                0x08000c5c       0x68 ..\obj\main.o
                0x08000c5c                vTaskReadWeightSensorData
 .text.vTaskArducamCapture
                0x08000cc4       0x7c ..\obj\main.o
                0x08000cc4                vTaskArducamCapture
 .text.vTaskReadAccelerometer
                0x08000d40       0x54 ..\obj\main.o
                0x08000d40                vTaskReadAccelerometer
 .text.main     0x08000d94      0x1e8 ..\obj\main.o
                0x08000d94                main
 .text.Bluetooth_init
                0x08000f7c       0x8c ..\obj\Bluetooth.o
                0x08000f7c                Bluetooth_init
 .text.Bluetooth_send_data
                0x08001008       0x44 ..\obj\Bluetooth.o
                0x08001008                Bluetooth_send_data
 .text.RCC_GetClocksFreq
                0x0800104c      0x154 ..\obj\stm32f4xx_rcc.o
                0x0800104c                RCC_GetClocksFreq
 .text.RCC_AHB1PeriphClockCmd
                0x080011a0       0x40 ..\obj\stm32f4xx_rcc.o
                0x080011a0                RCC_AHB1PeriphClockCmd
 .text.RCC_APB1PeriphClockCmd
                0x080011e0       0x40 ..\obj\stm32f4xx_rcc.o
                0x080011e0                RCC_APB1PeriphClockCmd
 .text.xTimerCreateTimerTask
                0x08001220       0x58 ..\obj\timers.o
                0x08001220                xTimerCreateTimerTask
 .text.xTimerGenericCommand
                0x08001278       0x80 ..\obj\timers.o
                0x08001278                xTimerGenericCommand
 .text.prvProcessExpiredTimer
                0x080012f8       0x70 ..\obj\timers.o
 .text.prvTimerTask
                0x08001368       0x24 ..\obj\timers.o
 .text.prvProcessTimerOrBlockTask
                0x0800138c       0x6c ..\obj\timers.o
 .text.prvGetNextExpireTime
                0x080013f8       0x48 ..\obj\timers.o
 .text.prvSampleTimeNow
                0x08001440       0x40 ..\obj\timers.o
 .text.prvInsertTimerInActiveList
                0x08001480       0x84 ..\obj\timers.o
 .text.prvProcessReceivedCommands
                0x08001504       0xec ..\obj\timers.o
 .text.prvSwitchTimerLists
                0x080015f0       0xb4 ..\obj\timers.o
 .text.prvCheckForValidListAndQueue
                0x080016a4       0x7c ..\obj\timers.o
 .text.ADC_RegularChannelConfig
                0x08001720      0x194 ..\obj\stm32f4xx_adc.o
                0x08001720                ADC_RegularChannelConfig
 .text.ADC_GetConversionValue
                0x080018b4       0x1c ..\obj\stm32f4xx_adc.o
                0x080018b4                ADC_GetConversionValue
 .text.TM_SPI_Send
                0x080018d0       0x78 ..\obj\fatfs_sd.o
 .text.Delayms  0x08001948       0x58 ..\obj\fatfs_sd.o
 .text.init_spi
                0x080019a0       0x28 ..\obj\fatfs_sd.o
 .text.rcvr_spi_multi
                0x080019c8       0x24 ..\obj\fatfs_sd.o
 .text.xmit_spi_multi
                0x080019ec       0x20 ..\obj\fatfs_sd.o
 .text.wait_ready
                0x08001a0c       0x44 ..\obj\fatfs_sd.o
 .text.deselectSD
                0x08001a50       0x20 ..\obj\fatfs_sd.o
 .text.selectSD
                0x08001a70       0x38 ..\obj\fatfs_sd.o
 .text.rcvr_datablock
                0x08001aa8       0x60 ..\obj\fatfs_sd.o
 .text.xmit_datablock
                0x08001b08       0x70 ..\obj\fatfs_sd.o
 .text.send_cmd
                0x08001b78       0xf4 ..\obj\fatfs_sd.o
 .text.TM_FATFS_InitPins
                0x08001c6c       0x24 ..\obj\fatfs_sd.o
                0x08001c6c                TM_FATFS_InitPins
 .text.TM_FATFS_Detect
                0x08001c90       0x10 ..\obj\fatfs_sd.o
                0x08001c90                TM_FATFS_Detect
 .text.TM_FATFS_WriteEnabled
                0x08001ca0       0x10 ..\obj\fatfs_sd.o
                0x08001ca0                TM_FATFS_WriteEnabled
 .text.TM_FATFS_SD_disk_initialize
                0x08001cb0      0x1d0 ..\obj\fatfs_sd.o
                0x08001cb0                TM_FATFS_SD_disk_initialize
 .text.TM_FATFS_SD_disk_status
                0x08001e80       0x4c ..\obj\fatfs_sd.o
                0x08001e80                TM_FATFS_SD_disk_status
 .text.TM_FATFS_SD_disk_read
                0x08001ecc       0xc4 ..\obj\fatfs_sd.o
                0x08001ecc                TM_FATFS_SD_disk_read
 .text.TM_FATFS_SD_disk_write
                0x08001f90      0x100 ..\obj\fatfs_sd.o
                0x08001f90                TM_FATFS_SD_disk_write
 .text.TM_FATFS_SD_disk_ioctl
                0x08002090      0x2e8 ..\obj\fatfs_sd.o
                0x08002090                TM_FATFS_SD_disk_ioctl
 .text.Pi_sendBuf
                0x08002378       0x50 ..\obj\Pi_comm.o
                0x08002378                Pi_sendBuf
 .text.Pi_AggressiveDetected
                0x080023c8       0x2c ..\obj\Pi_comm.o
                0x080023c8                Pi_AggressiveDetected
 .text.Pi_PassengerDetected
                0x080023f4       0x2c ..\obj\Pi_comm.o
                0x080023f4                Pi_PassengerDetected
 .text.Pi_SendGPS
                0x08002420       0x5c ..\obj\Pi_comm.o
                0x08002420                Pi_SendGPS
 .text.GPS_get_rawdata
                0x0800247c       0x50 ..\obj\GPS_parsing.o
                0x0800247c                GPS_get_rawdata
 .text.GPS_parsing
                0x080024cc      0x560 ..\obj\GPS_parsing.o
                0x080024cc                GPS_parsing
 .text.NVIC_SetPriority
                0x08002a2c       0x54 ..\obj\tm_stm32f4_delay.o
 .text.SysTick_Config
                0x08002a80       0x44 ..\obj\tm_stm32f4_delay.o
 .text.SysTick_Handler
                0x08002ac4      0x108 ..\obj\tm_stm32f4_delay.o
                0x08002ac4                SysTick_Handler
 .text.TM_DELAY_Init
                0x08002bcc       0x50 ..\obj\tm_stm32f4_delay.o
                0x08002bcc                TM_DELAY_Init
 .text.xTaskGenericCreate
                0x08002c1c      0x168 ..\obj\tasks.o
                0x08002c1c                xTaskGenericCreate
 .text.vTaskDelayUntil
                0x08002d84       0xc4 ..\obj\tasks.o
                0x08002d84                vTaskDelayUntil
 .text.vTaskStartScheduler
                0x08002e48       0x70 ..\obj\tasks.o
                0x08002e48                vTaskStartScheduler
 .text.vTaskSuspendAll
                0x08002eb8       0x1c ..\obj\tasks.o
                0x08002eb8                vTaskSuspendAll
 .text.xTaskResumeAll
                0x08002ed4      0x10c ..\obj\tasks.o
                0x08002ed4                xTaskResumeAll
 .text.xTaskGetTickCount
                0x08002fe0       0x24 ..\obj\tasks.o
                0x08002fe0                xTaskGetTickCount
 .text.xTaskIncrementTick
                0x08003004      0x170 ..\obj\tasks.o
                0x08003004                xTaskIncrementTick
 .text.vTaskSwitchContext
                0x08003174       0xa4 ..\obj\tasks.o
                0x08003174                vTaskSwitchContext
 .text.vTaskPlaceOnEventList
                0x08003218       0x6c ..\obj\tasks.o
                0x08003218                vTaskPlaceOnEventList
 .text.vTaskPlaceOnEventListRestricted
                0x08003284       0x50 ..\obj\tasks.o
                0x08003284                vTaskPlaceOnEventListRestricted
 .text.xTaskRemoveFromEventList
                0x080032d4       0xb8 ..\obj\tasks.o
                0x080032d4                xTaskRemoveFromEventList
 .text.vTaskSetTimeOutState
                0x0800338c       0x34 ..\obj\tasks.o
                0x0800338c                vTaskSetTimeOutState
 .text.xTaskCheckForTimeOut
                0x080033c0       0xa0 ..\obj\tasks.o
                0x080033c0                xTaskCheckForTimeOut
 .text.vTaskMissedYield
                0x08003460       0x18 ..\obj\tasks.o
                0x08003460                vTaskMissedYield
 .text.prvIdleTask
                0x08003478       0x20 ..\obj\tasks.o
 .text.prvInitialiseTCBVariables
                0x08003498       0x94 ..\obj\tasks.o
 .text.prvInitialiseTaskLists
                0x0800352c       0x80 ..\obj\tasks.o
 .text.prvCheckTasksWaitingTermination
                0x080035ac       0x78 ..\obj\tasks.o
 .text.prvAddCurrentTaskToDelayedList
                0x08003624       0x6c ..\obj\tasks.o
 .text.prvAllocateTCBAndStack
                0x08003690       0x64 ..\obj\tasks.o
 .text.prvDeleteTCB
                0x080036f4       0x20 ..\obj\tasks.o
 .text.prvResetNextTaskUnblockTime
                0x08003714       0x4c ..\obj\tasks.o
 .text.xTaskGetCurrentTaskHandle
                0x08003760       0x20 ..\obj\tasks.o
                0x08003760                xTaskGetCurrentTaskHandle
 .text.xTaskGetSchedulerState
                0x08003780       0x3c ..\obj\tasks.o
                0x08003780                xTaskGetSchedulerState
 .text.vTaskPriorityInherit
                0x080037bc       0xbc ..\obj\tasks.o
                0x080037bc                vTaskPriorityInherit
 .text.vTaskPriorityDisinherit
                0x08003878       0x84 ..\obj\tasks.o
                0x08003878                vTaskPriorityDisinherit
 .text.ff_memalloc
                0x080038fc       0x18 ..\obj\syscall.o
                0x080038fc                ff_memalloc
 .text.ff_memfree
                0x08003914       0x18 ..\obj\syscall.o
                0x08003914                ff_memfree
 .text.TM_SPI_Init
                0x0800392c       0x7c ..\obj\tm_stm32f4_spi.o
                0x0800392c                TM_SPI_Init
 .text.TM_SPI_WriteMulti
                0x080039a8       0x8c ..\obj\tm_stm32f4_spi.o
                0x080039a8                TM_SPI_WriteMulti
 .text.TM_SPI_ReadMulti
                0x08003a34       0x94 ..\obj\tm_stm32f4_spi.o
                0x08003a34                TM_SPI_ReadMulti
 .text.TM_SPI_InitCustomPinsCallback
                0x08003ac8       0x18 ..\obj\tm_stm32f4_spi.o
                0x08003ac8                TM_SPI_InitCustomPinsCallback
 .text.TM_SPIx_Init
                0x08003ae0      0x11c ..\obj\tm_stm32f4_spi.o
 .text.TM_SPI1_INT_InitPins
                0x08003bfc       0x60 ..\obj\tm_stm32f4_spi.o
                0x08003bfc                TM_SPI1_INT_InitPins
 .text.TM_SPI2_INT_InitPins
                0x08003c5c       0x98 ..\obj\tm_stm32f4_spi.o
                0x08003c5c                TM_SPI2_INT_InitPins
 .text.TM_SPI3_INT_InitPins
                0x08003cf4       0x64 ..\obj\tm_stm32f4_spi.o
                0x08003cf4                TM_SPI3_INT_InitPins
 .text.GPIO_Init
                0x08003d58      0x11c ..\obj\stm32f4xx_gpio.o
                0x08003d58                GPIO_Init
 .text.GPIO_WriteBit
                0x08003e74       0x30 ..\obj\stm32f4xx_gpio.o
                0x08003e74                GPIO_WriteBit
 .text.GPIO_PinAFConfig
                0x08003ea4       0x94 ..\obj\stm32f4xx_gpio.o
                0x08003ea4                GPIO_PinAFConfig
 .text.vListInitialise
                0x08003f38       0x40 ..\obj\list.o
                0x08003f38                vListInitialise
 .text.vListInitialiseItem
                0x08003f78       0x1c ..\obj\list.o
                0x08003f78                vListInitialiseItem
 .text.vListInsertEnd
                0x08003f94       0x48 ..\obj\list.o
                0x08003f94                vListInsertEnd
 .text.vListInsert
                0x08003fdc       0x74 ..\obj\list.o
                0x08003fdc                vListInsert
 .text.uxListRemove
                0x08004050       0x54 ..\obj\list.o
                0x08004050                uxListRemove
 .text.SystemInit
                0x080040a4       0x6c ..\obj\system_stm32f4xx.o
                0x080040a4                SystemInit
 .text.SetSysClock
                0x08004110       0xf8 ..\obj\system_stm32f4xx.o
 .text.getX     0x08004208       0x2c ..\obj\Accelerometer.o
                0x08004208                getX
 .text.getY     0x08004234       0x2c ..\obj\Accelerometer.o
                0x08004234                getY
 .text.getZ     0x08004260       0x2c ..\obj\Accelerometer.o
                0x08004260                getZ
 .text.ADdetect
                0x0800428c       0x40 ..\obj\Accelerometer.o
                0x0800428c                ADdetect
 .text.TM_SPI_Send
                0x080042cc       0x78 ..\obj\arducam.o
 .text.get_bit  0x08004344       0x30 ..\obj\arducam.o
                0x08004344                get_bit
 .text.flush_fifo
                0x08004374       0x10 ..\obj\arducam.o
                0x08004374                flush_fifo
 .text.start_capture
                0x08004384       0x10 ..\obj\arducam.o
                0x08004384                start_capture
 .text.clear_fifo_flag
                0x08004394       0x10 ..\obj\arducam.o
                0x08004394                clear_fifo_flag
 .text.set_fifo_burst
                0x080043a4       0x14 ..\obj\arducam.o
                0x080043a4                set_fifo_burst
 .text.selCAM   0x080043b8       0x18 ..\obj\arducam.o
                0x080043b8                selCAM
 .text.deselCAM
                0x080043d0       0x18 ..\obj\arducam.o
                0x080043d0                deselCAM
 .text.bus_write
                0x080043e8       0x38 ..\obj\arducam.o
                0x080043e8                bus_write
 .text.bus_read
                0x08004420       0x3c ..\obj\arducam.o
                0x08004420                bus_read
 .text.write_reg
                0x0800445c       0x2c ..\obj\arducam.o
                0x0800445c                write_reg
 .text.read_reg
                0x08004488       0x24 ..\obj\arducam.o
                0x08004488                read_reg
 .text.pxPortInitialiseStack
                0x080044ac       0x64 ..\obj\port.o
                0x080044ac                pxPortInitialiseStack
 .text.prvTaskExitError
                0x08004510       0x20 ..\obj\port.o
 .text.SVC_Handler
                0x08004530       0x24 ..\obj\port.o
                0x08004530                SVC_Handler
 .text.prvPortStartFirstTask
                0x08004554       0x20 ..\obj\port.o
 .text.xPortStartScheduler
                0x08004574       0xd0 ..\obj\port.o
                0x08004574                xPortStartScheduler
 .text.vPortYield
                0x08004644       0x24 ..\obj\port.o
                0x08004644                vPortYield
 .text.vPortEnterCritical
                0x08004668       0x24 ..\obj\port.o
                0x08004668                vPortEnterCritical
 .text.vPortExitCritical
                0x0800468c       0x34 ..\obj\port.o
                0x0800468c                vPortExitCritical
 .text.ulPortSetInterruptMask
                0x080046c0       0x14 ..\obj\port.o
                0x080046c0                ulPortSetInterruptMask
 .text.vPortClearInterruptMask
                0x080046d4        0x8 ..\obj\port.o
                0x080046d4                vPortClearInterruptMask
 .text.PendSV_Handler
                0x080046dc       0x5c ..\obj\port.o
                0x080046dc                PendSV_Handler
 .text.vPortSetupTimerInterrupt
                0x08004738       0x38 ..\obj\port.o
                0x08004738                vPortSetupTimerInterrupt
 .text.vPortEnableVFP
                0x08004770       0x14 ..\obj\port.o
 .text.vPortValidateInterruptPriority
                0x08004784       0x5c ..\obj\port.o
                0x08004784                vPortValidateInterruptPriority
 .text.xQueueGenericReset
                0x080047e0       0xb0 ..\obj\queue.o
                0x080047e0                xQueueGenericReset
 .text.xQueueGenericCreate
                0x08004890       0x84 ..\obj\queue.o
                0x08004890                xQueueGenericCreate
 .text.xQueueCreateMutex
                0x08004914       0x90 ..\obj\queue.o
                0x08004914                xQueueCreateMutex
 .text.xQueueGenericSend
                0x080049a4      0x178 ..\obj\queue.o
                0x080049a4                xQueueGenericSend
 .text.xQueueGenericSendFromISR
                0x08004b1c       0xd4 ..\obj\queue.o
                0x08004b1c                xQueueGenericSendFromISR
 .text.xQueueGenericReceive
                0x08004bf0      0x1b8 ..\obj\queue.o
                0x08004bf0                xQueueGenericReceive
 .text.prvCopyDataToQueue
                0x08004da8       0xd0 ..\obj\queue.o
 .text.prvCopyDataFromQueue
                0x08004e78       0x4c ..\obj\queue.o
 .text.prvUnlockQueue
                0x08004ec4       0x98 ..\obj\queue.o
 .text.prvIsQueueEmpty
                0x08004f5c       0x2c ..\obj\queue.o
 .text.prvIsQueueFull
                0x08004f88       0x30 ..\obj\queue.o
 .text.vQueueAddToRegistry
                0x08004fb8       0x50 ..\obj\queue.o
                0x08004fb8                vQueueAddToRegistry
 .text.vQueueWaitForMessageRestricted
                0x08005008       0x58 ..\obj\queue.o
                0x08005008                vQueueWaitForMessageRestricted
 .text.mem_cpy  0x08005060       0x3c ..\obj\ff.o
 .text.mem_set  0x0800509c       0x34 ..\obj\ff.o
 .text.mem_cmp  0x080050d0       0x50 ..\obj\ff.o
 .text.chk_chr  0x08005120       0x38 ..\obj\ff.o
 .text.sync_window
                0x08005158       0x88 ..\obj\ff.o
 .text.move_window
                0x080051e0       0x5c ..\obj\ff.o
 .text.sync_fs  0x0800523c      0x144 ..\obj\ff.o
 .text.clust2sect
                0x08005380       0x40 ..\obj\ff.o
                0x08005380                clust2sect
 .text.get_fat  0x080053c0      0x174 ..\obj\ff.o
                0x080053c0                get_fat
 .text.put_fat  0x08005534      0x214 ..\obj\ff.o
                0x08005534                put_fat
 .text.remove_chain
                0x08005748       0xa8 ..\obj\ff.o
 .text.create_chain
                0x080057f0      0x128 ..\obj\ff.o
 .text.dir_sdi  0x08005918      0x100 ..\obj\ff.o
 .text.dir_next
                0x08005a18      0x1a8 ..\obj\ff.o
 .text.dir_alloc
                0x08005bc0       0x8c ..\obj\ff.o
 .text.ld_clust
                0x08005c4c       0x5c ..\obj\ff.o
 .text.st_clust
                0x08005ca8       0x50 ..\obj\ff.o
 .text.cmp_lfn  0x08005cf8       0xdc ..\obj\ff.o
 .text.fit_lfn  0x08005dd4       0xec ..\obj\ff.o
 .text.gen_numname
                0x08005ec0      0x11c ..\obj\ff.o
 .text.sum_sfn  0x08005fdc       0x44 ..\obj\ff.o
 .text.dir_find
                0x08006020      0x168 ..\obj\ff.o
 .text.dir_register
                0x08006188      0x200 ..\obj\ff.o
 .text.create_name
                0x08006388      0x3f8 ..\obj\ff.o
 .text.follow_path
                0x08006780      0x108 ..\obj\ff.o
 .text.get_ldnumber
                0x08006888      0x10c ..\obj\ff.o
 .text.check_fs
                0x08006994       0xd0 ..\obj\ff.o
 .text.find_volume
                0x08006a64      0x568 ..\obj\ff.o
 .text.validate
                0x08006fcc       0x5c ..\obj\ff.o
 .text.f_mount  0x08007028       0x88 ..\obj\ff.o
                0x08007028                f_mount
 .text.f_open   0x080070b0      0x2a0 ..\obj\ff.o
                0x080070b0                f_open
 .text.f_write  0x08007350      0x2d8 ..\obj\ff.o
                0x08007350                f_write
 .text.f_sync   0x08007628      0x150 ..\obj\ff.o
                0x08007628                f_sync
 .text.f_close  0x08007778       0x38 ..\obj\ff.o
                0x08007778                f_close
 .text.f_lseek  0x080077b0      0x268 ..\obj\ff.o
                0x080077b0                f_lseek
 .text.putc_bfd
                0x08007a18       0x7c ..\obj\ff.o
 .text.f_puts   0x08007a94       0x74 ..\obj\ff.o
                0x08007a94                f_puts
 .text.f_printf
                0x08007b08      0x434 ..\obj\ff.o
                0x08007b08                f_printf
 .text.SPI_Init
                0x08007f3c       0x88 ..\obj\stm32f4xx_spi.o
                0x08007f3c                SPI_Init
 .text.SPI_StructInit
                0x08007fc4       0x4c ..\obj\stm32f4xx_spi.o
                0x08007fc4                SPI_StructInit
 .text.getVoltage
                0x08008010       0x34 ..\obj\ADC3_DMA.o
                0x08008010                getVoltage
 .text.isPassenger
                0x08008044       0x28 ..\obj\ADC3_DMA.o
                0x08008044                isPassenger
 .text.TM_GPIO_Init
                0x0800806c       0x48 ..\obj\tm_stm32f4_gpio.o
                0x0800806c                TM_GPIO_Init
 .text.TM_GPIO_InitAlternate
                0x080080b4       0xa8 ..\obj\tm_stm32f4_gpio.o
                0x080080b4                TM_GPIO_InitAlternate
 .text.TM_GPIO_GetPortSource
                0x0800815c       0x24 ..\obj\tm_stm32f4_gpio.o
                0x0800815c                TM_GPIO_GetPortSource
 .text.TM_GPIO_INT_EnableClock
                0x08008180       0x30 ..\obj\tm_stm32f4_gpio.o
                0x08008180                TM_GPIO_INT_EnableClock
 .text.TM_GPIO_INT_Init
                0x080081b0      0x10c ..\obj\tm_stm32f4_gpio.o
                0x080081b0                TM_GPIO_INT_Init
 .text.pvPortMalloc
                0x080082bc       0x8c ..\obj\heap_1.o
                0x080082bc                pvPortMalloc
 .text.vPortFree
                0x08008348       0x1c ..\obj\heap_1.o
                0x08008348                vPortFree
 .text          0x08008364      0x370 c:/program files (x86)/gnu tools arm embedded/5.4 2016q3/bin/../lib/gcc/arm-none-eabi/5.4.1/armv7e-m\libgcc.a(_arm_addsubdf3.o)
                0x08008364                __aeabi_drsub
                0x0800836c                __aeabi_dsub
                0x0800836c                __subdf3
                0x08008370                __aeabi_dadd
                0x08008370                __adddf3
                0x080085e8                __floatunsidf
                0x080085e8                __aeabi_ui2d
                0x08008608                __floatsidf
                0x08008608                __aeabi_i2d
                0x0800862c                __aeabi_f2d
                0x0800862c                __extendsfdf2
                0x08008668                __floatundidf
                0x08008668                __aeabi_ul2d
                0x08008678                __floatdidf
                0x08008678                __aeabi_l2d
 .text          0x080086d4      0x424 c:/program files (x86)/gnu tools arm embedded/5.4 2016q3/bin/../lib/gcc/arm-none-eabi/5.4.1/armv7e-m\libgcc.a(_arm_muldivdf3.o)
                0x080086d4                __aeabi_dmul
                0x080086d4                __muldf3
                0x08008928                __divdf3
                0x08008928                __aeabi_ddiv
 .text          0x08008af8       0x40 c:/program files (x86)/gnu tools arm embedded/5.4 2016q3/bin/../lib/gcc/arm-none-eabi/5.4.1/armv7e-m\libgcc.a(_arm_fixunsdfsi.o)
                0x08008af8                __aeabi_d2uiz
                0x08008af8                __fixunsdfsi
 .text          0x08008b38       0xa0 c:/program files (x86)/gnu tools arm embedded/5.4 2016q3/bin/../lib/gcc/arm-none-eabi/5.4.1/armv7e-m\libgcc.a(_arm_truncdfsf2.o)
                0x08008b38                __truncdfsf2
                0x08008b38                __aeabi_d2f
 .text.atof     0x08008bd8        0x8 C:\Program Files (x86)\GNU Tools ARM Embedded\5.4 2016q3\arm-none-eabi\lib\armv7e-m\libg.a(lib_a-atof.o)
                0x08008bd8                atof
 .text.atol     0x08008be0        0x8 C:\Program Files (x86)\GNU Tools ARM Embedded\5.4 2016q3\arm-none-eabi\lib\armv7e-m\libg.a(lib_a-atol.o)
                0x08008be0                atol
 .text.malloc   0x08008be8       0x10 C:\Program Files (x86)\GNU Tools ARM Embedded\5.4 2016q3\arm-none-eabi\lib\armv7e-m\libg.a(lib_a-malloc.o)
                0x08008be8                malloc
 .text.free     0x08008bf8       0x10 C:\Program Files (x86)\GNU Tools ARM Embedded\5.4 2016q3\arm-none-eabi\lib\armv7e-m\libg.a(lib_a-malloc.o)
                0x08008bf8                free
 .text._malloc_r
                0x08008c08      0x570 C:\Program Files (x86)\GNU Tools ARM Embedded\5.4 2016q3\arm-none-eabi\lib\armv7e-m\libg.a(lib_a-mallocr.o)
                0x08008c08                _malloc_r
 .text          0x08009178      0x134 C:\Program Files (x86)\GNU Tools ARM Embedded\5.4 2016q3\arm-none-eabi\lib\armv7e-m\libg.a(lib_a-memcpy.o)
                0x08009178                memcpy
 .text.memset   0x080092ac       0x9c C:\Program Files (x86)\GNU Tools ARM Embedded\5.4 2016q3\arm-none-eabi\lib\armv7e-m\libg.a(lib_a-memset.o)
                0x080092ac                memset
 .text.__malloc_lock
                0x08009348        0x4 C:\Program Files (x86)\GNU Tools ARM Embedded\5.4 2016q3\arm-none-eabi\lib\armv7e-m\libg.a(lib_a-mlock.o)
                0x08009348                __malloc_lock
 .text.__malloc_unlock
                0x0800934c        0x4 C:\Program Files (x86)\GNU Tools ARM Embedded\5.4 2016q3\arm-none-eabi\lib\armv7e-m\libg.a(lib_a-mlock.o)
                0x0800934c                __malloc_unlock
 .text._sbrk_r  0x08009350       0x24 C:\Program Files (x86)\GNU Tools ARM Embedded\5.4 2016q3\arm-none-eabi\lib\armv7e-m\libg.a(lib_a-sbrkr.o)
                0x08009350                _sbrk_r
 .text.strchr   0x08009374       0xd0 C:\Program Files (x86)\GNU Tools ARM Embedded\5.4 2016q3\arm-none-eabi\lib\armv7e-m\libg.a(lib_a-strchr.o)
                0x08009374                strchr
 *fill*         0x08009444       0x3c 
 .text          0x08009480       0xdc C:\Program Files (x86)\GNU Tools ARM Embedded\5.4 2016q3\arm-none-eabi\lib\armv7e-m\libg.a(lib_a-strlen.o)
                0x08009480                strlen
 .text.strncpy  0x0800955c       0x68 C:\Program Files (x86)\GNU Tools ARM Embedded\5.4 2016q3\arm-none-eabi\lib\armv7e-m\libg.a(lib_a-strncpy.o)
                0x0800955c                strncpy
 .text.critical_factorization
                0x080095c4       0xb8 C:\Program Files (x86)\GNU Tools ARM Embedded\5.4 2016q3\arm-none-eabi\lib\armv7e-m\libg.a(lib_a-strstr.o)
 .text.two_way_long_needle
                0x0800967c      0x200 C:\Program Files (x86)\GNU Tools ARM Embedded\5.4 2016q3\arm-none-eabi\lib\armv7e-m\libg.a(lib_a-strstr.o)
 .text.strstr   0x0800987c      0x220 C:\Program Files (x86)\GNU Tools ARM Embedded\5.4 2016q3\arm-none-eabi\lib\armv7e-m\libg.a(lib_a-strstr.o)
                0x0800987c                strstr
 .text.unlikely.sulp
                0x08009a9c       0x44 C:\Program Files (x86)\GNU Tools ARM Embedded\5.4 2016q3\arm-none-eabi\lib\armv7e-m\libg.a(lib_a-strtod.o)
 .text._strtod_l
                0x08009ae0      0xe8c C:\Program Files (x86)\GNU Tools ARM Embedded\5.4 2016q3\arm-none-eabi\lib\armv7e-m\libg.a(lib_a-strtod.o)
                0x08009ae0                _strtod_l
 .text.strtod   0x0800a96c       0x24 C:\Program Files (x86)\GNU Tools ARM Embedded\5.4 2016q3\arm-none-eabi\lib\armv7e-m\libg.a(lib_a-strtod.o)
                0x0800a96c                strtod
 .text._strtol_l.isra.0
                0x0800a990      0x138 C:\Program Files (x86)\GNU Tools ARM Embedded\5.4 2016q3\arm-none-eabi\lib\armv7e-m\libg.a(lib_a-strtol.o)
 .text.strtol   0x0800aac8       0x2c C:\Program Files (x86)\GNU Tools ARM Embedded\5.4 2016q3\arm-none-eabi\lib\armv7e-m\libg.a(lib_a-strtol.o)
                0x0800aac8                strtol
 .text._malloc_trim_r
                0x0800aaf4       0x9c C:\Program Files (x86)\GNU Tools ARM Embedded\5.4 2016q3\arm-none-eabi\lib\armv7e-m\libg.a(lib_a-freer.o)
                0x0800aaf4                _malloc_trim_r
 .text._free_r  0x0800ab90      0x1d0 C:\Program Files (x86)\GNU Tools ARM Embedded\5.4 2016q3\arm-none-eabi\lib\armv7e-m\libg.a(lib_a-freer.o)
                0x0800ab90                _free_r
 .text.rshift   0x0800ad60       0xa8 C:\Program Files (x86)\GNU Tools ARM Embedded\5.4 2016q3\arm-none-eabi\lib\armv7e-m\libg.a(lib_a-gdtoa-gethex.o)
 .text.__gethex
                0x0800ae08      0x510 C:\Program Files (x86)\GNU Tools ARM Embedded\5.4 2016q3\arm-none-eabi\lib\armv7e-m\libg.a(lib_a-gdtoa-gethex.o)
                0x0800ae08                __gethex
 .text.__match  0x0800b318       0x30 C:\Program Files (x86)\GNU Tools ARM Embedded\5.4 2016q3\arm-none-eabi\lib\armv7e-m\libg.a(lib_a-gdtoa-hexnan.o)
                0x0800b318                __match
 .text.__hexnan
                0x0800b348      0x180 C:\Program Files (x86)\GNU Tools ARM Embedded\5.4 2016q3\arm-none-eabi\lib\armv7e-m\libg.a(lib_a-gdtoa-hexnan.o)
                0x0800b348                __hexnan
 .text.__locale_ctype_ptr_l
                0x0800b4c8        0x8 C:\Program Files (x86)\GNU Tools ARM Embedded\5.4 2016q3\arm-none-eabi\lib\armv7e-m\libg.a(lib_a-locale.o)
                0x0800b4c8                __locale_ctype_ptr_l
 .text.__localeconv_l
                0x0800b4d0        0x4 C:\Program Files (x86)\GNU Tools ARM Embedded\5.4 2016q3\arm-none-eabi\lib\armv7e-m\libg.a(lib_a-localeconv.o)
                0x0800b4d0                __localeconv_l
 .text.__ascii_mbtowc
                0x0800b4d4       0x2c C:\Program Files (x86)\GNU Tools ARM Embedded\5.4 2016q3\arm-none-eabi\lib\armv7e-m\libg.a(lib_a-mbtowc_r.o)
                0x0800b4d4                __ascii_mbtowc
 .text          0x0800b500       0xa0 C:\Program Files (x86)\GNU Tools ARM Embedded\5.4 2016q3\arm-none-eabi\lib\armv7e-m\libg.a(lib_a-memchr.o)
                0x0800b500                memchr
 .text.memcmp   0x0800b5a0       0x64 C:\Program Files (x86)\GNU Tools ARM Embedded\5.4 2016q3\arm-none-eabi\lib\armv7e-m\libg.a(lib_a-memcmp.o)
                0x0800b5a0                memcmp
 .text._Balloc  0x0800b604       0x4c C:\Program Files (x86)\GNU Tools ARM Embedded\5.4 2016q3\arm-none-eabi\lib\armv7e-m\libg.a(lib_a-mprec.o)
                0x0800b604                _Balloc
 .text._Bfree   0x0800b650       0x14 C:\Program Files (x86)\GNU Tools ARM Embedded\5.4 2016q3\arm-none-eabi\lib\armv7e-m\libg.a(lib_a-mprec.o)
                0x0800b650                _Bfree
 .text.__multadd
                0x0800b664       0x80 C:\Program Files (x86)\GNU Tools ARM Embedded\5.4 2016q3\arm-none-eabi\lib\armv7e-m\libg.a(lib_a-mprec.o)
                0x0800b664                __multadd
 .text.__s2b    0x0800b6e4       0x98 C:\Program Files (x86)\GNU Tools ARM Embedded\5.4 2016q3\arm-none-eabi\lib\armv7e-m\libg.a(lib_a-mprec.o)
                0x0800b6e4                __s2b
 .text.__hi0bits
                0x0800b77c       0x40 C:\Program Files (x86)\GNU Tools ARM Embedded\5.4 2016q3\arm-none-eabi\lib\armv7e-m\libg.a(lib_a-mprec.o)
                0x0800b77c                __hi0bits
 .text.__lo0bits
                0x0800b7bc       0x5c C:\Program Files (x86)\GNU Tools ARM Embedded\5.4 2016q3\arm-none-eabi\lib\armv7e-m\libg.a(lib_a-mprec.o)
                0x0800b7bc                __lo0bits
 .text.__i2b    0x0800b818       0x14 C:\Program Files (x86)\GNU Tools ARM Embedded\5.4 2016q3\arm-none-eabi\lib\armv7e-m\libg.a(lib_a-mprec.o)
                0x0800b818                __i2b
 .text.__multiply
                0x0800b82c      0x130 C:\Program Files (x86)\GNU Tools ARM Embedded\5.4 2016q3\arm-none-eabi\lib\armv7e-m\libg.a(lib_a-mprec.o)
                0x0800b82c                __multiply
 .text.__pow5mult
                0x0800b95c       0xa0 C:\Program Files (x86)\GNU Tools ARM Embedded\5.4 2016q3\arm-none-eabi\lib\armv7e-m\libg.a(lib_a-mprec.o)
                0x0800b95c                __pow5mult
 .text.__lshift
                0x0800b9fc       0xb0 C:\Program Files (x86)\GNU Tools ARM Embedded\5.4 2016q3\arm-none-eabi\lib\armv7e-m\libg.a(lib_a-mprec.o)
                0x0800b9fc                __lshift
 .text.__mcmp   0x0800baac       0x40 C:\Program Files (x86)\GNU Tools ARM Embedded\5.4 2016q3\arm-none-eabi\lib\armv7e-m\libg.a(lib_a-mprec.o)
                0x0800baac                __mcmp
 .text.__mdiff  0x0800baec      0x114 C:\Program Files (x86)\GNU Tools ARM Embedded\5.4 2016q3\arm-none-eabi\lib\armv7e-m\libg.a(lib_a-mprec.o)
                0x0800baec                __mdiff
 .text.__ulp    0x0800bc00       0x44 C:\Program Files (x86)\GNU Tools ARM Embedded\5.4 2016q3\arm-none-eabi\lib\armv7e-m\libg.a(lib_a-mprec.o)
                0x0800bc00                __ulp
 .text.__b2d    0x0800bc44       0xd4 C:\Program Files (x86)\GNU Tools ARM Embedded\5.4 2016q3\arm-none-eabi\lib\armv7e-m\libg.a(lib_a-mprec.o)
                0x0800bc44                __b2d
 .text.__d2b    0x0800bd18       0xb8 C:\Program Files (x86)\GNU Tools ARM Embedded\5.4 2016q3\arm-none-eabi\lib\armv7e-m\libg.a(lib_a-mprec.o)
                0x0800bd18                __d2b
 .text.__ratio  0x0800bdd0       0x54 C:\Program Files (x86)\GNU Tools ARM Embedded\5.4 2016q3\arm-none-eabi\lib\armv7e-m\libg.a(lib_a-mprec.o)
                0x0800bdd0                __ratio
 .text.__copybits
                0x0800be24       0x48 C:\Program Files (x86)\GNU Tools ARM Embedded\5.4 2016q3\arm-none-eabi\lib\armv7e-m\libg.a(lib_a-mprec.o)
                0x0800be24                __copybits
 .text.__any_on
                0x0800be6c       0x5c C:\Program Files (x86)\GNU Tools ARM Embedded\5.4 2016q3\arm-none-eabi\lib\armv7e-m\libg.a(lib_a-mprec.o)
                0x0800be6c                __any_on
 .text.strncmp  0x0800bec8       0xa0 C:\Program Files (x86)\GNU Tools ARM Embedded\5.4 2016q3\arm-none-eabi\lib\armv7e-m\libg.a(lib_a-strncmp.o)
                0x0800bec8                strncmp
 .text.__ascii_wctomb
                0x0800bf68       0x1c C:\Program Files (x86)\GNU Tools ARM Embedded\5.4 2016q3\arm-none-eabi\lib\armv7e-m\libg.a(lib_a-wctomb_r.o)
                0x0800bf68                __ascii_wctomb
 .text._calloc_r
                0x0800bf84       0x60 C:\Program Files (x86)\GNU Tools ARM Embedded\5.4 2016q3\arm-none-eabi\lib\armv7e-m\libg.a(lib_a-callocr.o)
                0x0800bf84                _calloc_r
 .text          0x0800bfe4      0x110 c:/program files (x86)/gnu tools arm embedded/5.4 2016q3/bin/../lib/gcc/arm-none-eabi/5.4.1/armv7e-m\libgcc.a(_arm_cmpdf2.o)
                0x0800bfe4                __gtdf2
                0x0800bfe4                __gedf2
                0x0800bfec                __ltdf2
                0x0800bfec                __ledf2
                0x0800bff4                __nedf2
                0x0800bff4                __eqdf2
                0x0800bff4                __cmpdf2
                0x0800c070                __aeabi_cdrcmple
                0x0800c080                __aeabi_cdcmpeq
                0x0800c080                __aeabi_cdcmple
                0x0800c090                __aeabi_dcmpeq
                0x0800c0a4                __aeabi_dcmplt
                0x0800c0b8                __aeabi_dcmple
                0x0800c0cc                __aeabi_dcmpge
                0x0800c0e0                __aeabi_dcmpgt
 .text          0x0800c0f4       0x50 c:/program files (x86)/gnu tools arm embedded/5.4 2016q3/bin/../lib/gcc/arm-none-eabi/5.4.1/armv7e-m\libgcc.a(_arm_fixdfsi.o)
                0x0800c0f4                __aeabi_d2iz
                0x0800c0f4                __fixdfsi
 *(.glue_7t)
 .glue_7t       0x0800c144        0x0 linker stubs
 *(.glue_7)
 .glue_7        0x0800c144        0x0 linker stubs
 *(.rodata .rodata* .gnu.linkonce.r.*)
 .rodata        0x0800c144      0x4c0 ..\obj\unicode.o
 .rodata        0x0800c604       0xf3 ..\obj\main.o
 *fill*         0x0800c6f7        0x1 
 .rodata        0x0800c6f8        0xd ..\obj\timers.o
 *fill*         0x0800c705        0x3 
 .rodata        0x0800c708        0x7 ..\obj\GPS_parsing.o
 *fill*         0x0800c70f        0x1 
 .rodata        0x0800c710        0x5 ..\obj\tasks.o
 *fill*         0x0800c715        0x3 
 .rodata        0x0800c718      0x17e ..\obj\ff.o
 *fill*         0x0800c896        0x2 
 .rodata.str1.4
                0x0800c898        0xf C:\Program Files (x86)\GNU Tools ARM Embedded\5.4 2016q3\arm-none-eabi\lib\armv7e-m\libg.a(lib_a-strtod.o)
 *fill*         0x0800c8a7        0x1 
 .rodata.fpinan.6207
                0x0800c8a8       0x14 C:\Program Files (x86)\GNU Tools ARM Embedded\5.4 2016q3\arm-none-eabi\lib\armv7e-m\libg.a(lib_a-strtod.o)
 *fill*         0x0800c8bc        0x4 
 .rodata.tinytens
                0x0800c8c0       0x28 C:\Program Files (x86)\GNU Tools ARM Embedded\5.4 2016q3\arm-none-eabi\lib\armv7e-m\libg.a(lib_a-strtod.o)
 .rodata.fpi.6171
                0x0800c8e8       0x14 C:\Program Files (x86)\GNU Tools ARM Embedded\5.4 2016q3\arm-none-eabi\lib\armv7e-m\libg.a(lib_a-strtod.o)
 .rodata.__hexdig
                0x0800c8fc      0x100 C:\Program Files (x86)\GNU Tools ARM Embedded\5.4 2016q3\arm-none-eabi\lib\armv7e-m\libg.a(lib_a-gdtoa-gethex.o)
                0x0800c8fc                __hexdig
 .rodata.str1.4
                0x0800c9fc       0x14 C:\Program Files (x86)\GNU Tools ARM Embedded\5.4 2016q3\arm-none-eabi\lib\armv7e-m\libg.a(lib_a-locale.o)
                                 0x12 (size before relaxing)
 .rodata.__mprec_tens
                0x0800ca10       0xc8 C:\Program Files (x86)\GNU Tools ARM Embedded\5.4 2016q3\arm-none-eabi\lib\armv7e-m\libg.a(lib_a-mprec.o)
                0x0800ca10                __mprec_tens
 .rodata.p05.6085
                0x0800cad8        0xc C:\Program Files (x86)\GNU Tools ARM Embedded\5.4 2016q3\arm-none-eabi\lib\armv7e-m\libg.a(lib_a-mprec.o)
 *fill*         0x0800cae4        0x4 
 .rodata.__mprec_bigtens
                0x0800cae8       0x28 C:\Program Files (x86)\GNU Tools ARM Embedded\5.4 2016q3\arm-none-eabi\lib\armv7e-m\libg.a(lib_a-mprec.o)
                0x0800cae8                __mprec_bigtens
 .rodata._ctype_
                0x0800cb10      0x101 C:\Program Files (x86)\GNU Tools ARM Embedded\5.4 2016q3\arm-none-eabi\lib\armv7e-m\libg.a(lib_a-ctype_.o)
                0x0800cb10                _ctype_

.vfp11_veneer   0x0800cc14        0x0
 .vfp11_veneer  0x0800cc14        0x0 linker stubs

.v4_bx          0x0800cc14        0x0
 .v4_bx         0x0800cc14        0x0 linker stubs

.iplt           0x0800cc14        0x0
 .iplt          0x0800cc14        0x0 ..\obj\tm_stm32f4_fatfs.o

.rel.dyn        0x0800cc14        0x0
 .rel.iplt      0x0800cc14        0x0 ..\obj\tm_stm32f4_fatfs.o

.ARM.extab
 *(.ARM.extab* .gnu.linkonce.armextab.*)
                0x0800cc14                __exidx_start = .

.ARM.exidx
 *(.ARM.exidx* .gnu.linkonce.armexidx.*)
                0x0800cc14                __exidx_end = .
                0x0800cc14                . = ALIGN (0x4)
                0x0800cc14                _etext = .
                0x0800cc14                _sidata = .

.data           0x20000000      0xa90 load address 0x0800cc14
                0x20000000                _sdata = .
 *(.data .data.*)
 .data          0x20000000       0xb4 ..\obj\diskio.o
                0x20000000                FATFS_LowLevelDrivers
 .data          0x200000b4       0x10 ..\obj\stm32f4xx_rcc.o
 .data          0x200000c4        0x1 ..\obj\fatfs_sd.o
 *fill*         0x200000c5        0x3 
 .data          0x200000c8        0x4 ..\obj\tasks.o
 .data          0x200000cc       0x14 ..\obj\system_stm32f4xx.o
                0x200000cc                SystemCoreClock
                0x200000d0                AHBPrescTable
 .data          0x200000e0        0x4 ..\obj\port.o
 .data.__malloc_av_
                0x200000e4      0x408 C:\Program Files (x86)\GNU Tools ARM Embedded\5.4 2016q3\arm-none-eabi\lib\armv7e-m\libg.a(lib_a-mallocr.o)
                0x200000e4                __malloc_av_
 .data.__malloc_trim_threshold
                0x200004ec        0x4 C:\Program Files (x86)\GNU Tools ARM Embedded\5.4 2016q3\arm-none-eabi\lib\armv7e-m\libg.a(lib_a-mallocr.o)
                0x200004ec                __malloc_trim_threshold
 .data.__malloc_sbrk_base
                0x200004f0        0x4 C:\Program Files (x86)\GNU Tools ARM Embedded\5.4 2016q3\arm-none-eabi\lib\armv7e-m\libg.a(lib_a-mallocr.o)
                0x200004f0                __malloc_sbrk_base
 *fill*         0x200004f4        0x4 
 .data.impure_data
                0x200004f8      0x428 C:\Program Files (x86)\GNU Tools ARM Embedded\5.4 2016q3\arm-none-eabi\lib\armv7e-m\libg.a(lib_a-impure.o)
 .data._impure_ptr
                0x20000920        0x4 C:\Program Files (x86)\GNU Tools ARM Embedded\5.4 2016q3\arm-none-eabi\lib\armv7e-m\libg.a(lib_a-impure.o)
                0x20000920                _impure_ptr
 .data.__global_locale
                0x20000924      0x16c C:\Program Files (x86)\GNU Tools ARM Embedded\5.4 2016q3\arm-none-eabi\lib\armv7e-m\libg.a(lib_a-locale.o)
                0x20000924                __global_locale
                0x20000a90                . = ALIGN (0x4)
                0x20000a90                _edata = .

.igot.plt       0x20000a90        0x0 load address 0x0800d6a4
 .igot.plt      0x20000a90        0x0 ..\obj\tm_stm32f4_fatfs.o

.bss            0x20000a90    0x12e8c load address 0x0800d6a4
                0x20000a90                _sbss = .
 *(.bss .bss.*)
 .bss           0x20000a90        0x4 ..\obj\syscalls(1).o
 .bss           0x20000a94        0x4 ..\obj\main.o
 .bss           0x20000a98       0x38 ..\obj\timers.o
 .bss           0x20000ad0        0x1 ..\obj\fatfs_sd.o
 *fill*         0x20000ad1        0x3 
 .bss           0x20000ad4       0x28 ..\obj\tm_stm32f4_delay.o
                0x20000ad4                TM_TimingDelay
                0x20000ad8                TM_Time
                0x20000adc                TM_Time2
                0x20000ae0                TM_DELAY_Initialized
 .bss           0x20000afc       0xfc ..\obj\tasks.o
                0x20000afc                pxCurrentTCB
 .bss           0x20000bf8        0x8 ..\obj\port.o
 .bss           0x20000c00       0x27 ..\obj\ff.o
 *fill*         0x20000c27        0x1 
 .bss           0x20000c28        0x8 ..\obj\ADC3_DMA.o
                0x20000c28                ADC3ConvertedValue
                0x20000c2c                ADC3ConvertedVoltage
 .bss           0x20000c30       0x16 ..\obj\tm_stm32f4_gpio.o
 *fill*         0x20000c46        0x2 
 .bss           0x20000c48    0x12c08 ..\obj\heap_1.o
 .bss.__malloc_max_total_mem
                0x20013850        0x4 C:\Program Files (x86)\GNU Tools ARM Embedded\5.4 2016q3\arm-none-eabi\lib\armv7e-m\libg.a(lib_a-mallocr.o)
                0x20013850                __malloc_max_total_mem
 .bss.__malloc_max_sbrked_mem
                0x20013854        0x4 C:\Program Files (x86)\GNU Tools ARM Embedded\5.4 2016q3\arm-none-eabi\lib\armv7e-m\libg.a(lib_a-mallocr.o)
                0x20013854                __malloc_max_sbrked_mem
 .bss.__malloc_top_pad
                0x20013858        0x4 C:\Program Files (x86)\GNU Tools ARM Embedded\5.4 2016q3\arm-none-eabi\lib\armv7e-m\libg.a(lib_a-mallocr.o)
                0x20013858                __malloc_top_pad
 .bss.__malloc_current_mallinfo
                0x2001385c       0x28 C:\Program Files (x86)\GNU Tools ARM Embedded\5.4 2016q3\arm-none-eabi\lib\armv7e-m\libg.a(lib_a-mallocr.o)
                0x2001385c                __malloc_current_mallinfo
 *(COMMON)
 COMMON         0x20013884       0x4d ..\obj\main.o
                0x20013884                sensor_model
                0x20013888                xSemaphoreSD
                0x2001388c                xSemaphoreBluetooth
                0x20013890                xSemaphoreArducam
                0x20013894                GPS_data
                0x200138cc                xSemaphorePiComm
                0x200138d0                m_fmt
 *fill*         0x200138d1        0x3 
 COMMON         0x200138d4        0x4 ..\obj\tm_stm32f4_delay.o
                0x200138d4                mult
 COMMON         0x200138d8       0x40 ..\obj\queue.o
                0x200138d8                xQueueRegistry
 COMMON         0x20013918        0x4 C:\Program Files (x86)\GNU Tools ARM Embedded\5.4 2016q3\arm-none-eabi\lib\armv7e-m\libg.a(lib_a-reent.o)
                0x20013918                errno
                0x2001391c                . = ALIGN (0x4)
                0x2001391c                _ebss = .

.co_stack       0x2001391c      0x804 load address 0x08020530
                0x20013920                . = ALIGN (0x8)
 *fill*         0x2001391c        0x4 
 *(.co_stack .co_stack.*)
 .co_stack      0x20013920      0x800 ..\obj\startup_stm32f4xx.o
                0x20013920                pulStack
                0x20014120                . = ALIGN (0x4)
                0x20014120                _end = .
LOAD ..\obj\tm_stm32f4_fatfs.o
LOAD ..\obj\unicode.o
LOAD ..\obj\stm32f4xx_sdio.o
LOAD ..\obj\stm32f4xx_usart.o
LOAD ..\obj\syscalls(1).o
LOAD ..\obj\diskio.o
LOAD ..\obj\startup_stm32f4xx.o
LOAD ..\obj\main.o
LOAD ..\obj\Bluetooth.o
LOAD ..\obj\stm32f4xx_rcc.o
LOAD ..\obj\timers.o
LOAD ..\obj\stm32f4xx_adc.o
LOAD ..\obj\fatfs_sd.o
LOAD ..\obj\Pi_comm.o
LOAD ..\obj\GPS_parsing.o
LOAD ..\obj\tm_stm32f4_delay.o
LOAD ..\obj\tasks.o
LOAD ..\obj\syscall.o
LOAD ..\obj\tm_stm32f4_spi.o
LOAD ..\obj\stm32f4xx_gpio.o
LOAD ..\obj\list.o
LOAD ..\obj\system_stm32f4xx.o
LOAD ..\obj\stm32f4xx_dma.o
LOAD ..\obj\Accelerometer.o
LOAD ..\obj\IOToggle.o
LOAD ..\obj\arducam.o
LOAD ..\obj\port.o
LOAD ..\obj\queue.o
LOAD ..\obj\ff.o
LOAD ..\obj\croutine.o
LOAD ..\obj\stm32f4xx_spi.o
LOAD ..\obj\stm32f4xx_i2c.o
LOAD ..\obj\misc.o
LOAD ..\obj\ADC3_DMA.o
LOAD ..\obj\tm_stm32f4_gpio.o
LOAD ..\obj\heap_1.o
LOAD ..\obj\stm32f4xx_tim.o
LOAD C:\Program Files (x86)\GNU Tools ARM Embedded\5.4 2016q3\arm-none-eabi\lib\armv7e-m\libm.a
START GROUP
LOAD c:/program files (x86)/gnu tools arm embedded/5.4 2016q3/bin/../lib/gcc/arm-none-eabi/5.4.1/armv7e-m\libgcc.a
LOAD C:\Program Files (x86)\GNU Tools ARM Embedded\5.4 2016q3\arm-none-eabi\lib\armv7e-m\libg.a
LOAD C:\Program Files (x86)\GNU Tools ARM Embedded\5.4 2016q3\arm-none-eabi\lib\armv7e-m\libc.a
END GROUP
OUTPUT(dev.elf elf32-littlearm)

.debug_info     0x00000000     0xf7eb
 .debug_info    0x00000000      0x15e ..\obj\unicode.o
 .debug_info    0x0000015e      0x990 ..\obj\stm32f4xx_usart.o
 .debug_info    0x00000aee      0x2ba ..\obj\syscalls(1).o
 .debug_info    0x00000da8      0xba4 ..\obj\diskio.o
 .debug_info    0x0000194c      0x107 ..\obj\startup_stm32f4xx.o
 .debug_info    0x00001a53      0xb61 ..\obj\main.o
 .debug_info    0x000025b4      0x4c7 ..\obj\Bluetooth.o
 .debug_info    0x00002a7b      0xc29 ..\obj\stm32f4xx_rcc.o
 .debug_info    0x000036a4      0x783 ..\obj\timers.o
 .debug_info    0x00003e27      0xc06 ..\obj\stm32f4xx_adc.o
 .debug_info    0x00004a2d      0x98f ..\obj\fatfs_sd.o
 .debug_info    0x000053bc      0x5df ..\obj\Pi_comm.o
 .debug_info    0x0000599b      0x6cc ..\obj\GPS_parsing.o
 .debug_info    0x00006067      0xac8 ..\obj\tm_stm32f4_delay.o
 .debug_info    0x00006b2f     0x1188 ..\obj\tasks.o
 .debug_info    0x00007cb7       0xbd ..\obj\syscall.o
 .debug_info    0x00007d74      0xadd ..\obj\tm_stm32f4_spi.o
 .debug_info    0x00008851      0x5e0 ..\obj\stm32f4xx_gpio.o
 .debug_info    0x00008e31      0x287 ..\obj\list.o
 .debug_info    0x000090b8      0x58b ..\obj\system_stm32f4xx.o
 .debug_info    0x00009643      0x4f6 ..\obj\Accelerometer.o
 .debug_info    0x00009b39      0xcae ..\obj\arducam.o
 .debug_info    0x0000a7e7      0x331 ..\obj\port.o
 .debug_info    0x0000ab18      0xb71 ..\obj\queue.o
 .debug_info    0x0000b689     0x2624 ..\obj\ff.o
 .debug_info    0x0000dcad      0xad5 ..\obj\stm32f4xx_spi.o
 .debug_info    0x0000e782      0x6fb ..\obj\ADC3_DMA.o
 .debug_info    0x0000ee7d      0x803 ..\obj\tm_stm32f4_gpio.o
 .debug_info    0x0000f680      0x16b ..\obj\heap_1.o

.debug_abbrev   0x00000000     0x2f23
 .debug_abbrev  0x00000000       0x97 ..\obj\unicode.o
 .debug_abbrev  0x00000097      0x157 ..\obj\stm32f4xx_usart.o
 .debug_abbrev  0x000001ee       0xe1 ..\obj\syscalls(1).o
 .debug_abbrev  0x000002cf      0x2a0 ..\obj\diskio.o
 .debug_abbrev  0x0000056f       0xd1 ..\obj\startup_stm32f4xx.o
 .debug_abbrev  0x00000640      0x2d3 ..\obj\main.o
 .debug_abbrev  0x00000913      0x172 ..\obj\Bluetooth.o
 .debug_abbrev  0x00000a85      0x1e5 ..\obj\stm32f4xx_rcc.o
 .debug_abbrev  0x00000c6a      0x186 ..\obj\timers.o
 .debug_abbrev  0x00000df0      0x198 ..\obj\stm32f4xx_adc.o
 .debug_abbrev  0x00000f88      0x2c7 ..\obj\fatfs_sd.o
 .debug_abbrev  0x0000124f      0x164 ..\obj\Pi_comm.o
 .debug_abbrev  0x000013b3      0x19f ..\obj\GPS_parsing.o
 .debug_abbrev  0x00001552      0x2ff ..\obj\tm_stm32f4_delay.o
 .debug_abbrev  0x00001851      0x226 ..\obj\tasks.o
 .debug_abbrev  0x00001a77       0x7f ..\obj\syscall.o
 .debug_abbrev  0x00001af6      0x200 ..\obj\tm_stm32f4_spi.o
 .debug_abbrev  0x00001cf6      0x1a7 ..\obj\stm32f4xx_gpio.o
 .debug_abbrev  0x00001e9d       0xbc ..\obj\list.o
 .debug_abbrev  0x00001f59      0x138 ..\obj\system_stm32f4xx.o
 .debug_abbrev  0x00002091      0x112 ..\obj\Accelerometer.o
 .debug_abbrev  0x000021a3      0x2d2 ..\obj\arducam.o
 .debug_abbrev  0x00002475      0x1ac ..\obj\port.o
 .debug_abbrev  0x00002621      0x1c7 ..\obj\queue.o
 .debug_abbrev  0x000027e8      0x1fc ..\obj\ff.o
 .debug_abbrev  0x000029e4      0x169 ..\obj\stm32f4xx_spi.o
 .debug_abbrev  0x00002b4d      0x199 ..\obj\ADC3_DMA.o
 .debug_abbrev  0x00002ce6      0x151 ..\obj\tm_stm32f4_gpio.o
 .debug_abbrev  0x00002e37       0xec ..\obj\heap_1.o

.debug_aranges  0x00000000     0x12a8
 .debug_aranges
                0x00000000       0x28 ..\obj\unicode.o
 .debug_aranges
                0x00000028      0x100 ..\obj\stm32f4xx_usart.o
 .debug_aranges
                0x00000128       0x58 ..\obj\syscalls(1).o
 .debug_aranges
                0x00000180      0x138 ..\obj\diskio.o
 .debug_aranges
                0x000002b8       0x28 ..\obj\startup_stm32f4xx.o
 .debug_aranges
                0x000002e0       0x88 ..\obj\main.o
 .debug_aranges
                0x00000368       0x28 ..\obj\Bluetooth.o
 .debug_aranges
                0x00000390      0x178 ..\obj\stm32f4xx_rcc.o
 .debug_aranges
                0x00000508       0x88 ..\obj\timers.o
 .debug_aranges
                0x00000590      0x148 ..\obj\stm32f4xx_adc.o
 .debug_aranges
                0x000006d8       0xc0 ..\obj\fatfs_sd.o
 .debug_aranges
                0x00000798       0x40 ..\obj\Pi_comm.o
 .debug_aranges
                0x000007d8       0x30 ..\obj\GPS_parsing.o
 .debug_aranges
                0x00000808       0x90 ..\obj\tm_stm32f4_delay.o
 .debug_aranges
                0x00000898      0x180 ..\obj\tasks.o
 .debug_aranges
                0x00000a18       0x28 ..\obj\syscall.o
 .debug_aranges
                0x00000a40       0xa8 ..\obj\tm_stm32f4_spi.o
 .debug_aranges
                0x00000ae8       0x88 ..\obj\stm32f4xx_gpio.o
 .debug_aranges
                0x00000b70       0x40 ..\obj\list.o
 .debug_aranges
                0x00000bb0       0x30 ..\obj\system_stm32f4xx.o
 .debug_aranges
                0x00000be0       0x40 ..\obj\Accelerometer.o
 .debug_aranges
                0x00000c20       0xe8 ..\obj\arducam.o
 .debug_aranges
                0x00000d08       0x90 ..\obj\port.o
 .debug_aranges
                0x00000d98       0xf8 ..\obj\queue.o
 .debug_aranges
                0x00000e90      0x230 ..\obj\ff.o
 .debug_aranges
                0x000010c0       0xe0 ..\obj\stm32f4xx_spi.o
 .debug_aranges
                0x000011a0       0x38 ..\obj\ADC3_DMA.o
 .debug_aranges
                0x000011d8       0x98 ..\obj\tm_stm32f4_gpio.o
 .debug_aranges
                0x00001270       0x38 ..\obj\heap_1.o

.debug_ranges   0x00000000     0x10d8
 .debug_ranges  0x00000000       0x18 ..\obj\unicode.o
 .debug_ranges  0x00000018       0xf0 ..\obj\stm32f4xx_usart.o
 .debug_ranges  0x00000108       0x48 ..\obj\syscalls(1).o
 .debug_ranges  0x00000150      0x128 ..\obj\diskio.o
 .debug_ranges  0x00000278       0x18 ..\obj\startup_stm32f4xx.o
 .debug_ranges  0x00000290       0x78 ..\obj\main.o
 .debug_ranges  0x00000308       0x18 ..\obj\Bluetooth.o
 .debug_ranges  0x00000320      0x168 ..\obj\stm32f4xx_rcc.o
 .debug_ranges  0x00000488       0x78 ..\obj\timers.o
 .debug_ranges  0x00000500      0x138 ..\obj\stm32f4xx_adc.o
 .debug_ranges  0x00000638       0xb0 ..\obj\fatfs_sd.o
 .debug_ranges  0x000006e8       0x30 ..\obj\Pi_comm.o
 .debug_ranges  0x00000718       0x20 ..\obj\GPS_parsing.o
 .debug_ranges  0x00000738       0x80 ..\obj\tm_stm32f4_delay.o
 .debug_ranges  0x000007b8      0x170 ..\obj\tasks.o
 .debug_ranges  0x00000928       0x18 ..\obj\syscall.o
 .debug_ranges  0x00000940       0x98 ..\obj\tm_stm32f4_spi.o
 .debug_ranges  0x000009d8       0x78 ..\obj\stm32f4xx_gpio.o
 .debug_ranges  0x00000a50       0x30 ..\obj\list.o
 .debug_ranges  0x00000a80       0x20 ..\obj\system_stm32f4xx.o
 .debug_ranges  0x00000aa0       0x30 ..\obj\Accelerometer.o
 .debug_ranges  0x00000ad0       0xd8 ..\obj\arducam.o
 .debug_ranges  0x00000ba8       0x80 ..\obj\port.o
 .debug_ranges  0x00000c28       0xe8 ..\obj\queue.o
 .debug_ranges  0x00000d10      0x220 ..\obj\ff.o
 .debug_ranges  0x00000f30       0xd0 ..\obj\stm32f4xx_spi.o
 .debug_ranges  0x00001000       0x28 ..\obj\ADC3_DMA.o
 .debug_ranges  0x00001028       0x88 ..\obj\tm_stm32f4_gpio.o
 .debug_ranges  0x000010b0       0x28 ..\obj\heap_1.o

.debug_line     0x00000000     0x7385
 .debug_line    0x00000000      0x11a ..\obj\unicode.o
 .debug_line    0x0000011a      0x3f7 ..\obj\stm32f4xx_usart.o
 .debug_line    0x00000511       0xfe ..\obj\syscalls(1).o
 .debug_line    0x0000060f      0x4fe ..\obj\diskio.o
 .debug_line    0x00000b0d       0x95 ..\obj\startup_stm32f4xx.o
 .debug_line    0x00000ba2      0x509 ..\obj\main.o
 .debug_line    0x000010ab      0x167 ..\obj\Bluetooth.o
 .debug_line    0x00001212      0x4e3 ..\obj\stm32f4xx_rcc.o
 .debug_line    0x000016f5      0x301 ..\obj\timers.o
 .debug_line    0x000019f6      0x49c ..\obj\stm32f4xx_adc.o
 .debug_line    0x00001e92      0x621 ..\obj\fatfs_sd.o
 .debug_line    0x000024b3      0x214 ..\obj\Pi_comm.o
 .debug_line    0x000026c7      0x23e ..\obj\GPS_parsing.o
 .debug_line    0x00002905      0x367 ..\obj\tm_stm32f4_delay.o
 .debug_line    0x00002c6c      0x9cc ..\obj\tasks.o
 .debug_line    0x00003638       0xd4 ..\obj\syscall.o
 .debug_line    0x0000370c      0x4ce ..\obj\tm_stm32f4_spi.o
 .debug_line    0x00003bda      0x29e ..\obj\stm32f4xx_gpio.o
 .debug_line    0x00003e78      0x180 ..\obj\list.o
 .debug_line    0x00003ff8      0x13a ..\obj\system_stm32f4xx.o
 .debug_line    0x00004132      0x1b4 ..\obj\Accelerometer.o
 .debug_line    0x000042e6      0x54a ..\obj\arducam.o
 .debug_line    0x00004830      0x2be ..\obj\port.o
 .debug_line    0x00004aee      0x702 ..\obj\queue.o
 .debug_line    0x000051f0     0x1824 ..\obj\ff.o
 .debug_line    0x00006a14      0x397 ..\obj\stm32f4xx_spi.o
 .debug_line    0x00006dab      0x1c1 ..\obj\ADC3_DMA.o
 .debug_line    0x00006f6c      0x2c9 ..\obj\tm_stm32f4_gpio.o
 .debug_line    0x00007235      0x150 ..\obj\heap_1.o

.debug_str      0x00000000     0x5316
 .debug_str     0x00000000      0x155 ..\obj\unicode.o
                                0x182 (size before relaxing)
 .debug_str     0x00000155      0x547 ..\obj\stm32f4xx_usart.o
                                0x662 (size before relaxing)
 .debug_str     0x0000069c       0xc1 ..\obj\syscalls(1).o
                                0x202 (size before relaxing)
 .debug_str     0x0000075d      0x4a0 ..\obj\diskio.o
                                0x726 (size before relaxing)
 .debug_str     0x00000bfd       0xae ..\obj\startup_stm32f4xx.o
                                0x16a (size before relaxing)
 .debug_str     0x00000cab      0x46d ..\obj\main.o
                                0x7ba (size before relaxing)
 .debug_str     0x00001118      0x16d ..\obj\Bluetooth.o
                                0x4b3 (size before relaxing)
 .debug_str     0x00001285      0x5d0 ..\obj\stm32f4xx_rcc.o
                                0x823 (size before relaxing)
 .debug_str     0x00001855      0x448 ..\obj\timers.o
                                0x626 (size before relaxing)
 .debug_str     0x00001c9d      0x626 ..\obj\stm32f4xx_adc.o
                                0x7d7 (size before relaxing)
 .debug_str     0x000022c3      0x255 ..\obj\fatfs_sd.o
                                0x678 (size before relaxing)
 .debug_str     0x00002518       0x55 ..\obj\Pi_comm.o
                                0x512 (size before relaxing)
 .debug_str     0x0000256d       0x8e ..\obj\GPS_parsing.o
                                0x59b (size before relaxing)
 .debug_str     0x000025fb      0x7b7 ..\obj\tm_stm32f4_delay.o
                                0xa23 (size before relaxing)
 .debug_str     0x00002db2      0x93c ..\obj\tasks.o
                                0xbbb (size before relaxing)
 .debug_str     0x000036ee       0x6e ..\obj\syscall.o
                                0x183 (size before relaxing)
 .debug_str     0x0000375c      0x304 ..\obj\tm_stm32f4_spi.o
                                0x751 (size before relaxing)
 .debug_str     0x00003a60      0x16b ..\obj\stm32f4xx_gpio.o
                                0x476 (size before relaxing)
 .debug_str     0x00003bcb       0xbf ..\obj\list.o
                                0x2ab (size before relaxing)
 .debug_str     0x00003c8a       0x9c ..\obj\system_stm32f4xx.o
                                0x37d (size before relaxing)
 .debug_str     0x00003d26       0x88 ..\obj\Accelerometer.o
                                0x476 (size before relaxing)
 .debug_str     0x00003dae      0x324 ..\obj\arducam.o
                                0x7be (size before relaxing)
 .debug_str     0x000040d2      0x241 ..\obj\port.o
                                0x40d (size before relaxing)
 .debug_str     0x00004313      0x451 ..\obj\queue.o
                                0x729 (size before relaxing)
 .debug_str     0x00004764      0x417 ..\obj\ff.o
                                0x7c8 (size before relaxing)
 .debug_str     0x00004b7b      0x2c6 ..\obj\stm32f4xx_spi.o
                                0x65d (size before relaxing)
 .debug_str     0x00004e41      0x231 ..\obj\ADC3_DMA.o
                                0x6df (size before relaxing)
 .debug_str     0x00005072      0x1e4 ..\obj\tm_stm32f4_gpio.o
                                0x58b (size before relaxing)
 .debug_str     0x00005256       0xc0 ..\obj\heap_1.o
                                0x217 (size before relaxing)

.comment        0x00000000       0x6e
 .comment       0x00000000       0x6e ..\obj\unicode.o
                                 0x6f (size before relaxing)
 .comment       0x0000006e       0x6f ..\obj\stm32f4xx_usart.o
 .comment       0x0000006e       0x6f ..\obj\syscalls(1).o
 .comment       0x0000006e       0x6f ..\obj\diskio.o
 .comment       0x0000006e       0x6f ..\obj\startup_stm32f4xx.o
 .comment       0x0000006e       0x6f ..\obj\main.o
 .comment       0x0000006e       0x6f ..\obj\Bluetooth.o
 .comment       0x0000006e       0x6f ..\obj\stm32f4xx_rcc.o
 .comment       0x0000006e       0x6f ..\obj\timers.o
 .comment       0x0000006e       0x6f ..\obj\stm32f4xx_adc.o
 .comment       0x0000006e       0x6f ..\obj\fatfs_sd.o
 .comment       0x0000006e       0x6f ..\obj\Pi_comm.o
 .comment       0x0000006e       0x6f ..\obj\GPS_parsing.o
 .comment       0x0000006e       0x6f ..\obj\tm_stm32f4_delay.o
 .comment       0x0000006e       0x6f ..\obj\tasks.o
 .comment       0x0000006e       0x6f ..\obj\syscall.o
 .comment       0x0000006e       0x6f ..\obj\tm_stm32f4_spi.o
 .comment       0x0000006e       0x6f ..\obj\stm32f4xx_gpio.o
 .comment       0x0000006e       0x6f ..\obj\list.o
 .comment       0x0000006e       0x6f ..\obj\system_stm32f4xx.o
 .comment       0x0000006e       0x6f ..\obj\Accelerometer.o
 .comment       0x0000006e       0x6f ..\obj\arducam.o
 .comment       0x0000006e       0x6f ..\obj\port.o
 .comment       0x0000006e       0x6f ..\obj\queue.o
 .comment       0x0000006e       0x6f ..\obj\ff.o
 .comment       0x0000006e       0x6f ..\obj\stm32f4xx_spi.o
 .comment       0x0000006e       0x6f ..\obj\ADC3_DMA.o
 .comment       0x0000006e       0x6f ..\obj\tm_stm32f4_gpio.o
 .comment       0x0000006e       0x6f ..\obj\heap_1.o

.ARM.attributes
                0x00000000       0x35
 .ARM.attributes
                0x00000000       0x37 ..\obj\unicode.o
 .ARM.attributes
                0x00000037       0x37 ..\obj\stm32f4xx_usart.o
 .ARM.attributes
                0x0000006e       0x37 ..\obj\syscalls(1).o
 .ARM.attributes
                0x000000a5       0x37 ..\obj\diskio.o
 .ARM.attributes
                0x000000dc       0x37 ..\obj\startup_stm32f4xx.o
 .ARM.attributes
                0x00000113       0x37 ..\obj\main.o
 .ARM.attributes
                0x0000014a       0x37 ..\obj\Bluetooth.o
 .ARM.attributes
                0x00000181       0x37 ..\obj\stm32f4xx_rcc.o
 .ARM.attributes
                0x000001b8       0x37 ..\obj\timers.o
 .ARM.attributes
                0x000001ef       0x37 ..\obj\stm32f4xx_adc.o
 .ARM.attributes
                0x00000226       0x37 ..\obj\fatfs_sd.o
 .ARM.attributes
                0x0000025d       0x37 ..\obj\Pi_comm.o
 .ARM.attributes
                0x00000294       0x37 ..\obj\GPS_parsing.o
 .ARM.attributes
                0x000002cb       0x37 ..\obj\tm_stm32f4_delay.o
 .ARM.attributes
                0x00000302       0x37 ..\obj\tasks.o
 .ARM.attributes
                0x00000339       0x37 ..\obj\syscall.o
 .ARM.attributes
                0x00000370       0x37 ..\obj\tm_stm32f4_spi.o
 .ARM.attributes
                0x000003a7       0x37 ..\obj\stm32f4xx_gpio.o
 .ARM.attributes
                0x000003de       0x37 ..\obj\list.o
 .ARM.attributes
                0x00000415       0x37 ..\obj\system_stm32f4xx.o
 .ARM.attributes
                0x0000044c       0x37 ..\obj\Accelerometer.o
 .ARM.attributes
                0x00000483       0x37 ..\obj\arducam.o
 .ARM.attributes
                0x000004ba       0x37 ..\obj\port.o
 .ARM.attributes
                0x000004f1       0x37 ..\obj\queue.o
 .ARM.attributes
                0x00000528       0x37 ..\obj\ff.o
 .ARM.attributes
                0x0000055f       0x37 ..\obj\stm32f4xx_spi.o
 .ARM.attributes
                0x00000596       0x37 ..\obj\ADC3_DMA.o
 .ARM.attributes
                0x000005cd       0x37 ..\obj\tm_stm32f4_gpio.o
 .ARM.attributes
                0x00000604       0x37 ..\obj\heap_1.o
 .ARM.attributes
                0x0000063b       0x1e c:/program files (x86)/gnu tools arm embedded/5.4 2016q3/bin/../lib/gcc/arm-none-eabi/5.4.1/armv7e-m\libgcc.a(_arm_addsubdf3.o)
 .ARM.attributes
                0x00000659       0x1e c:/program files (x86)/gnu tools arm embedded/5.4 2016q3/bin/../lib/gcc/arm-none-eabi/5.4.1/armv7e-m\libgcc.a(_arm_muldivdf3.o)
 .ARM.attributes
                0x00000677       0x1e c:/program files (x86)/gnu tools arm embedded/5.4 2016q3/bin/../lib/gcc/arm-none-eabi/5.4.1/armv7e-m\libgcc.a(_arm_fixunsdfsi.o)
 .ARM.attributes
                0x00000695       0x1e c:/program files (x86)/gnu tools arm embedded/5.4 2016q3/bin/../lib/gcc/arm-none-eabi/5.4.1/armv7e-m\libgcc.a(_arm_truncdfsf2.o)
 .ARM.attributes
                0x000006b3       0x2e C:\Program Files (x86)\GNU Tools ARM Embedded\5.4 2016q3\arm-none-eabi\lib\armv7e-m\libg.a(lib_a-atof.o)
 .ARM.attributes
                0x000006e1       0x2e C:\Program Files (x86)\GNU Tools ARM Embedded\5.4 2016q3\arm-none-eabi\lib\armv7e-m\libg.a(lib_a-atol.o)
 .ARM.attributes
                0x0000070f       0x2e C:\Program Files (x86)\GNU Tools ARM Embedded\5.4 2016q3\arm-none-eabi\lib\armv7e-m\libg.a(lib_a-malloc.o)
 .ARM.attributes
                0x0000073d       0x2e C:\Program Files (x86)\GNU Tools ARM Embedded\5.4 2016q3\arm-none-eabi\lib\armv7e-m\libg.a(lib_a-mallocr.o)
 .ARM.attributes
                0x0000076b       0x1c C:\Program Files (x86)\GNU Tools ARM Embedded\5.4 2016q3\arm-none-eabi\lib\armv7e-m\libg.a(lib_a-memcpy.o)
 .ARM.attributes
                0x00000787       0x2e C:\Program Files (x86)\GNU Tools ARM Embedded\5.4 2016q3\arm-none-eabi\lib\armv7e-m\libg.a(lib_a-memset.o)
 .ARM.attributes
                0x000007b5       0x2e C:\Program Files (x86)\GNU Tools ARM Embedded\5.4 2016q3\arm-none-eabi\lib\armv7e-m\libg.a(lib_a-mlock.o)
 .ARM.attributes
                0x000007e3       0x2e C:\Program Files (x86)\GNU Tools ARM Embedded\5.4 2016q3\arm-none-eabi\lib\armv7e-m\libg.a(lib_a-sbrkr.o)
 .ARM.attributes
                0x00000811       0x2e C:\Program Files (x86)\GNU Tools ARM Embedded\5.4 2016q3\arm-none-eabi\lib\armv7e-m\libg.a(lib_a-strchr.o)
 .ARM.attributes
                0x0000083f       0x1c C:\Program Files (x86)\GNU Tools ARM Embedded\5.4 2016q3\arm-none-eabi\lib\armv7e-m\libg.a(lib_a-strlen.o)
 .ARM.attributes
                0x0000085b       0x2e C:\Program Files (x86)\GNU Tools ARM Embedded\5.4 2016q3\arm-none-eabi\lib\armv7e-m\libg.a(lib_a-strncpy.o)
 .ARM.attributes
                0x00000889       0x2e C:\Program Files (x86)\GNU Tools ARM Embedded\5.4 2016q3\arm-none-eabi\lib\armv7e-m\libg.a(lib_a-strstr.o)
 .ARM.attributes
                0x000008b7       0x2e C:\Program Files (x86)\GNU Tools ARM Embedded\5.4 2016q3\arm-none-eabi\lib\armv7e-m\libg.a(lib_a-strtod.o)
 .ARM.attributes
                0x000008e5       0x2e C:\Program Files (x86)\GNU Tools ARM Embedded\5.4 2016q3\arm-none-eabi\lib\armv7e-m\libg.a(lib_a-strtol.o)
 .ARM.attributes
                0x00000913       0x2e C:\Program Files (x86)\GNU Tools ARM Embedded\5.4 2016q3\arm-none-eabi\lib\armv7e-m\libg.a(lib_a-freer.o)
 .ARM.attributes
                0x00000941       0x2e C:\Program Files (x86)\GNU Tools ARM Embedded\5.4 2016q3\arm-none-eabi\lib\armv7e-m\libg.a(lib_a-gdtoa-gethex.o)
 .ARM.attributes
                0x0000096f       0x2e C:\Program Files (x86)\GNU Tools ARM Embedded\5.4 2016q3\arm-none-eabi\lib\armv7e-m\libg.a(lib_a-gdtoa-hexnan.o)
 .ARM.attributes
                0x0000099d       0x2e C:\Program Files (x86)\GNU Tools ARM Embedded\5.4 2016q3\arm-none-eabi\lib\armv7e-m\libg.a(lib_a-impure.o)
 .ARM.attributes
                0x000009cb       0x2e C:\Program Files (x86)\GNU Tools ARM Embedded\5.4 2016q3\arm-none-eabi\lib\armv7e-m\libg.a(lib_a-locale.o)
 .ARM.attributes
                0x000009f9       0x2e C:\Program Files (x86)\GNU Tools ARM Embedded\5.4 2016q3\arm-none-eabi\lib\armv7e-m\libg.a(lib_a-localeconv.o)
 .ARM.attributes
                0x00000a27       0x2e C:\Program Files (x86)\GNU Tools ARM Embedded\5.4 2016q3\arm-none-eabi\lib\armv7e-m\libg.a(lib_a-mbtowc_r.o)
 .ARM.attributes
                0x00000a55       0x1c C:\Program Files (x86)\GNU Tools ARM Embedded\5.4 2016q3\arm-none-eabi\lib\armv7e-m\libg.a(lib_a-memchr.o)
 .ARM.attributes
                0x00000a71       0x2e C:\Program Files (x86)\GNU Tools ARM Embedded\5.4 2016q3\arm-none-eabi\lib\armv7e-m\libg.a(lib_a-memcmp.o)
 .ARM.attributes
                0x00000a9f       0x2e C:\Program Files (x86)\GNU Tools ARM Embedded\5.4 2016q3\arm-none-eabi\lib\armv7e-m\libg.a(lib_a-mprec.o)
 .ARM.attributes
                0x00000acd       0x2e C:\Program Files (x86)\GNU Tools ARM Embedded\5.4 2016q3\arm-none-eabi\lib\armv7e-m\libg.a(lib_a-reent.o)
 .ARM.attributes
                0x00000afb       0x2e C:\Program Files (x86)\GNU Tools ARM Embedded\5.4 2016q3\arm-none-eabi\lib\armv7e-m\libg.a(lib_a-strncmp.o)
 .ARM.attributes
                0x00000b29       0x2e C:\Program Files (x86)\GNU Tools ARM Embedded\5.4 2016q3\arm-none-eabi\lib\armv7e-m\libg.a(lib_a-wctomb_r.o)
 .ARM.attributes
                0x00000b57       0x2e C:\Program Files (x86)\GNU Tools ARM Embedded\5.4 2016q3\arm-none-eabi\lib\armv7e-m\libg.a(lib_a-callocr.o)
 .ARM.attributes
                0x00000b85       0x2e C:\Program Files (x86)\GNU Tools ARM Embedded\5.4 2016q3\arm-none-eabi\lib\armv7e-m\libg.a(lib_a-ctype_.o)
 .ARM.attributes
                0x00000bb3       0x1e c:/program files (x86)/gnu tools arm embedded/5.4 2016q3/bin/../lib/gcc/arm-none-eabi/5.4.1/armv7e-m\libgcc.a(_arm_cmpdf2.o)
 .ARM.attributes
                0x00000bd1       0x1e c:/program files (x86)/gnu tools arm embedded/5.4 2016q3/bin/../lib/gcc/arm-none-eabi/5.4.1/armv7e-m\libgcc.a(_arm_fixdfsi.o)

.debug_frame    0x00000000     0x56a0
 .debug_frame   0x00000000       0x60 ..\obj\unicode.o
 .debug_frame   0x00000060      0x490 ..\obj\stm32f4xx_usart.o
 .debug_frame   0x000004f0      0x140 ..\obj\syscalls(1).o
 .debug_frame   0x00000630      0x544 ..\obj\diskio.o
 .debug_frame   0x00000b74       0x4c ..\obj\startup_stm32f4xx.o
 .debug_frame   0x00000bc0      0x208 ..\obj\main.o
 .debug_frame   0x00000dc8       0x58 ..\obj\Bluetooth.o
 .debug_frame   0x00000e20      0x6d4 ..\obj\stm32f4xx_rcc.o
 .debug_frame   0x000014f4      0x20c ..\obj\timers.o
 .debug_frame   0x00001700      0x5ec ..\obj\stm32f4xx_adc.o
 .debug_frame   0x00001cec      0x2f4 ..\obj\fatfs_sd.o
 .debug_frame   0x00001fe0       0xc4 ..\obj\Pi_comm.o
 .debug_frame   0x000020a4       0x84 ..\obj\GPS_parsing.o
 .debug_frame   0x00002128      0x23c ..\obj\tm_stm32f4_delay.o
 .debug_frame   0x00002364      0x670 ..\obj\tasks.o
 .debug_frame   0x000029d4       0x58 ..\obj\syscall.o
 .debug_frame   0x00002a2c      0x2c0 ..\obj\tm_stm32f4_spi.o
 .debug_frame   0x00002cec      0x23c ..\obj\stm32f4xx_gpio.o
 .debug_frame   0x00002f28       0xd8 ..\obj\list.o
 .debug_frame   0x00003000       0x7c ..\obj\system_stm32f4xx.o
 .debug_frame   0x0000307c       0xc4 ..\obj\Accelerometer.o
 .debug_frame   0x00003140      0x398 ..\obj\arducam.o
 .debug_frame   0x000034d8      0x190 ..\obj\port.o
 .debug_frame   0x00003668      0x41c ..\obj\queue.o
 .debug_frame   0x00003a84      0xa10 ..\obj\ff.o
 .debug_frame   0x00004494      0x3f4 ..\obj\stm32f4xx_spi.o
 .debug_frame   0x00004888       0x94 ..\obj\ADC3_DMA.o
 .debug_frame   0x0000491c      0x274 ..\obj\tm_stm32f4_gpio.o
 .debug_frame   0x00004b90       0x98 ..\obj\heap_1.o
 .debug_frame   0x00004c28       0x20 C:\Program Files (x86)\GNU Tools ARM Embedded\5.4 2016q3\arm-none-eabi\lib\armv7e-m\libg.a(lib_a-atof.o)
 .debug_frame   0x00004c48       0x30 C:\Program Files (x86)\GNU Tools ARM Embedded\5.4 2016q3\arm-none-eabi\lib\armv7e-m\libg.a(lib_a-atol.o)
 .debug_frame   0x00004c78       0x30 C:\Program Files (x86)\GNU Tools ARM Embedded\5.4 2016q3\arm-none-eabi\lib\armv7e-m\libg.a(lib_a-malloc.o)
 .debug_frame   0x00004ca8       0x58 C:\Program Files (x86)\GNU Tools ARM Embedded\5.4 2016q3\arm-none-eabi\lib\armv7e-m\libg.a(lib_a-mallocr.o)
 .debug_frame   0x00004d00       0x34 C:\Program Files (x86)\GNU Tools ARM Embedded\5.4 2016q3\arm-none-eabi\lib\armv7e-m\libg.a(lib_a-memset.o)
 .debug_frame   0x00004d34       0x30 C:\Program Files (x86)\GNU Tools ARM Embedded\5.4 2016q3\arm-none-eabi\lib\armv7e-m\libg.a(lib_a-mlock.o)
 .debug_frame   0x00004d64       0x2c C:\Program Files (x86)\GNU Tools ARM Embedded\5.4 2016q3\arm-none-eabi\lib\armv7e-m\libg.a(lib_a-sbrkr.o)
 .debug_frame   0x00004d90       0x4c C:\Program Files (x86)\GNU Tools ARM Embedded\5.4 2016q3\arm-none-eabi\lib\armv7e-m\libg.a(lib_a-strchr.o)
 .debug_frame   0x00004ddc       0x34 C:\Program Files (x86)\GNU Tools ARM Embedded\5.4 2016q3\arm-none-eabi\lib\armv7e-m\libg.a(lib_a-strncpy.o)
 .debug_frame   0x00004e10       0xd8 C:\Program Files (x86)\GNU Tools ARM Embedded\5.4 2016q3\arm-none-eabi\lib\armv7e-m\libg.a(lib_a-strstr.o)
 .debug_frame   0x00004ee8       0xfc C:\Program Files (x86)\GNU Tools ARM Embedded\5.4 2016q3\arm-none-eabi\lib\armv7e-m\libg.a(lib_a-strtod.o)
 .debug_frame   0x00004fe4       0x98 C:\Program Files (x86)\GNU Tools ARM Embedded\5.4 2016q3\arm-none-eabi\lib\armv7e-m\libg.a(lib_a-strtol.o)
 .debug_frame   0x0000507c       0x74 C:\Program Files (x86)\GNU Tools ARM Embedded\5.4 2016q3\arm-none-eabi\lib\armv7e-m\libg.a(lib_a-freer.o)
 .debug_frame   0x000050f0       0x84 C:\Program Files (x86)\GNU Tools ARM Embedded\5.4 2016q3\arm-none-eabi\lib\armv7e-m\libg.a(lib_a-gdtoa-gethex.o)
 .debug_frame   0x00005174       0x70 C:\Program Files (x86)\GNU Tools ARM Embedded\5.4 2016q3\arm-none-eabi\lib\armv7e-m\libg.a(lib_a-gdtoa-hexnan.o)
 .debug_frame   0x000051e4       0x84 C:\Program Files (x86)\GNU Tools ARM Embedded\5.4 2016q3\arm-none-eabi\lib\armv7e-m\libg.a(lib_a-locale.o)
 .debug_frame   0x00005268       0x40 C:\Program Files (x86)\GNU Tools ARM Embedded\5.4 2016q3\arm-none-eabi\lib\armv7e-m\libg.a(lib_a-localeconv.o)
 .debug_frame   0x000052a8       0x4c C:\Program Files (x86)\GNU Tools ARM Embedded\5.4 2016q3\arm-none-eabi\lib\armv7e-m\libg.a(lib_a-mbtowc_r.o)
 .debug_frame   0x000052f4       0x38 C:\Program Files (x86)\GNU Tools ARM Embedded\5.4 2016q3\arm-none-eabi\lib\armv7e-m\libg.a(lib_a-memcmp.o)
 .debug_frame   0x0000532c      0x264 C:\Program Files (x86)\GNU Tools ARM Embedded\5.4 2016q3\arm-none-eabi\lib\armv7e-m\libg.a(lib_a-mprec.o)
 .debug_frame   0x00005590       0x58 C:\Program Files (x86)\GNU Tools ARM Embedded\5.4 2016q3\arm-none-eabi\lib\armv7e-m\libg.a(lib_a-reent.o)
 .debug_frame   0x000055e8       0x54 C:\Program Files (x86)\GNU Tools ARM Embedded\5.4 2016q3\arm-none-eabi\lib\armv7e-m\libg.a(lib_a-strncmp.o)
 .debug_frame   0x0000563c       0x3c C:\Program Files (x86)\GNU Tools ARM Embedded\5.4 2016q3\arm-none-eabi\lib\armv7e-m\libg.a(lib_a-wctomb_r.o)
 .debug_frame   0x00005678       0x28 C:\Program Files (x86)\GNU Tools ARM Embedded\5.4 2016q3\arm-none-eabi\lib\armv7e-m\libg.a(lib_a-callocr.o)
