Archive member included to satisfy reference by file (symbol)

c:/program files (x86)/gnu tools arm embedded/5.4 2016q3/bin/../lib/gcc/arm-none-eabi/5.4.1/../../../../arm-none-eabi/lib/armv7e-m\libg.a(lib_a-memcpy.o)
                              ..\obj\queue.o (memcpy)
c:/program files (x86)/gnu tools arm embedded/5.4 2016q3/bin/../lib/gcc/arm-none-eabi/5.4.1/../../../../arm-none-eabi/lib/armv7e-m\libg.a(lib_a-memset.o)
                              ..\obj\tasks.o (memset)

Allocating common symbols
Common symbol       size              file

xQueueRegistry      0x40              ..\obj\queue.o
i                   0x4               ..\obj\bluetooth.o
count               0x4               ..\obj\bluetooth.o

Discarded input sections

 .text          0x00000000        0x0 ..\obj\bluetooth.o
 .data          0x00000000        0x0 ..\obj\bluetooth.o
 .bss           0x00000000        0x0 ..\obj\bluetooth.o
 .text.delay    0x00000000       0x20 ..\obj\bluetooth.o
 .text.bluetooth_init
                0x00000000      0x430 ..\obj\bluetooth.o
 .text          0x00000000        0x0 ..\obj\stm32f4xx_usart.o
 .data          0x00000000        0x0 ..\obj\stm32f4xx_usart.o
 .bss           0x00000000        0x0 ..\obj\stm32f4xx_usart.o
 .text.USART_DeInit
                0x00000000       0xd4 ..\obj\stm32f4xx_usart.o
 .text.USART_StructInit
                0x00000000       0x3c ..\obj\stm32f4xx_usart.o
 .text.USART_ClockInit
                0x00000000       0x58 ..\obj\stm32f4xx_usart.o
 .text.USART_ClockStructInit
                0x00000000       0x2c ..\obj\stm32f4xx_usart.o
 .text.USART_SetPrescaler
                0x00000000       0x3c ..\obj\stm32f4xx_usart.o
 .text.USART_OverSampling8Cmd
                0x00000000       0x44 ..\obj\stm32f4xx_usart.o
 .text.USART_OneBitMethodCmd
                0x00000000       0x40 ..\obj\stm32f4xx_usart.o
 .text.USART_SetAddress
                0x00000000       0x3c ..\obj\stm32f4xx_usart.o
 .text.USART_ReceiverWakeUpCmd
                0x00000000       0x40 ..\obj\stm32f4xx_usart.o
 .text.USART_WakeUpConfig
                0x00000000       0x38 ..\obj\stm32f4xx_usart.o
 .text.USART_LINBreakDetectLengthConfig
                0x00000000       0x38 ..\obj\stm32f4xx_usart.o
 .text.USART_LINCmd
                0x00000000       0x40 ..\obj\stm32f4xx_usart.o
 .text.USART_SendBreak
                0x00000000       0x24 ..\obj\stm32f4xx_usart.o
 .text.USART_HalfDuplexCmd
                0x00000000       0x40 ..\obj\stm32f4xx_usart.o
 .text.USART_SetGuardTime
                0x00000000       0x3c ..\obj\stm32f4xx_usart.o
 .text.USART_SmartCardCmd
                0x00000000       0x40 ..\obj\stm32f4xx_usart.o
 .text.USART_SmartCardNACKCmd
                0x00000000       0x40 ..\obj\stm32f4xx_usart.o
 .text.USART_IrDAConfig
                0x00000000       0x38 ..\obj\stm32f4xx_usart.o
 .text.USART_IrDACmd
                0x00000000       0x40 ..\obj\stm32f4xx_usart.o
 .text.USART_DMACmd
                0x00000000       0x48 ..\obj\stm32f4xx_usart.o
 .text.USART_ClearFlag
                0x00000000       0x24 ..\obj\stm32f4xx_usart.o
 .text.USART_GetITStatus
                0x00000000       0xb8 ..\obj\stm32f4xx_usart.o
 .text.USART_ClearITPendingBit
                0x00000000       0x3c ..\obj\stm32f4xx_usart.o
 .text          0x00000000        0x0 ..\obj\stm32f4xx_pwr.o
 .data          0x00000000        0x0 ..\obj\stm32f4xx_pwr.o
 .bss           0x00000000        0x0 ..\obj\stm32f4xx_pwr.o
 .text.PWR_DeInit
                0x00000000       0x1c ..\obj\stm32f4xx_pwr.o
 .text.PWR_BackupAccessCmd
                0x00000000       0x20 ..\obj\stm32f4xx_pwr.o
 .text.PWR_PVDLevelConfig
                0x00000000       0x38 ..\obj\stm32f4xx_pwr.o
 .text.PWR_PVDCmd
                0x00000000       0x20 ..\obj\stm32f4xx_pwr.o
 .text.PWR_WakeUpPinCmd
                0x00000000       0x20 ..\obj\stm32f4xx_pwr.o
 .text.PWR_BackupRegulatorCmd
                0x00000000       0x20 ..\obj\stm32f4xx_pwr.o
 .text.PWR_MainRegulatorModeConfig
                0x00000000       0x38 ..\obj\stm32f4xx_pwr.o
 .text.PWR_FlashPowerDownCmd
                0x00000000       0x20 ..\obj\stm32f4xx_pwr.o
 .text.PWR_EnterSTOPMode
                0x00000000       0x64 ..\obj\stm32f4xx_pwr.o
 .text.PWR_EnterSTANDBYMode
                0x00000000       0x3c ..\obj\stm32f4xx_pwr.o
 .text.PWR_GetFlagStatus
                0x00000000       0x34 ..\obj\stm32f4xx_pwr.o
 .text.PWR_ClearFlag
                0x00000000       0x28 ..\obj\stm32f4xx_pwr.o
 .debug_info    0x00000000      0x519 ..\obj\stm32f4xx_pwr.o
 .debug_abbrev  0x00000000      0x181 ..\obj\stm32f4xx_pwr.o
 .debug_aranges
                0x00000000       0x78 ..\obj\stm32f4xx_pwr.o
 .debug_ranges  0x00000000       0x68 ..\obj\stm32f4xx_pwr.o
 .debug_line    0x00000000      0x32a ..\obj\stm32f4xx_pwr.o
 .debug_str     0x00000000      0x3d6 ..\obj\stm32f4xx_pwr.o
 .comment       0x00000000       0x6f ..\obj\stm32f4xx_pwr.o
 .debug_frame   0x00000000      0x1dc ..\obj\stm32f4xx_pwr.o
 .ARM.attributes
                0x00000000       0x37 ..\obj\stm32f4xx_pwr.o
 .text          0x00000000        0x0 ..\obj\stm32f4xx_can.o
 .data          0x00000000        0x0 ..\obj\stm32f4xx_can.o
 .bss           0x00000000        0x0 ..\obj\stm32f4xx_can.o
 .text.CAN_DeInit
                0x00000000       0x48 ..\obj\stm32f4xx_can.o
 .text.CAN_Init
                0x00000000      0x1a4 ..\obj\stm32f4xx_can.o
 .text.CAN_FilterInit
                0x00000000      0x178 ..\obj\stm32f4xx_can.o
 .text.CAN_StructInit
                0x00000000       0x58 ..\obj\stm32f4xx_can.o
 .text.CAN_SlaveStartBank
                0x00000000       0x60 ..\obj\stm32f4xx_can.o
 .text.CAN_DBGFreeze
                0x00000000       0x38 ..\obj\stm32f4xx_can.o
 .text.CAN_TTComModeCmd
                0x00000000       0x98 ..\obj\stm32f4xx_can.o
 .text.CAN_Transmit
                0x00000000      0x198 ..\obj\stm32f4xx_can.o
 .text.CAN_TransmitStatus
                0x00000000       0xd4 ..\obj\stm32f4xx_can.o
 .text.CAN_CancelTransmit
                0x00000000       0x54 ..\obj\stm32f4xx_can.o
 .text.CAN_Receive
                0x00000000      0x174 ..\obj\stm32f4xx_can.o
 .text.CAN_FIFORelease
                0x00000000       0x38 ..\obj\stm32f4xx_can.o
 .text.CAN_MessagePending
                0x00000000       0x4c ..\obj\stm32f4xx_can.o
 .text.CAN_OperatingModeRequest
                0x00000000       0xfc ..\obj\stm32f4xx_can.o
 .text.CAN_Sleep
                0x00000000       0x3c ..\obj\stm32f4xx_can.o
 .text.CAN_WakeUp
                0x00000000       0x58 ..\obj\stm32f4xx_can.o
 .text.CAN_GetLastErrorCode
                0x00000000       0x28 ..\obj\stm32f4xx_can.o
 .text.CAN_GetReceiveErrorCounter
                0x00000000       0x28 ..\obj\stm32f4xx_can.o
 .text.CAN_GetLSBTransmitErrorCounter
                0x00000000       0x28 ..\obj\stm32f4xx_can.o
 .text.CAN_ITConfig
                0x00000000       0x3c ..\obj\stm32f4xx_can.o
 .text.CAN_GetFlagStatus
                0x00000000       0xd0 ..\obj\stm32f4xx_can.o
 .text.CAN_ClearFlag
                0x00000000       0x74 ..\obj\stm32f4xx_can.o
 .text.CAN_GetITStatus
                0x00000000      0x194 ..\obj\stm32f4xx_can.o
 .text.CAN_ClearITPendingBit
                0x00000000       0xe0 ..\obj\stm32f4xx_can.o
 .text.CheckITStatus
                0x00000000       0x30 ..\obj\stm32f4xx_can.o
 .debug_info    0x00000000      0xba4 ..\obj\stm32f4xx_can.o
 .debug_abbrev  0x00000000      0x1f5 ..\obj\stm32f4xx_can.o
 .debug_aranges
                0x00000000       0xe0 ..\obj\stm32f4xx_can.o
 .debug_ranges  0x00000000       0xd0 ..\obj\stm32f4xx_can.o
 .debug_line    0x00000000      0x605 ..\obj\stm32f4xx_can.o
 .debug_str     0x00000000      0x783 ..\obj\stm32f4xx_can.o
 .comment       0x00000000       0x6f ..\obj\stm32f4xx_can.o
 .debug_frame   0x00000000      0x3f0 ..\obj\stm32f4xx_can.o
 .ARM.attributes
                0x00000000       0x37 ..\obj\stm32f4xx_can.o
 .text          0x00000000        0x0 ..\obj\startup_stm32f4xx.o
 .data          0x00000000        0x0 ..\obj\startup_stm32f4xx.o
 .bss           0x00000000        0x0 ..\obj\startup_stm32f4xx.o
 .text          0x00000000        0x0 ..\obj\main.o
 .data          0x00000000        0x0 ..\obj\main.o
 .bss           0x00000000        0x0 ..\obj\main.o
 .text.vTaskLED2
                0x00000000       0x30 ..\obj\main.o
 .text          0x00000000        0x0 ..\obj\stm32f4xx_rcc.o
 .bss           0x00000000        0x0 ..\obj\stm32f4xx_rcc.o
 .text.RCC_DeInit
                0x00000000       0x50 ..\obj\stm32f4xx_rcc.o
 .text.RCC_HSEConfig
                0x00000000       0x28 ..\obj\stm32f4xx_rcc.o
 .text.RCC_WaitForHSEStartUp
                0x00000000       0x50 ..\obj\stm32f4xx_rcc.o
 .text.RCC_AdjustHSICalibrationValue
                0x00000000       0x3c ..\obj\stm32f4xx_rcc.o
 .text.RCC_HSICmd
                0x00000000       0x20 ..\obj\stm32f4xx_rcc.o
 .text.RCC_LSEConfig
                0x00000000       0x44 ..\obj\stm32f4xx_rcc.o
 .text.RCC_LSICmd
                0x00000000       0x20 ..\obj\stm32f4xx_rcc.o
 .text.RCC_PLLConfig
                0x00000000       0x40 ..\obj\stm32f4xx_rcc.o
 .text.RCC_PLLCmd
                0x00000000       0x20 ..\obj\stm32f4xx_rcc.o
 .text.RCC_PLLI2SConfig
                0x00000000       0x2c ..\obj\stm32f4xx_rcc.o
 .text.RCC_PLLI2SCmd
                0x00000000       0x20 ..\obj\stm32f4xx_rcc.o
 .text.RCC_ClockSecuritySystemCmd
                0x00000000       0x20 ..\obj\stm32f4xx_rcc.o
 .text.RCC_MCO1Config
                0x00000000       0x40 ..\obj\stm32f4xx_rcc.o
 .text.RCC_MCO2Config
                0x00000000       0x40 ..\obj\stm32f4xx_rcc.o
 .text.RCC_SYSCLKConfig
                0x00000000       0x38 ..\obj\stm32f4xx_rcc.o
 .text.RCC_GetSYSCLKSource
                0x00000000       0x20 ..\obj\stm32f4xx_rcc.o
 .text.RCC_HCLKConfig
                0x00000000       0x38 ..\obj\stm32f4xx_rcc.o
 .text.RCC_PCLK1Config
                0x00000000       0x38 ..\obj\stm32f4xx_rcc.o
 .text.RCC_PCLK2Config
                0x00000000       0x3c ..\obj\stm32f4xx_rcc.o
 .text.RCC_RTCCLKConfig
                0x00000000       0x5c ..\obj\stm32f4xx_rcc.o
 .text.RCC_RTCCLKCmd
                0x00000000       0x20 ..\obj\stm32f4xx_rcc.o
 .text.RCC_BackupResetCmd
                0x00000000       0x20 ..\obj\stm32f4xx_rcc.o
 .text.RCC_I2SCLKConfig
                0x00000000       0x20 ..\obj\stm32f4xx_rcc.o
 .text.RCC_AHB2PeriphClockCmd
                0x00000000       0x40 ..\obj\stm32f4xx_rcc.o
 .text.RCC_AHB3PeriphClockCmd
                0x00000000       0x40 ..\obj\stm32f4xx_rcc.o
 .text.RCC_APB1PeriphClockCmd
                0x00000000       0x40 ..\obj\stm32f4xx_rcc.o
 .text.RCC_APB2PeriphClockCmd
                0x00000000       0x40 ..\obj\stm32f4xx_rcc.o
 .text.RCC_AHB1PeriphResetCmd
                0x00000000       0x40 ..\obj\stm32f4xx_rcc.o
 .text.RCC_AHB2PeriphResetCmd
                0x00000000       0x40 ..\obj\stm32f4xx_rcc.o
 .text.RCC_AHB3PeriphResetCmd
                0x00000000       0x40 ..\obj\stm32f4xx_rcc.o
 .text.RCC_APB1PeriphResetCmd
                0x00000000       0x40 ..\obj\stm32f4xx_rcc.o
 .text.RCC_APB2PeriphResetCmd
                0x00000000       0x40 ..\obj\stm32f4xx_rcc.o
 .text.RCC_AHB1PeriphClockLPModeCmd
                0x00000000       0x40 ..\obj\stm32f4xx_rcc.o
 .text.RCC_AHB2PeriphClockLPModeCmd
                0x00000000       0x40 ..\obj\stm32f4xx_rcc.o
 .text.RCC_AHB3PeriphClockLPModeCmd
                0x00000000       0x40 ..\obj\stm32f4xx_rcc.o
 .text.RCC_APB1PeriphClockLPModeCmd
                0x00000000       0x40 ..\obj\stm32f4xx_rcc.o
 .text.RCC_APB2PeriphClockLPModeCmd
                0x00000000       0x40 ..\obj\stm32f4xx_rcc.o
 .text.RCC_ITConfig
                0x00000000       0x4c ..\obj\stm32f4xx_rcc.o
 .text.RCC_GetFlagStatus
                0x00000000       0x74 ..\obj\stm32f4xx_rcc.o
 .text.RCC_ClearFlag
                0x00000000       0x20 ..\obj\stm32f4xx_rcc.o
 .text.RCC_GetITStatus
                0x00000000       0x38 ..\obj\stm32f4xx_rcc.o
 .text.RCC_ClearITPendingBit
                0x00000000       0x20 ..\obj\stm32f4xx_rcc.o
 .text          0x00000000        0x0 ..\obj\timers.o
 .data          0x00000000        0x0 ..\obj\timers.o
 .text.xTimerCreate
                0x00000000       0x6c ..\obj\timers.o
 .text.xTimerIsTimerActive
                0x00000000       0x30 ..\obj\timers.o
 .text.pvTimerGetTimerID
                0x00000000       0x1c ..\obj\timers.o
 .text          0x00000000        0x0 ..\obj\stm32f4xx_dcmi.o
 .data          0x00000000        0x0 ..\obj\stm32f4xx_dcmi.o
 .bss           0x00000000        0x0 ..\obj\stm32f4xx_dcmi.o
 .text.DCMI_DeInit
                0x00000000       0x3c ..\obj\stm32f4xx_dcmi.o
 .text.DCMI_Init
                0x00000000       0x80 ..\obj\stm32f4xx_dcmi.o
 .text.DCMI_StructInit
                0x00000000       0x40 ..\obj\stm32f4xx_dcmi.o
 .text.DCMI_CROPConfig
                0x00000000       0x3c ..\obj\stm32f4xx_dcmi.o
 .text.DCMI_CROPCmd
                0x00000000       0x3c ..\obj\stm32f4xx_dcmi.o
 .text.DCMI_SetEmbeddedSynchroCodes
                0x00000000       0x3c ..\obj\stm32f4xx_dcmi.o
 .text.DCMI_JPEGCmd
                0x00000000       0x3c ..\obj\stm32f4xx_dcmi.o
 .text.DCMI_Cmd
                0x00000000       0x3c ..\obj\stm32f4xx_dcmi.o
 .text.DCMI_CaptureCmd
                0x00000000       0x3c ..\obj\stm32f4xx_dcmi.o
 .text.DCMI_ReadData
                0x00000000       0x18 ..\obj\stm32f4xx_dcmi.o
 .text.DCMI_ITConfig
                0x00000000       0x44 ..\obj\stm32f4xx_dcmi.o
 .text.DCMI_GetFlagStatus
                0x00000000       0x64 ..\obj\stm32f4xx_dcmi.o
 .text.DCMI_ClearFlag
                0x00000000       0x20 ..\obj\stm32f4xx_dcmi.o
 .text.DCMI_GetITStatus
                0x00000000       0x40 ..\obj\stm32f4xx_dcmi.o
 .text.DCMI_ClearITPendingBit
                0x00000000       0x20 ..\obj\stm32f4xx_dcmi.o
 .debug_info    0x00000000      0x554 ..\obj\stm32f4xx_dcmi.o
 .debug_abbrev  0x00000000      0x189 ..\obj\stm32f4xx_dcmi.o
 .debug_aranges
                0x00000000       0x90 ..\obj\stm32f4xx_dcmi.o
 .debug_ranges  0x00000000       0x80 ..\obj\stm32f4xx_dcmi.o
 .debug_line    0x00000000      0x3d8 ..\obj\stm32f4xx_dcmi.o
 .debug_str     0x00000000      0x51e ..\obj\stm32f4xx_dcmi.o
 .comment       0x00000000       0x6f ..\obj\stm32f4xx_dcmi.o
 .debug_frame   0x00000000      0x258 ..\obj\stm32f4xx_dcmi.o
 .ARM.attributes
                0x00000000       0x37 ..\obj\stm32f4xx_dcmi.o
 .text          0x00000000        0x0 ..\obj\tasks.o
 .text.vTaskDelete
                0x00000000       0xa8 ..\obj\tasks.o
 .text.vTaskDelayUntil
                0x00000000       0xc4 ..\obj\tasks.o
 .text.uxTaskPriorityGet
                0x00000000       0x34 ..\obj\tasks.o
 .text.vTaskPrioritySet
                0x00000000      0x124 ..\obj\tasks.o
 .text.vTaskSuspend
                0x00000000       0xb0 ..\obj\tasks.o
 .text.xTaskIsTaskSuspended
                0x00000000       0x64 ..\obj\tasks.o
 .text.vTaskResume
                0x00000000       0x9c ..\obj\tasks.o
 .text.xTaskResumeFromISR
                0x00000000       0xb8 ..\obj\tasks.o
 .text.vTaskEndScheduler
                0x00000000       0x1c ..\obj\tasks.o
 .text.xTaskGetTickCountFromISR
                0x00000000       0x2c ..\obj\tasks.o
 .text.uxTaskGetNumberOfTasks
                0x00000000       0x18 ..\obj\tasks.o
 .text.uxTaskGetSystemState
                0x00000000       0xf4 ..\obj\tasks.o
 .text.vTaskPlaceOnUnorderedEventList
                0x00000000       0x7c ..\obj\tasks.o
 .text.xTaskRemoveFromUnorderedEventList
                0x00000000       0xb8 ..\obj\tasks.o
 .text.uxTaskGetTaskNumber
                0x00000000       0x2c ..\obj\tasks.o
 .text.vTaskSetTaskNumber
                0x00000000       0x28 ..\obj\tasks.o
 .text.prvListTaskWithinSingleList
                0x00000000       0xfc ..\obj\tasks.o
 .text.prvTaskCheckFreeStackSpace
                0x00000000       0x38 ..\obj\tasks.o
 .text.uxTaskResetEventItemValue
                0x00000000       0x30 ..\obj\tasks.o
 .text          0x00000000        0x0 ..\obj\stm32f4xx_gpio.o
 .data          0x00000000        0x0 ..\obj\stm32f4xx_gpio.o
 .bss           0x00000000        0x0 ..\obj\stm32f4xx_gpio.o
 .text.GPIO_DeInit
                0x00000000      0x120 ..\obj\stm32f4xx_gpio.o
 .text.GPIO_StructInit
                0x00000000       0x34 ..\obj\stm32f4xx_gpio.o
 .text.GPIO_PinLockConfig
                0x00000000       0x44 ..\obj\stm32f4xx_gpio.o
 .text.GPIO_ReadInputDataBit
                0x00000000       0x34 ..\obj\stm32f4xx_gpio.o
 .text.GPIO_ReadInputData
                0x00000000       0x1c ..\obj\stm32f4xx_gpio.o
 .text.GPIO_ReadOutputDataBit
                0x00000000       0x34 ..\obj\stm32f4xx_gpio.o
 .text.GPIO_ReadOutputData
                0x00000000       0x1c ..\obj\stm32f4xx_gpio.o
 .text.GPIO_SetBits
                0x00000000       0x20 ..\obj\stm32f4xx_gpio.o
 .text.GPIO_ResetBits
                0x00000000       0x20 ..\obj\stm32f4xx_gpio.o
 .text.GPIO_Write
                0x00000000       0x20 ..\obj\stm32f4xx_gpio.o
 .text.GPIO_ToggleBits
                0x00000000       0x24 ..\obj\stm32f4xx_gpio.o
 .text.GPIO_PinAFConfig
                0x00000000       0x94 ..\obj\stm32f4xx_gpio.o
 .text          0x00000000        0x0 ..\obj\list.o
 .data          0x00000000        0x0 ..\obj\list.o
 .bss           0x00000000        0x0 ..\obj\list.o
 .text          0x00000000        0x0 ..\obj\system_stm32f4xx.o
 .bss           0x00000000        0x0 ..\obj\system_stm32f4xx.o
 .text.SystemCoreClockUpdate
                0x00000000       0xfc ..\obj\system_stm32f4xx.o
 .text          0x00000000        0x0 ..\obj\port.o
 .rodata        0x00000000        0x4 ..\obj\port.o
 .text.vPortEndScheduler
                0x00000000       0x1c ..\obj\port.o
 .text          0x00000000        0x0 ..\obj\queue.o
 .data          0x00000000        0x0 ..\obj\queue.o
 .bss           0x00000000        0x0 ..\obj\queue.o
 .text.xQueueCreateMutex
                0x00000000       0x90 ..\obj\queue.o
 .text.xQueueGiveMutexRecursive
                0x00000000       0x58 ..\obj\queue.o
 .text.xQueueTakeMutexRecursive
                0x00000000       0x60 ..\obj\queue.o
 .text.xQueueCreateCountingSemaphore
                0x00000000       0x54 ..\obj\queue.o
 .text.xQueueReceiveFromISR
                0x00000000       0xb4 ..\obj\queue.o
 .text.xQueuePeekFromISR
                0x00000000       0x78 ..\obj\queue.o
 .text.uxQueueMessagesWaiting
                0x00000000       0x2c ..\obj\queue.o
 .text.uxQueueSpacesAvailable
                0x00000000       0x38 ..\obj\queue.o
 .text.uxQueueMessagesWaitingFromISR
                0x00000000       0x24 ..\obj\queue.o
 .text.vQueueDelete
                0x00000000       0x40 ..\obj\queue.o
 .text.uxQueueGetQueueNumber
                0x00000000       0x18 ..\obj\queue.o
 .text.vQueueSetQueueNumber
                0x00000000       0x1c ..\obj\queue.o
 .text.ucQueueGetQueueType
                0x00000000       0x1c ..\obj\queue.o
 .text.xQueueIsQueueEmptyFromISR
                0x00000000       0x30 ..\obj\queue.o
 .text.xQueueIsQueueFullFromISR
                0x00000000       0x34 ..\obj\queue.o
 .text.vQueueUnregisterQueue
                0x00000000       0x48 ..\obj\queue.o
 .text          0x00000000        0x0 ..\obj\croutine.o
 .data          0x00000000        0x0 ..\obj\croutine.o
 .bss           0x00000000       0x80 ..\obj\croutine.o
 .text.xCoRoutineCreate
                0x00000000       0xcc ..\obj\croutine.o
 .text.vCoRoutineAddToDelayedList
                0x00000000       0x84 ..\obj\croutine.o
 .text.prvCheckPendingReadyList
                0x00000000       0x7c ..\obj\croutine.o
 .text.prvCheckDelayedList
                0x00000000       0xf8 ..\obj\croutine.o
 .text.vCoRoutineSchedule
                0x00000000       0xa0 ..\obj\croutine.o
 .text.prvInitialiseCoRoutineLists
                0x00000000       0x6c ..\obj\croutine.o
 .text.xCoRoutineRemoveFromEventList
                0x00000000       0x50 ..\obj\croutine.o
 .debug_info    0x00000000      0x4c1 ..\obj\croutine.o
 .debug_abbrev  0x00000000      0x17e ..\obj\croutine.o
 .debug_aranges
                0x00000000       0x50 ..\obj\croutine.o
 .debug_ranges  0x00000000       0x40 ..\obj\croutine.o
 .debug_line    0x00000000      0x369 ..\obj\croutine.o
 .debug_str     0x00000000      0x520 ..\obj\croutine.o
 .comment       0x00000000       0x6f ..\obj\croutine.o
 .debug_frame   0x00000000      0x10c ..\obj\croutine.o
 .ARM.attributes
                0x00000000       0x37 ..\obj\croutine.o
 .text          0x00000000        0x0 ..\obj\misc.o
 .data          0x00000000        0x0 ..\obj\misc.o
 .bss           0x00000000        0x0 ..\obj\misc.o
 .text.NVIC_PriorityGroupConfig
                0x00000000       0x28 ..\obj\misc.o
 .text.NVIC_SetVectorTable
                0x00000000       0x2c ..\obj\misc.o
 .text.NVIC_SystemLPConfig
                0x00000000       0x44 ..\obj\misc.o
 .text.SysTick_CLKSourceConfig
                0x00000000       0x38 ..\obj\misc.o
 .text          0x00000000        0x0 ..\obj\heap_2.o
 .rodata        0x00000000        0x2 ..\obj\heap_2.o
 .text.xPortGetFreeHeapSize
                0x00000000       0x18 ..\obj\heap_2.o
 .text.vPortInitialiseBlocks
                0x00000000       0x10 ..\obj\heap_2.o
 .text          0x00000000        0x0 ..\obj\stm32f4xx_tim.o
 .data          0x00000000        0x0 ..\obj\stm32f4xx_tim.o
 .bss           0x00000000        0x0 ..\obj\stm32f4xx_tim.o
 .text.TIM_DeInit
                0x00000000      0x1c0 ..\obj\stm32f4xx_tim.o
 .text.TIM_TimeBaseInit
                0x00000000       0xd8 ..\obj\stm32f4xx_tim.o
 .text.TIM_TimeBaseStructInit
                0x00000000       0x34 ..\obj\stm32f4xx_tim.o
 .text.TIM_PrescalerConfig
                0x00000000       0x28 ..\obj\stm32f4xx_tim.o
 .text.TIM_CounterModeConfig
                0x00000000       0x38 ..\obj\stm32f4xx_tim.o
 .text.TIM_SetCounter
                0x00000000       0x1c ..\obj\stm32f4xx_tim.o
 .text.TIM_SetAutoreload
                0x00000000       0x1c ..\obj\stm32f4xx_tim.o
 .text.TIM_GetCounter
                0x00000000       0x18 ..\obj\stm32f4xx_tim.o
 .text.TIM_GetPrescaler
                0x00000000       0x1c ..\obj\stm32f4xx_tim.o
 .text.TIM_UpdateDisableConfig
                0x00000000       0x40 ..\obj\stm32f4xx_tim.o
 .text.TIM_UpdateRequestConfig
                0x00000000       0x40 ..\obj\stm32f4xx_tim.o
 .text.TIM_ARRPreloadConfig
                0x00000000       0x40 ..\obj\stm32f4xx_tim.o
 .text.TIM_SelectOnePulseMode
                0x00000000       0x38 ..\obj\stm32f4xx_tim.o
 .text.TIM_SetClockDivision
                0x00000000       0x38 ..\obj\stm32f4xx_tim.o
 .text.TIM_Cmd  0x00000000       0x40 ..\obj\stm32f4xx_tim.o
 .text.TIM_OC1Init
                0x00000000       0xf4 ..\obj\stm32f4xx_tim.o
 .text.TIM_OC2Init
                0x00000000      0x110 ..\obj\stm32f4xx_tim.o
 .text.TIM_OC3Init
                0x00000000      0x10c ..\obj\stm32f4xx_tim.o
 .text.TIM_OC4Init
                0x00000000       0xd0 ..\obj\stm32f4xx_tim.o
 .text.TIM_OCStructInit
                0x00000000       0x44 ..\obj\stm32f4xx_tim.o
 .text.TIM_SelectOCxM
                0x00000000       0xb4 ..\obj\stm32f4xx_tim.o
 .text.TIM_SetCompare1
                0x00000000       0x1c ..\obj\stm32f4xx_tim.o
 .text.TIM_SetCompare2
                0x00000000       0x1c ..\obj\stm32f4xx_tim.o
 .text.TIM_SetCompare3
                0x00000000       0x1c ..\obj\stm32f4xx_tim.o
 .text.TIM_SetCompare4
                0x00000000       0x1c ..\obj\stm32f4xx_tim.o
 .text.TIM_ForcedOC1Config
                0x00000000       0x38 ..\obj\stm32f4xx_tim.o
 .text.TIM_ForcedOC2Config
                0x00000000       0x3c ..\obj\stm32f4xx_tim.o
 .text.TIM_ForcedOC3Config
                0x00000000       0x38 ..\obj\stm32f4xx_tim.o
 .text.TIM_ForcedOC4Config
                0x00000000       0x3c ..\obj\stm32f4xx_tim.o
 .text.TIM_OC1PreloadConfig
                0x00000000       0x38 ..\obj\stm32f4xx_tim.o
 .text.TIM_OC2PreloadConfig
                0x00000000       0x3c ..\obj\stm32f4xx_tim.o
 .text.TIM_OC3PreloadConfig
                0x00000000       0x38 ..\obj\stm32f4xx_tim.o
 .text.TIM_OC4PreloadConfig
                0x00000000       0x3c ..\obj\stm32f4xx_tim.o
 .text.TIM_OC1FastConfig
                0x00000000       0x38 ..\obj\stm32f4xx_tim.o
 .text.TIM_OC2FastConfig
                0x00000000       0x3c ..\obj\stm32f4xx_tim.o
 .text.TIM_OC3FastConfig
                0x00000000       0x38 ..\obj\stm32f4xx_tim.o
 .text.TIM_OC4FastConfig
                0x00000000       0x3c ..\obj\stm32f4xx_tim.o
 .text.TIM_ClearOC1Ref
                0x00000000       0x38 ..\obj\stm32f4xx_tim.o
 .text.TIM_ClearOC2Ref
                0x00000000       0x3c ..\obj\stm32f4xx_tim.o
 .text.TIM_ClearOC3Ref
                0x00000000       0x38 ..\obj\stm32f4xx_tim.o
 .text.TIM_ClearOC4Ref
                0x00000000       0x3c ..\obj\stm32f4xx_tim.o
 .text.TIM_OC1PolarityConfig
                0x00000000       0x38 ..\obj\stm32f4xx_tim.o
 .text.TIM_OC1NPolarityConfig
                0x00000000       0x38 ..\obj\stm32f4xx_tim.o
 .text.TIM_OC2PolarityConfig
                0x00000000       0x3c ..\obj\stm32f4xx_tim.o
 .text.TIM_OC2NPolarityConfig
                0x00000000       0x3c ..\obj\stm32f4xx_tim.o
 .text.TIM_OC3PolarityConfig
                0x00000000       0x3c ..\obj\stm32f4xx_tim.o
 .text.TIM_OC3NPolarityConfig
                0x00000000       0x3c ..\obj\stm32f4xx_tim.o
 .text.TIM_OC4PolarityConfig
                0x00000000       0x3c ..\obj\stm32f4xx_tim.o
 .text.TIM_CCxCmd
                0x00000000       0x58 ..\obj\stm32f4xx_tim.o
 .text.TIM_CCxNCmd
                0x00000000       0x58 ..\obj\stm32f4xx_tim.o
 .text.TIM_ICInit
                0x00000000       0xa8 ..\obj\stm32f4xx_tim.o
 .text.TIM_ICStructInit
                0x00000000       0x34 ..\obj\stm32f4xx_tim.o
 .text.TIM_PWMIConfig
                0x00000000       0xb8 ..\obj\stm32f4xx_tim.o
 .text.TIM_GetCapture1
                0x00000000       0x18 ..\obj\stm32f4xx_tim.o
 .text.TIM_GetCapture2
                0x00000000       0x18 ..\obj\stm32f4xx_tim.o
 .text.TIM_GetCapture3
                0x00000000       0x18 ..\obj\stm32f4xx_tim.o
 .text.TIM_GetCapture4
                0x00000000       0x18 ..\obj\stm32f4xx_tim.o
 .text.TIM_SetIC1Prescaler
                0x00000000       0x38 ..\obj\stm32f4xx_tim.o
 .text.TIM_SetIC2Prescaler
                0x00000000       0x3c ..\obj\stm32f4xx_tim.o
 .text.TIM_SetIC3Prescaler
                0x00000000       0x38 ..\obj\stm32f4xx_tim.o
 .text.TIM_SetIC4Prescaler
                0x00000000       0x3c ..\obj\stm32f4xx_tim.o
 .text.TIM_BDTRConfig
                0x00000000       0x50 ..\obj\stm32f4xx_tim.o
 .text.TIM_BDTRStructInit
                0x00000000       0x40 ..\obj\stm32f4xx_tim.o
 .text.TIM_CtrlPWMOutputs
                0x00000000       0x4c ..\obj\stm32f4xx_tim.o
 .text.TIM_SelectCOM
                0x00000000       0x40 ..\obj\stm32f4xx_tim.o
 .text.TIM_CCPreloadControl
                0x00000000       0x40 ..\obj\stm32f4xx_tim.o
 .text.TIM_ITConfig
                0x00000000       0x48 ..\obj\stm32f4xx_tim.o
 .text.TIM_GenerateEvent
                0x00000000       0x20 ..\obj\stm32f4xx_tim.o
 .text.TIM_GetFlagStatus
                0x00000000       0x38 ..\obj\stm32f4xx_tim.o
 .text.TIM_ClearFlag
                0x00000000       0x24 ..\obj\stm32f4xx_tim.o
 .text.TIM_GetITStatus
                0x00000000       0x54 ..\obj\stm32f4xx_tim.o
 .text.TIM_ClearITPendingBit
                0x00000000       0x24 ..\obj\stm32f4xx_tim.o
 .text.TIM_DMAConfig
                0x00000000       0x2c ..\obj\stm32f4xx_tim.o
 .text.TIM_DMACmd
                0x00000000       0x48 ..\obj\stm32f4xx_tim.o
 .text.TIM_SelectCCDMA
                0x00000000       0x40 ..\obj\stm32f4xx_tim.o
 .text.TIM_InternalClockConfig
                0x00000000       0x24 ..\obj\stm32f4xx_tim.o
 .text.TIM_ITRxExternalClockConfig
                0x00000000       0x30 ..\obj\stm32f4xx_tim.o
 .text.TIM_TIxExternalClockConfig
                0x00000000       0x5c ..\obj\stm32f4xx_tim.o
 .text.TIM_ETRClockMode1Config
                0x00000000       0x60 ..\obj\stm32f4xx_tim.o
 .text.TIM_ETRClockMode2Config
                0x00000000       0x40 ..\obj\stm32f4xx_tim.o
 .text.TIM_SelectInputTrigger
                0x00000000       0x38 ..\obj\stm32f4xx_tim.o
 .text.TIM_SelectOutputTrigger
                0x00000000       0x38 ..\obj\stm32f4xx_tim.o
 .text.TIM_SelectSlaveMode
                0x00000000       0x38 ..\obj\stm32f4xx_tim.o
 .text.TIM_SelectMasterSlaveMode
                0x00000000       0x38 ..\obj\stm32f4xx_tim.o
 .text.TIM_ETRConfig
                0x00000000       0x54 ..\obj\stm32f4xx_tim.o
 .text.TIM_EncoderInterfaceConfig
                0x00000000       0x98 ..\obj\stm32f4xx_tim.o
 .text.TIM_SelectHallSensor
                0x00000000       0x40 ..\obj\stm32f4xx_tim.o
 .text.TIM_RemapConfig
                0x00000000       0x20 ..\obj\stm32f4xx_tim.o
 .text.TI1_Config
                0x00000000       0x88 ..\obj\stm32f4xx_tim.o
 .text.TI2_Config
                0x00000000       0x9c ..\obj\stm32f4xx_tim.o
 .text.TI3_Config
                0x00000000       0x90 ..\obj\stm32f4xx_tim.o
 .text.TI4_Config
                0x00000000       0xa0 ..\obj\stm32f4xx_tim.o
 .debug_info    0x00000000     0x1c69 ..\obj\stm32f4xx_tim.o
 .debug_abbrev  0x00000000      0x189 ..\obj\stm32f4xx_tim.o
 .debug_aranges
                0x00000000      0x2f8 ..\obj\stm32f4xx_tim.o
 .debug_ranges  0x00000000      0x2e8 ..\obj\stm32f4xx_tim.o
 .debug_line    0x00000000      0xb61 ..\obj\stm32f4xx_tim.o
 .debug_str     0x00000000      0xe15 ..\obj\stm32f4xx_tim.o
 .comment       0x00000000       0x6f ..\obj\stm32f4xx_tim.o
 .debug_frame   0x00000000      0xe54 ..\obj\stm32f4xx_tim.o
 .ARM.attributes
                0x00000000       0x37 ..\obj\stm32f4xx_tim.o
 .data          0x00000000        0x0 c:/program files (x86)/gnu tools arm embedded/5.4 2016q3/bin/../lib/gcc/arm-none-eabi/5.4.1/../../../../arm-none-eabi/lib/armv7e-m\libg.a(lib_a-memcpy.o)
 .bss           0x00000000        0x0 c:/program files (x86)/gnu tools arm embedded/5.4 2016q3/bin/../lib/gcc/arm-none-eabi/5.4.1/../../../../arm-none-eabi/lib/armv7e-m\libg.a(lib_a-memcpy.o)
 .text          0x00000000        0x0 c:/program files (x86)/gnu tools arm embedded/5.4 2016q3/bin/../lib/gcc/arm-none-eabi/5.4.1/../../../../arm-none-eabi/lib/armv7e-m\libg.a(lib_a-memset.o)
 .data          0x00000000        0x0 c:/program files (x86)/gnu tools arm embedded/5.4 2016q3/bin/../lib/gcc/arm-none-eabi/5.4.1/../../../../arm-none-eabi/lib/armv7e-m\libg.a(lib_a-memset.o)
 .bss           0x00000000        0x0 c:/program files (x86)/gnu tools arm embedded/5.4 2016q3/bin/../lib/gcc/arm-none-eabi/5.4.1/../../../../arm-none-eabi/lib/armv7e-m\libg.a(lib_a-memset.o)

Memory Configuration

Name             Origin             Length             Attributes
rom              0x08000000         0x00100000         xr
ram              0x20000000         0x00020000         xrw
ram1             0x10000000         0x00010000         xrw
*default*        0x00000000         0xffffffff

Linker script and memory map

                0x20020000                _eram = 0x20020000

.text           0x08000000     0x302d
 *(.isr_vector .isr_vector.*)
 .isr_vector    0x08000000      0x188 ..\obj\startup_stm32f4xx.o
                0x08000000                g_pfnVectors
 *(.text .text.* .gnu.linkonce.t.*)
 .text.USART1_IRQHandler
                0x08000188       0x80 ..\obj\bluetooth.o
                0x08000188                USART1_IRQHandler
 .text.bluetooth_setup
                0x08000208       0x54 ..\obj\bluetooth.o
                0x08000208                bluetooth_setup
 .text.usart_rxtx
                0x0800025c       0x10 ..\obj\bluetooth.o
                0x0800025c                usart_rxtx
 .text.GPIO_Configuration
                0x0800026c       0x58 ..\obj\bluetooth.o
                0x0800026c                GPIO_Configuration
 .text.USART_Configuration
                0x080002c4       0x40 ..\obj\bluetooth.o
                0x080002c4                USART_Configuration
 .text.NVIC_Configuration
                0x08000304       0x28 ..\obj\bluetooth.o
                0x08000304                NVIC_Configuration
 .text.UARTSend
                0x0800032c       0x44 ..\obj\bluetooth.o
                0x0800032c                UARTSend
 .text.USART_Init
                0x08000370      0x174 ..\obj\stm32f4xx_usart.o
                0x08000370                USART_Init
 .text.USART_Cmd
                0x080004e4       0x40 ..\obj\stm32f4xx_usart.o
                0x080004e4                USART_Cmd
 .text.USART_SendData
                0x08000524       0x24 ..\obj\stm32f4xx_usart.o
                0x08000524                USART_SendData
 .text.USART_ReceiveData
                0x08000548       0x20 ..\obj\stm32f4xx_usart.o
                0x08000548                USART_ReceiveData
 .text.USART_ITConfig
                0x08000568       0x90 ..\obj\stm32f4xx_usart.o
                0x08000568                USART_ITConfig
 .text.USART_GetFlagStatus
                0x080005f8       0x38 ..\obj\stm32f4xx_usart.o
                0x080005f8                USART_GetFlagStatus
 .text.Default_Reset_Handler
                0x08000630       0x70 ..\obj\startup_stm32f4xx.o
                0x08000630                Default_Reset_Handler
                0x08000630                Reset_Handler
 .text.Default_Handler
                0x080006a0        0x8 ..\obj\startup_stm32f4xx.o
                0x080006a0                RTC_Alarm_IRQHandler
                0x080006a0                HASH_RNG_IRQHandler
                0x080006a0                EXTI2_IRQHandler
                0x080006a0                TIM8_CC_IRQHandler
                0x080006a0                DebugMon_Handler
                0x080006a0                TIM1_CC_IRQHandler
                0x080006a0                DMA2_Stream5_IRQHandler
                0x080006a0                HardFault_Handler
                0x080006a0                DMA1_Stream5_IRQHandler
                0x080006a0                PVD_IRQHandler
                0x080006a0                SDIO_IRQHandler
                0x080006a0                TAMP_STAMP_IRQHandler
                0x080006a0                NMI_Handler
                0x080006a0                CAN2_RX1_IRQHandler
                0x080006a0                EXTI3_IRQHandler
                0x080006a0                TIM8_TRG_COM_TIM14_IRQHandler
                0x080006a0                TIM1_UP_TIM10_IRQHandler
                0x080006a0                TIM8_UP_TIM13_IRQHandler
                0x080006a0                I2C3_ER_IRQHandler
                0x080006a0                EXTI0_IRQHandler
                0x080006a0                I2C2_EV_IRQHandler
                0x080006a0                DMA1_Stream2_IRQHandler
                0x080006a0                CAN1_RX0_IRQHandler
                0x080006a0                FPU_IRQHandler
                0x080006a0                OTG_HS_WKUP_IRQHandler
                0x080006a0                UsageFault_Handler
                0x080006a0                CAN2_SCE_IRQHandler
                0x080006a0                DMA2_Stream2_IRQHandler
                0x080006a0                SPI1_IRQHandler
                0x080006a0                TIM6_DAC_IRQHandler
                0x080006a0                TIM1_BRK_TIM9_IRQHandler
                0x080006a0                DCMI_IRQHandler
                0x080006a0                CAN2_RX0_IRQHandler
                0x080006a0                DMA2_Stream3_IRQHandler
                0x080006a0                USART6_IRQHandler
                0x080006a0                USART3_IRQHandler
                0x080006a0                CRYP_IRQHandler
                0x080006a0                CAN1_RX1_IRQHandler
                0x080006a0                UART5_IRQHandler
                0x080006a0                DMA2_Stream0_IRQHandler
                0x080006a0                TIM4_IRQHandler
                0x080006a0                I2C1_EV_IRQHandler
                0x080006a0                DMA1_Stream6_IRQHandler
                0x080006a0                DMA1_Stream1_IRQHandler
                0x080006a0                UART4_IRQHandler
                0x080006a0                TIM3_IRQHandler
                0x080006a0                RCC_IRQHandler
                0x080006a0                TIM8_BRK_TIM12_IRQHandler
                0x080006a0                EXTI15_10_IRQHandler
                0x080006a0                ADC_IRQHandler
                0x080006a0                DMA1_Stream7_IRQHandler
                0x080006a0                TIM7_IRQHandler
                0x080006a0                CAN2_TX_IRQHandler
                0x080006a0                TIM5_IRQHandler
                0x080006a0                DMA2_Stream7_IRQHandler
                0x080006a0                I2C3_EV_IRQHandler
                0x080006a0                EXTI9_5_IRQHandler
                0x080006a0                RTC_WKUP_IRQHandler
                0x080006a0                ETH_WKUP_IRQHandler
                0x080006a0                SPI2_IRQHandler
                0x080006a0                OTG_HS_EP1_IN_IRQHandler
                0x080006a0                MemManage_Handler
                0x080006a0                DMA1_Stream0_IRQHandler
                0x080006a0                CAN1_TX_IRQHandler
                0x080006a0                EXTI4_IRQHandler
                0x080006a0                FSMC_IRQHandler
                0x080006a0                ETH_IRQHandler
                0x080006a0                OTG_HS_EP1_OUT_IRQHandler
                0x080006a0                WWDG_IRQHandler
                0x080006a0                TIM2_IRQHandler
                0x080006a0                OTG_FS_WKUP_IRQHandler
                0x080006a0                TIM1_TRG_COM_TIM11_IRQHandler
                0x080006a0                OTG_HS_IRQHandler
                0x080006a0                EXTI1_IRQHandler
                0x080006a0                USART2_IRQHandler
                0x080006a0                I2C2_ER_IRQHandler
                0x080006a0                DMA2_Stream1_IRQHandler
                0x080006a0                CAN1_SCE_IRQHandler
                0x080006a0                FLASH_IRQHandler
                0x080006a0                DMA2_Stream4_IRQHandler
                0x080006a0                BusFault_Handler
                0x080006a0                OTG_FS_IRQHandler
                0x080006a0                SPI3_IRQHandler
                0x080006a0                DMA1_Stream4_IRQHandler
                0x080006a0                I2C1_ER_IRQHandler
                0x080006a0                DMA2_Stream6_IRQHandler
                0x080006a0                DMA1_Stream3_IRQHandler
 .text.setup    0x080006a8        0xc ..\obj\main.o
                0x080006a8                setup
 .text.vTaskBluetooth
                0x080006b4       0x14 ..\obj\main.o
                0x080006b4                vTaskBluetooth
 .text.main     0x080006c8       0x34 ..\obj\main.o
                0x080006c8                main
 .text.RCC_GetClocksFreq
                0x080006fc      0x154 ..\obj\stm32f4xx_rcc.o
                0x080006fc                RCC_GetClocksFreq
 .text.RCC_AHB1PeriphClockCmd
                0x08000850       0x40 ..\obj\stm32f4xx_rcc.o
                0x08000850                RCC_AHB1PeriphClockCmd
 .text.xTimerCreateTimerTask
                0x08000890       0x58 ..\obj\timers.o
                0x08000890                xTimerCreateTimerTask
 .text.xTimerGenericCommand
                0x080008e8       0x80 ..\obj\timers.o
                0x080008e8                xTimerGenericCommand
 .text.prvProcessExpiredTimer
                0x08000968       0x70 ..\obj\timers.o
 .text.prvTimerTask
                0x080009d8       0x24 ..\obj\timers.o
 .text.prvProcessTimerOrBlockTask
                0x080009fc       0x6c ..\obj\timers.o
 .text.prvGetNextExpireTime
                0x08000a68       0x48 ..\obj\timers.o
 .text.prvSampleTimeNow
                0x08000ab0       0x40 ..\obj\timers.o
 .text.prvInsertTimerInActiveList
                0x08000af0       0x84 ..\obj\timers.o
 .text.prvProcessReceivedCommands
                0x08000b74       0xec ..\obj\timers.o
 .text.prvSwitchTimerLists
                0x08000c60       0xb4 ..\obj\timers.o
 .text.prvCheckForValidListAndQueue
                0x08000d14       0x7c ..\obj\timers.o
 .text.xTaskGenericCreate
                0x08000d90      0x168 ..\obj\tasks.o
                0x08000d90                xTaskGenericCreate
 .text.vTaskDelay
                0x08000ef8       0x64 ..\obj\tasks.o
                0x08000ef8                vTaskDelay
 .text.vTaskStartScheduler
                0x08000f5c       0x70 ..\obj\tasks.o
                0x08000f5c                vTaskStartScheduler
 .text.vTaskSuspendAll
                0x08000fcc       0x1c ..\obj\tasks.o
                0x08000fcc                vTaskSuspendAll
 .text.xTaskResumeAll
                0x08000fe8      0x10c ..\obj\tasks.o
                0x08000fe8                xTaskResumeAll
 .text.xTaskGetTickCount
                0x080010f4       0x24 ..\obj\tasks.o
                0x080010f4                xTaskGetTickCount
 .text.xTaskIncrementTick
                0x08001118      0x170 ..\obj\tasks.o
                0x08001118                xTaskIncrementTick
 .text.vTaskSwitchContext
                0x08001288       0xa4 ..\obj\tasks.o
                0x08001288                vTaskSwitchContext
 .text.vTaskPlaceOnEventList
                0x0800132c       0x6c ..\obj\tasks.o
                0x0800132c                vTaskPlaceOnEventList
 .text.vTaskPlaceOnEventListRestricted
                0x08001398       0x50 ..\obj\tasks.o
                0x08001398                vTaskPlaceOnEventListRestricted
 .text.xTaskRemoveFromEventList
                0x080013e8       0xb8 ..\obj\tasks.o
                0x080013e8                xTaskRemoveFromEventList
 .text.vTaskSetTimeOutState
                0x080014a0       0x34 ..\obj\tasks.o
                0x080014a0                vTaskSetTimeOutState
 .text.xTaskCheckForTimeOut
                0x080014d4       0xa0 ..\obj\tasks.o
                0x080014d4                xTaskCheckForTimeOut
 .text.vTaskMissedYield
                0x08001574       0x18 ..\obj\tasks.o
                0x08001574                vTaskMissedYield
 .text.prvIdleTask
                0x0800158c       0x20 ..\obj\tasks.o
 .text.prvInitialiseTCBVariables
                0x080015ac       0x94 ..\obj\tasks.o
 .text.prvInitialiseTaskLists
                0x08001640       0x80 ..\obj\tasks.o
 .text.prvCheckTasksWaitingTermination
                0x080016c0       0x78 ..\obj\tasks.o
 .text.prvAddCurrentTaskToDelayedList
                0x08001738       0x6c ..\obj\tasks.o
 .text.prvAllocateTCBAndStack
                0x080017a4       0x64 ..\obj\tasks.o
 .text.prvDeleteTCB
                0x08001808       0x20 ..\obj\tasks.o
 .text.prvResetNextTaskUnblockTime
                0x08001828       0x4c ..\obj\tasks.o
 .text.xTaskGetCurrentTaskHandle
                0x08001874       0x20 ..\obj\tasks.o
                0x08001874                xTaskGetCurrentTaskHandle
 .text.xTaskGetSchedulerState
                0x08001894       0x3c ..\obj\tasks.o
                0x08001894                xTaskGetSchedulerState
 .text.vTaskPriorityInherit
                0x080018d0       0xbc ..\obj\tasks.o
                0x080018d0                vTaskPriorityInherit
 .text.vTaskPriorityDisinherit
                0x0800198c       0x84 ..\obj\tasks.o
                0x0800198c                vTaskPriorityDisinherit
 .text.GPIO_Init
                0x08001a10      0x11c ..\obj\stm32f4xx_gpio.o
                0x08001a10                GPIO_Init
 .text.GPIO_WriteBit
                0x08001b2c       0x30 ..\obj\stm32f4xx_gpio.o
                0x08001b2c                GPIO_WriteBit
 .text.vListInitialise
                0x08001b5c       0x40 ..\obj\list.o
                0x08001b5c                vListInitialise
 .text.vListInitialiseItem
                0x08001b9c       0x1c ..\obj\list.o
                0x08001b9c                vListInitialiseItem
 .text.vListInsertEnd
                0x08001bb8       0x48 ..\obj\list.o
                0x08001bb8                vListInsertEnd
 .text.vListInsert
                0x08001c00       0x74 ..\obj\list.o
                0x08001c00                vListInsert
 .text.uxListRemove
                0x08001c74       0x54 ..\obj\list.o
                0x08001c74                uxListRemove
 .text.SystemInit
                0x08001cc8       0x6c ..\obj\system_stm32f4xx.o
                0x08001cc8                SystemInit
 .text.SetSysClock
                0x08001d34       0xf8 ..\obj\system_stm32f4xx.o
 .text.pxPortInitialiseStack
                0x08001e2c       0x64 ..\obj\port.o
                0x08001e2c                pxPortInitialiseStack
 .text.prvTaskExitError
                0x08001e90       0x20 ..\obj\port.o
 .text.SVC_Handler
                0x08001eb0       0x24 ..\obj\port.o
                0x08001eb0                SVC_Handler
 .text.prvPortStartFirstTask
                0x08001ed4       0x20 ..\obj\port.o
 .text.xPortStartScheduler
                0x08001ef4       0xd0 ..\obj\port.o
                0x08001ef4                xPortStartScheduler
 .text.vPortYield
                0x08001fc4       0x24 ..\obj\port.o
                0x08001fc4                vPortYield
 .text.vPortEnterCritical
                0x08001fe8       0x24 ..\obj\port.o
                0x08001fe8                vPortEnterCritical
 .text.vPortExitCritical
                0x0800200c       0x34 ..\obj\port.o
                0x0800200c                vPortExitCritical
 .text.ulPortSetInterruptMask
                0x08002040       0x14 ..\obj\port.o
                0x08002040                ulPortSetInterruptMask
 .text.vPortClearInterruptMask
                0x08002054        0x8 ..\obj\port.o
                0x08002054                vPortClearInterruptMask
 .text.PendSV_Handler
                0x0800205c       0x5c ..\obj\port.o
                0x0800205c                PendSV_Handler
 .text.SysTick_Handler
                0x080020b8       0x28 ..\obj\port.o
                0x080020b8                SysTick_Handler
 .text.vPortSetupTimerInterrupt
                0x080020e0       0x38 ..\obj\port.o
                0x080020e0                vPortSetupTimerInterrupt
 .text.vPortEnableVFP
                0x08002118       0x14 ..\obj\port.o
 .text.vPortValidateInterruptPriority
                0x0800212c       0x5c ..\obj\port.o
                0x0800212c                vPortValidateInterruptPriority
 .text.xQueueGenericReset
                0x08002188       0xb0 ..\obj\queue.o
                0x08002188                xQueueGenericReset
 .text.xQueueGenericCreate
                0x08002238       0x84 ..\obj\queue.o
                0x08002238                xQueueGenericCreate
 .text.xQueueGenericSend
                0x080022bc      0x178 ..\obj\queue.o
                0x080022bc                xQueueGenericSend
 .text.xQueueGenericSendFromISR
                0x08002434       0xd4 ..\obj\queue.o
                0x08002434                xQueueGenericSendFromISR
 .text.xQueueGenericReceive
                0x08002508      0x1b8 ..\obj\queue.o
                0x08002508                xQueueGenericReceive
 .text.prvCopyDataToQueue
                0x080026c0       0xd0 ..\obj\queue.o
 .text.prvCopyDataFromQueue
                0x08002790       0x4c ..\obj\queue.o
 .text.prvUnlockQueue
                0x080027dc       0x98 ..\obj\queue.o
 .text.prvIsQueueEmpty
                0x08002874       0x2c ..\obj\queue.o
 .text.prvIsQueueFull
                0x080028a0       0x30 ..\obj\queue.o
 .text.vQueueAddToRegistry
                0x080028d0       0x50 ..\obj\queue.o
                0x080028d0                vQueueAddToRegistry
 .text.vQueueWaitForMessageRestricted
                0x08002920       0x58 ..\obj\queue.o
                0x08002920                vQueueWaitForMessageRestricted
 .text.NVIC_Init
                0x08002978       0xc4 ..\obj\misc.o
                0x08002978                NVIC_Init
 .text.pvPortMalloc
                0x08002a3c      0x11c ..\obj\heap_2.o
                0x08002a3c                pvPortMalloc
 .text.vPortFree
                0x08002b58       0x74 ..\obj\heap_2.o
                0x08002b58                vPortFree
 .text.prvHeapInit
                0x08002bcc       0x54 ..\obj\heap_2.o
 .text          0x08002c20      0x134 c:/program files (x86)/gnu tools arm embedded/5.4 2016q3/bin/../lib/gcc/arm-none-eabi/5.4.1/../../../../arm-none-eabi/lib/armv7e-m\libg.a(lib_a-memcpy.o)
                0x08002c20                memcpy
 .text.memset   0x08002d54       0x9c c:/program files (x86)/gnu tools arm embedded/5.4 2016q3/bin/../lib/gcc/arm-none-eabi/5.4.1/../../../../arm-none-eabi/lib/armv7e-m\libg.a(lib_a-memset.o)
                0x08002d54                memset
 *(.glue_7t)
 .glue_7t       0x08002df0        0x0 linker stubs
 *(.glue_7)
 .glue_7        0x08002df0        0x0 linker stubs
 *(.rodata .rodata* .gnu.linkonce.r.*)
 .rodata        0x08002df0      0x219 ..\obj\bluetooth.o
 *fill*         0x08003009        0x3 
 .rodata        0x0800300c        0xa ..\obj\main.o
 *fill*         0x08003016        0x2 
 .rodata        0x08003018        0xd ..\obj\timers.o
 *fill*         0x08003025        0x3 
 .rodata        0x08003028        0x5 ..\obj\tasks.o

.vfp11_veneer   0x08003030        0x0
 .vfp11_veneer  0x08003030        0x0 linker stubs

.v4_bx          0x08003030        0x0
 .v4_bx         0x08003030        0x0 linker stubs

.iplt           0x08003030        0x0
 .iplt          0x08003030        0x0 ..\obj\bluetooth.o

.rel.dyn        0x08003030        0x0
 .rel.iplt      0x08003030        0x0 ..\obj\bluetooth.o

.ARM.extab
 *(.ARM.extab* .gnu.linkonce.armextab.*)
                0x08003030                __exidx_start = .

.ARM.exidx
 *(.ARM.exidx* .gnu.linkonce.armexidx.*)
                0x08003030                __exidx_end = .
                0x08003030                . = ALIGN (0x4)
                0x08003030                _etext = .
                0x08003030                _sidata = .

.data           0x20000000       0x30 load address 0x08003030
                0x20000000                _sdata = .
 *(.data .data.*)
 .data          0x20000000       0x10 ..\obj\stm32f4xx_rcc.o
 .data          0x20000010        0x4 ..\obj\tasks.o
 .data          0x20000014       0x14 ..\obj\system_stm32f4xx.o
                0x20000014                SystemCoreClock
                0x20000018                AHBPrescTable
 .data          0x20000028        0x4 ..\obj\port.o
 .data          0x2000002c        0x4 ..\obj\heap_2.o
                0x20000030                . = ALIGN (0x4)
                0x20000030                _edata = .

.igot.plt       0x20000030        0x0 load address 0x08003060
 .igot.plt      0x20000030        0x0 ..\obj\bluetooth.o

.bss            0x20000030    0x12d98 load address 0x08003060
                0x20000030                _sbss = .
 *(.bss .bss.*)
 .bss           0x20000030       0x38 ..\obj\timers.o
 .bss           0x20000068       0xfc ..\obj\tasks.o
                0x20000068                pxCurrentTCB
 .bss           0x20000164        0x8 ..\obj\port.o
 .bss           0x2000016c    0x12c14 ..\obj\heap_2.o
 *(COMMON)
 COMMON         0x20012d80        0x8 ..\obj\bluetooth.o
                0x20012d80                i
                0x20012d84                count
 COMMON         0x20012d88       0x40 ..\obj\queue.o
                0x20012d88                xQueueRegistry
                0x20012dc8                . = ALIGN (0x4)
                0x20012dc8                _ebss = .

.co_stack       0x20012dc8      0x800 load address 0x08015df8
                0x20012dc8                . = ALIGN (0x8)
 *(.co_stack .co_stack.*)
 .co_stack      0x20012dc8      0x800 ..\obj\startup_stm32f4xx.o
                0x20012dc8                pulStack
                0x200135c8                . = ALIGN (0x4)
                0x200135c8                _end = .
LOAD ..\obj\bluetooth.o
LOAD ..\obj\stm32f4xx_usart.o
LOAD ..\obj\stm32f4xx_pwr.o
LOAD ..\obj\stm32f4xx_can.o
LOAD ..\obj\startup_stm32f4xx.o
LOAD ..\obj\main.o
LOAD ..\obj\stm32f4xx_rcc.o
LOAD ..\obj\timers.o
LOAD ..\obj\stm32f4xx_dcmi.o
LOAD ..\obj\tasks.o
LOAD ..\obj\stm32f4xx_gpio.o
LOAD ..\obj\list.o
LOAD ..\obj\system_stm32f4xx.o
LOAD ..\obj\port.o
LOAD ..\obj\queue.o
LOAD ..\obj\croutine.o
LOAD ..\obj\misc.o
LOAD ..\obj\heap_2.o
LOAD ..\obj\stm32f4xx_tim.o
START GROUP
LOAD c:/program files (x86)/gnu tools arm embedded/5.4 2016q3/bin/../lib/gcc/arm-none-eabi/5.4.1/armv7e-m\libgcc.a
LOAD c:/program files (x86)/gnu tools arm embedded/5.4 2016q3/bin/../lib/gcc/arm-none-eabi/5.4.1/../../../../arm-none-eabi/lib/armv7e-m\libg.a
LOAD c:/program files (x86)/gnu tools arm embedded/5.4 2016q3/bin/../lib/gcc/arm-none-eabi/5.4.1/../../../../arm-none-eabi/lib/armv7e-m\libc.a
END GROUP
OUTPUT(dev.elf elf32-littlearm)

.debug_info     0x00000000     0x60c8
 .debug_info    0x00000000      0x872 ..\obj\bluetooth.o
 .debug_info    0x00000872      0x9ca ..\obj\stm32f4xx_usart.o
 .debug_info    0x0000123c      0x107 ..\obj\startup_stm32f4xx.o
 .debug_info    0x00001343      0x22b ..\obj\main.o
 .debug_info    0x0000156e      0xc63 ..\obj\stm32f4xx_rcc.o
 .debug_info    0x000021d1      0x7a4 ..\obj\timers.o
 .debug_info    0x00002975     0x11a9 ..\obj\tasks.o
 .debug_info    0x00003b1e      0x61a ..\obj\stm32f4xx_gpio.o
 .debug_info    0x00004138      0x2a0 ..\obj\list.o
 .debug_info    0x000043d8      0x5c5 ..\obj\system_stm32f4xx.o
 .debug_info    0x0000499d      0x364 ..\obj\port.o
 .debug_info    0x00004d01      0xb92 ..\obj\queue.o
 .debug_info    0x00005893      0x556 ..\obj\misc.o
 .debug_info    0x00005de9      0x2df ..\obj\heap_2.o

.debug_abbrev   0x00000000     0x1472
 .debug_abbrev  0x00000000      0x214 ..\obj\bluetooth.o
 .debug_abbrev  0x00000214      0x157 ..\obj\stm32f4xx_usart.o
 .debug_abbrev  0x0000036b       0xd1 ..\obj\startup_stm32f4xx.o
 .debug_abbrev  0x0000043c      0x100 ..\obj\main.o
 .debug_abbrev  0x0000053c      0x1e5 ..\obj\stm32f4xx_rcc.o
 .debug_abbrev  0x00000721      0x186 ..\obj\timers.o
 .debug_abbrev  0x000008a7      0x226 ..\obj\tasks.o
 .debug_abbrev  0x00000acd      0x1a7 ..\obj\stm32f4xx_gpio.o
 .debug_abbrev  0x00000c74       0xbc ..\obj\list.o
 .debug_abbrev  0x00000d30      0x138 ..\obj\system_stm32f4xx.o
 .debug_abbrev  0x00000e68      0x1ac ..\obj\port.o
 .debug_abbrev  0x00001014      0x1c7 ..\obj\queue.o
 .debug_abbrev  0x000011db      0x147 ..\obj\misc.o
 .debug_abbrev  0x00001322      0x150 ..\obj\heap_2.o

.debug_aranges  0x00000000      0x848
 .debug_aranges
                0x00000000       0x60 ..\obj\bluetooth.o
 .debug_aranges
                0x00000060      0x100 ..\obj\stm32f4xx_usart.o
 .debug_aranges
                0x00000160       0x28 ..\obj\startup_stm32f4xx.o
 .debug_aranges
                0x00000188       0x38 ..\obj\main.o
 .debug_aranges
                0x000001c0      0x178 ..\obj\stm32f4xx_rcc.o
 .debug_aranges
                0x00000338       0x88 ..\obj\timers.o
 .debug_aranges
                0x000003c0      0x180 ..\obj\tasks.o
 .debug_aranges
                0x00000540       0x88 ..\obj\stm32f4xx_gpio.o
 .debug_aranges
                0x000005c8       0x40 ..\obj\list.o
 .debug_aranges
                0x00000608       0x30 ..\obj\system_stm32f4xx.o
 .debug_aranges
                0x00000638       0x98 ..\obj\port.o
 .debug_aranges
                0x000006d0       0xf8 ..\obj\queue.o
 .debug_aranges
                0x000007c8       0x40 ..\obj\misc.o
 .debug_aranges
                0x00000808       0x40 ..\obj\heap_2.o

.debug_ranges   0x00000000      0x768
 .debug_ranges  0x00000000       0x50 ..\obj\bluetooth.o
 .debug_ranges  0x00000050       0xf0 ..\obj\stm32f4xx_usart.o
 .debug_ranges  0x00000140       0x18 ..\obj\startup_stm32f4xx.o
 .debug_ranges  0x00000158       0x28 ..\obj\main.o
 .debug_ranges  0x00000180      0x168 ..\obj\stm32f4xx_rcc.o
 .debug_ranges  0x000002e8       0x78 ..\obj\timers.o
 .debug_ranges  0x00000360      0x170 ..\obj\tasks.o
 .debug_ranges  0x000004d0       0x78 ..\obj\stm32f4xx_gpio.o
 .debug_ranges  0x00000548       0x30 ..\obj\list.o
 .debug_ranges  0x00000578       0x20 ..\obj\system_stm32f4xx.o
 .debug_ranges  0x00000598       0x88 ..\obj\port.o
 .debug_ranges  0x00000620       0xe8 ..\obj\queue.o
 .debug_ranges  0x00000708       0x30 ..\obj\misc.o
 .debug_ranges  0x00000738       0x30 ..\obj\heap_2.o

.debug_line     0x00000000     0x3e09
 .debug_line    0x00000000      0x463 ..\obj\bluetooth.o
 .debug_line    0x00000463      0x559 ..\obj\stm32f4xx_usart.o
 .debug_line    0x000009bc       0xc2 ..\obj\startup_stm32f4xx.o
 .debug_line    0x00000a7e      0x2d0 ..\obj\main.o
 .debug_line    0x00000d4e      0x645 ..\obj\stm32f4xx_rcc.o
 .debug_line    0x00001393      0x436 ..\obj\timers.o
 .debug_line    0x000017c9      0xb01 ..\obj\tasks.o
 .debug_line    0x000022ca      0x400 ..\obj\stm32f4xx_gpio.o
 .debug_line    0x000026ca      0x2b5 ..\obj\list.o
 .debug_line    0x0000297f      0x242 ..\obj\system_stm32f4xx.o
 .debug_line    0x00002bc1      0x435 ..\obj\port.o
 .debug_line    0x00002ff6      0x837 ..\obj\queue.o
 .debug_line    0x0000382d      0x2de ..\obj\misc.o
 .debug_line    0x00003b0b      0x2fe ..\obj\heap_2.o

.debug_str      0x00000000     0x3225
 .debug_str     0x00000000      0xa6d ..\obj\bluetooth.o
                                0xadb (size before relaxing)
 .debug_str     0x00000a6d      0x43d ..\obj\stm32f4xx_usart.o
                                0x6d4 (size before relaxing)
 .debug_str     0x00000eaa       0xdb ..\obj\startup_stm32f4xx.o
                                0x197 (size before relaxing)
 .debug_str     0x00000f85       0x93 ..\obj\main.o
                                0x267 (size before relaxing)
 .debug_str     0x00001018      0x603 ..\obj\stm32f4xx_rcc.o
                                0x895 (size before relaxing)
 .debug_str     0x0000161b      0x4a2 ..\obj\timers.o
                                0x673 (size before relaxing)
 .debug_str     0x00001abd      0x972 ..\obj\tasks.o
                                0xc08 (size before relaxing)
 .debug_str     0x0000242f      0x1b1 ..\obj\stm32f4xx_gpio.o
                                0x4e8 (size before relaxing)
 .debug_str     0x000025e0       0xec ..\obj\list.o
                                0x2f1 (size before relaxing)
 .debug_str     0x000026cc      0x12d ..\obj\system_stm32f4xx.o
                                0x3ef (size before relaxing)
 .debug_str     0x000027f9      0x27e ..\obj\port.o
                                0x469 (size before relaxing)
 .debug_str     0x00002a77      0x487 ..\obj\queue.o
                                0x774 (size before relaxing)
 .debug_str     0x00002efe      0x181 ..\obj\misc.o
                                0x413 (size before relaxing)
 .debug_str     0x0000307f      0x1a6 ..\obj\heap_2.o
                                0x33c (size before relaxing)

.comment        0x00000000       0x6e
 .comment       0x00000000       0x6e ..\obj\bluetooth.o
                                 0x6f (size before relaxing)
 .comment       0x0000006e       0x6f ..\obj\stm32f4xx_usart.o
 .comment       0x0000006e       0x6f ..\obj\startup_stm32f4xx.o
 .comment       0x0000006e       0x6f ..\obj\main.o
 .comment       0x0000006e       0x6f ..\obj\stm32f4xx_rcc.o
 .comment       0x0000006e       0x6f ..\obj\timers.o
 .comment       0x0000006e       0x6f ..\obj\tasks.o
 .comment       0x0000006e       0x6f ..\obj\stm32f4xx_gpio.o
 .comment       0x0000006e       0x6f ..\obj\list.o
 .comment       0x0000006e       0x6f ..\obj\system_stm32f4xx.o
 .comment       0x0000006e       0x6f ..\obj\port.o
 .comment       0x0000006e       0x6f ..\obj\queue.o
 .comment       0x0000006e       0x6f ..\obj\misc.o
 .comment       0x0000006e       0x6f ..\obj\heap_2.o

.ARM.attributes
                0x00000000       0x35
 .ARM.attributes
                0x00000000       0x37 ..\obj\bluetooth.o
 .ARM.attributes
                0x00000037       0x37 ..\obj\stm32f4xx_usart.o
 .ARM.attributes
                0x0000006e       0x37 ..\obj\startup_stm32f4xx.o
 .ARM.attributes
                0x000000a5       0x37 ..\obj\main.o
 .ARM.attributes
                0x000000dc       0x37 ..\obj\stm32f4xx_rcc.o
 .ARM.attributes
                0x00000113       0x37 ..\obj\timers.o
 .ARM.attributes
                0x0000014a       0x37 ..\obj\tasks.o
 .ARM.attributes
                0x00000181       0x37 ..\obj\stm32f4xx_gpio.o
 .ARM.attributes
                0x000001b8       0x37 ..\obj\list.o
 .ARM.attributes
                0x000001ef       0x37 ..\obj\system_stm32f4xx.o
 .ARM.attributes
                0x00000226       0x37 ..\obj\port.o
 .ARM.attributes
                0x0000025d       0x37 ..\obj\queue.o
 .ARM.attributes
                0x00000294       0x37 ..\obj\misc.o
 .ARM.attributes
                0x000002cb       0x37 ..\obj\heap_2.o
 .ARM.attributes
                0x00000302       0x1c c:/program files (x86)/gnu tools arm embedded/5.4 2016q3/bin/../lib/gcc/arm-none-eabi/5.4.1/../../../../arm-none-eabi/lib/armv7e-m\libg.a(lib_a-memcpy.o)
 .ARM.attributes
                0x0000031e       0x2e c:/program files (x86)/gnu tools arm embedded/5.4 2016q3/bin/../lib/gcc/arm-none-eabi/5.4.1/../../../../arm-none-eabi/lib/armv7e-m\libg.a(lib_a-memset.o)

.debug_frame    0x00000000     0x2138
 .debug_frame   0x00000000      0x15c ..\obj\bluetooth.o
 .debug_frame   0x0000015c      0x490 ..\obj\stm32f4xx_usart.o
 .debug_frame   0x000005ec       0x4c ..\obj\startup_stm32f4xx.o
 .debug_frame   0x00000638       0x8c ..\obj\main.o
 .debug_frame   0x000006c4      0x6d4 ..\obj\stm32f4xx_rcc.o
 .debug_frame   0x00000d98      0x20c ..\obj\timers.o
 .debug_frame   0x00000fa4      0x670 ..\obj\tasks.o
 .debug_frame   0x00001614      0x23c ..\obj\stm32f4xx_gpio.o
 .debug_frame   0x00001850       0xd8 ..\obj\list.o
 .debug_frame   0x00001928       0x7c ..\obj\system_stm32f4xx.o
 .debug_frame   0x000019a4      0x1ac ..\obj\port.o
 .debug_frame   0x00001b50      0x41c ..\obj\queue.o
 .debug_frame   0x00001f6c       0xd8 ..\obj\misc.o
 .debug_frame   0x00002044       0xc0 ..\obj\heap_2.o
 .debug_frame   0x00002104       0x34 c:/program files (x86)/gnu tools arm embedded/5.4 2016q3/bin/../lib/gcc/arm-none-eabi/5.4.1/../../../../arm-none-eabi/lib/armv7e-m\libg.a(lib_a-memset.o)
